204.18.198.248 - - [22/Jan/2019:03:59:09 +0330] "GET /m/product/3597/2542/%D8%A2%D8%A8-%D9%BE%D8%B1%D8%AA%D9%82%D8%A7%D9%84-%DA%AF%DB%8C%D8%B1%DB%8C-%D8%AA%D9%81%D8%A7%D9%84-%D9%85%D8%AF%D9%84-8309 HTTP/1.1" 200 20382 "https://www.zanbil.ir/m/filter/p1233?page=1" "Mozilla/5.0 (iPhone; CPU iPhone OS 12_1 like Mac OS X) AppleWebKit/605.1.15 (KHTML, like Gecko) Version/12.0 Mobile/15E148 Safari/604.1" "-"
95.81.118.56 - - [22/Jan/2019:03:59:09 +0330] "GET /static/bundle-bundle_site_head.css HTTP/1.1" 200 55531 "https://www.zanbil.ir/filter/b1,p62" "Mozilla/5.0 (Windows NT 6.1; Win64; x64) AppleWebKit/537.36 (KHTML, like Gecko) Chrome/71.0.3578.98 Safari/537.36" "-"
130.185.74.243 - - [22/Jan/2019:03:59:09 +0330] "GET /filter/stexists,p8391,b80?page=8 HTTP/1.1" 200 31013 "-" "Mozilla/5.0 (Windows NT 6.1; rv:42.0) Gecko/20100101 Firefox/42.0" "-"
204.18.198.248 - - [22/Jan/2019:03:59:09 +0330] "GET /settings/logo HTTP/1.1" 200 4120 "https://www.zanbil.ir/m/product/3597/2542/%D8%A2%D8%A8-%D9%BE%D8%B1%D8%AA%D9%82%D8%A7%D9%84-%DA%AF%DB%8C%D8%B1%DB%8C-%D8%AA%D9%81%D8%A7%D9%84-%D9%85%D8%AF%D9%84-8309" "Mozilla/5.0 (iPhone; CPU iPhone OS 12_1 like Mac OS X) AppleWebKit/605.1.15 (KHTML, like Gecko) Version/12.0 Mobile/15E148 Safari/604.1" "-"
95.81.118.56 - - [22/Jan/2019:03:59:09 +0330] "GET /image/%7B%7BbasketItem.id%7D%7D?type=productModel&wh=50x50 HTTP/1.1" 200 5 "https://www.zanbil.ir/filter/b1,p62" "Mozilla/5.0 (Windows NT 6.1; Win64; x64) AppleWebKit/537.36 (KHTML, like Gecko) Chrome/71.0.3578.98 Safari/537.36" "-"
5.115.54.117 - - [22/Jan/2019:03:59:09 +0330] "GET /favicon.ico HTTP/1.1" 200 0 "-" "Mozilla/5.0 (Android 8.0.0; Mobile; rv:62.0.3) Gecko/62.0.3 Firefox/62.0.3" "-"
5.115.54.117 - - [22/Jan/2019:03:59:10 +0330] "GET /image/180/brand HTTP/1.1" 200 2566 "https://www.zanbil.ir/m/browse/fryer/%D8%B3%D8%B1%D8%AE-%DA%A9%D9%86" "Mozilla/5.0 (Android 8.0.0; Mobile; rv:62.0) Gecko/62.0 Firefox/62.0" "-"
5.115.54.117 - - [22/Jan/2019:03:59:10 +0330] "GET /image/185/brand HTTP/1.1" 200 2299 "https://www.zanbil.ir/m/browse/fryer/%D8%B3%D8%B1%D8%AE-%DA%A9%D9%86" "Mozilla/5.0 (Android 8.0.0; Mobile; rv:62.0) Gecko/62.0 Firefox/62.0" "-"
5.115.54.117 - - [22/Jan/2019:03:59:10 +0330] "GET /image/3/brand HTTP/1.1" 200 2885 "https://www.zanbil.ir/m/browse/fryer/%D8%B3%D8%B1%D8%AE-%DA%A9%D9%86" "Mozilla/5.0 (Android 8.0.0; Mobile; rv:62.0) Gecko/62.0 Firefox/62.0" "-"
204.18.198.248 - - [22/Jan/2019:03:59:10 +0330] "GET /image/3597?name=1.jpg&wh=max HTTP/1.1" 200 32137 "https://www.zanbil.ir/m/product/3597/2542/%D8%A2%D8%A8-%D9%BE%D8%B1%D8%AA%D9%82%D8%A7%D9%84-%DA%AF%DB%8C%D8%B1%DB%8C-%D8%AA%D9%81%D8%A7%D9%84-%D9%85%D8%AF%D9%84-8309" "Mozilla/5.0 (iPhone; CPU iPhone OS 12_1 like Mac OS X) AppleWebKit/605.1.15 (KHTML, like Gecko) Version/12.0 Mobile/15E148 Safari/604.1" "-"
89.47.79.75 - - [22/Jan/2019:03:59:10 +0330] "GET /image/1218/mainSlide HTTP/1.1" 200 91935 "https://www.zanbil.ir/" "Mozilla/5.0 (Windows NT 6.3; Win64; x64) AppleWebKit/537.36 (KHTML, like Gecko) Chrome/71.0.3578.98 Safari/537.36" "-"
89.47.79.75 - - [22/Jan/2019:03:59:10 +0330] "GET /image/8727/specialSale HTTP/1.1" 200 36325 "https://www.zanbil.ir/" "Mozilla/5.0 (Windows NT 6.3; Win64; x64) AppleWebKit/537.36 (KHTML, like Gecko) Chrome/71.0.3578.98 Safari/537.36" "-"
91.99.72.15 - - [22/Jan/2019:03:59:10 +0330] "GET /product/29146?model=58399 HTTP/1.1" 200 41191 "-" "Mozilla/5.0 (X11; Linux x86_64) AppleWebKit/537.36 (KHTML, like Gecko) Chrome/53.0.2785.92 Safari/537.36" "-"
89.47.79.75 - - [22/Jan/2019:03:59:10 +0330] "GET /image/8712/specialSale HTTP/1.1" 200 36301 "https://www.zanbil.ir/" "Mozilla/5.0 (Windows NT 6.3; Win64; x64) AppleWebKit/537.36 (KHTML, like Gecko) Chrome/71.0.3578.98 Safari/537.36" "-"
89.47.79.75 - - [22/Jan/2019:03:59:10 +0330] "GET /image/8739/specialSale HTTP/1.1" 200 36441 "https://www.zanbil.ir/" "Mozilla/5.0 (Windows NT 6.3; Win64; x64) AppleWebKit/537.36 (KHTML, like Gecko) Chrome/71.0.3578.98 Safari/537.36" "-"
89.47.79.75 - - [22/Jan/2019:03:59:10 +0330] "GET /image/1210/mainSlide HTTP/1.1" 200 111160 "https://www.zanbil.ir/" "Mozilla/5.0 (Windows NT 6.3; Win64; x64) AppleWebKit/537.36 (KHTML, like Gecko) Chrome/71.0.3578.98 Safari/537.36" "-"
89.47.79.75 - - [22/Jan/2019:03:59:10 +0330] "GET /image/1215/mainSlide HTTP/1.1" 200 90970 "https://www.zanbil.ir/" "Mozilla/5.0 (Windows NT 6.3; Win64; x64) AppleWebKit/537.36 (KHTML, like Gecko) Chrome/71.0.3578.98 Safari/537.36" "-"
89.47.79.75 - - [22/Jan/2019:03:59:10 +0330] "GET /static/bundle-bundle_site_defer.min.js HTTP/1.1" 200 185207 "https://www.zanbil.ir/" "Mozilla/5.0 (Windows NT 6.3; Win64; x64) AppleWebKit/537.36 (KHTML, like Gecko) Chrome/71.0.3578.98 Safari/537.36" "-"
89.47.79.75 - - [22/Jan/2019:03:59:10 +0330] "GET /image/1/productType/240x180 HTTP/1.1" 200 16901 "https://www.zanbil.ir/" "Mozilla/5.0 (Windows NT 6.3; Win64; x64) AppleWebKit/537.36 (KHTML, like Gecko) Chrome/71.0.3578.98 Safari/537.36" "-"
89.47.79.75 - - [22/Jan/2019:03:59:10 +0330] "GET /image/38/productType/240x180 HTTP/1.1" 200 7963 "https://www.zanbil.ir/" "Mozilla/5.0 (Windows NT 6.3; Win64; x64) AppleWebKit/537.36 (KHTML, like Gecko) Chrome/71.0.3578.98 Safari/537.36" "-"
89.47.79.75 - - [22/Jan/2019:03:59:10 +0330] "GET /image/5935/productType/240x180 HTTP/1.1" 200 17326 "https://www.zanbil.ir/" "Mozilla/5.0 (Windows NT 6.3; Win64; x64) AppleWebKit/537.36 (KHTML, like Gecko) Chrome/71.0.3578.98 Safari/537.36" "-"
89.47.79.75 - - [22/Jan/2019:03:59:10 +0330] "GET /image/5506/productType/240x180 HTTP/1.1" 200 16837 "https://www.zanbil.ir/" "Mozilla/5.0 (Windows NT 6.3; Win64; x64) AppleWebKit/537.36 (KHTML, like Gecko) Chrome/71.0.3578.98 Safari/537.36" "-"
89.47.79.75 - - [22/Jan/2019:03:59:10 +0330] "GET /image/51/productType/240x180 HTTP/1.1" 200 17251 "https://www.zanbil.ir/" "Mozilla/5.0 (Windows NT 6.3; Win64; x64) AppleWebKit/537.36 (KHTML, like Gecko) Chrome/71.0.3578.98 Safari/537.36" "-"
89.47.79.75 - - [22/Jan/2019:03:59:10 +0330] "GET /image/11640/productType/240x180 HTTP/1.1" 200 17339 "https://www.zanbil.ir/" "Mozilla/5.0 (Windows NT 6.3; Win64; x64) AppleWebKit/537.36 (KHTML, like Gecko) Chrome/71.0.3578.98 Safari/537.36" "-"
130.185.74.243 - - [22/Jan/2019:03:59:10 +0330] "GET /filter/stexists,p8391,b80?page=9 HTTP/1.1" 200 31013 "-" "Mozilla/5.0 (Windows NT 6.1; rv:42.0) Gecko/20100101 Firefox/42.0" "-"
89.47.79.75 - - [22/Jan/2019:03:59:10 +0330] "GET /image/11671/productType/240x180 HTTP/1.1" 200 17046 "https://www.zanbil.ir/" "Mozilla/5.0 (Windows NT 6.3; Win64; x64) AppleWebKit/537.36 (KHTML, like Gecko) Chrome/71.0.3578.98 Safari/537.36" "-"
89.47.79.75 - - [22/Jan/2019:03:59:10 +0330] "GET /image/33536/productType/240x180 HTTP/1.1" 200 22177 "https://www.zanbil.ir/" "Mozilla/5.0 (Windows NT 6.3; Win64; x64) AppleWebKit/537.36 (KHTML, like Gecko) Chrome/71.0.3578.98 Safari/537.36" "-"
89.47.79.75 - - [22/Jan/2019:03:59:10 +0330] "GET /image/6213/productType/240x180 HTTP/1.1" 200 17786 "https://www.zanbil.ir/" "Mozilla/5.0 (Windows NT 6.3; Win64; x64) AppleWebKit/537.36 (KHTML, like Gecko) Chrome/71.0.3578.98 Safari/537.36" "-"
89.47.79.75 - - [22/Jan/2019:03:59:10 +0330] "GET /image/11893/productType/240x180 HTTP/1.1" 200 11916 "https://www.zanbil.ir/" "Mozilla/5.0 (Windows NT 6.3; Win64; x64) AppleWebKit/537.36 (KHTML, like Gecko) Chrome/71.0.3578.98 Safari/537.36" "-"
89.47.79.75 - - [22/Jan/2019:03:59:11 +0330] "GET /image/1195/article/100x100 HTTP/1.1" 200 12946 "https://www.zanbil.ir/" "Mozilla/5.0 (Windows NT 6.3; Win64; x64) AppleWebKit/537.36 (KHTML, like Gecko) Chrome/71.0.3578.98 Safari/537.36" "-"
89.47.79.75 - - [22/Jan/2019:03:59:11 +0330] "GET /static/images/amp/instagram.png HTTP/1.1" 200 7146 "https://www.zanbil.ir/" "Mozilla/5.0 (Windows NT 6.3; Win64; x64) AppleWebKit/537.36 (KHTML, like Gecko) Chrome/71.0.3578.98 Safari/537.36" "-"
89.47.79.75 - - [22/Jan/2019:03:59:11 +0330] "GET /image/1191/article/100x100 HTTP/1.1" 200 18870 "https://www.zanbil.ir/" "Mozilla/5.0 (Windows NT 6.3; Win64; x64) AppleWebKit/537.36 (KHTML, like Gecko) Chrome/71.0.3578.98 Safari/537.36" "-"
89.47.79.75 - - [22/Jan/2019:03:59:11 +0330] "GET /static/images/amp/telegram.png HTTP/1.1" 200 4859 "https://www.zanbil.ir/" "Mozilla/5.0 (Windows NT 6.3; Win64; x64) AppleWebKit/537.36 (KHTML, like Gecko) Chrome/71.0.3578.98 Safari/537.36" "-"
89.47.79.75 - - [22/Jan/2019:03:59:11 +0330] "GET /image/1194/article/100x100 HTTP/1.1" 200 10421 "https://www.zanbil.ir/" "Mozilla/5.0 (Windows NT 6.3; Win64; x64) AppleWebKit/537.36 (KHTML, like Gecko) Chrome/71.0.3578.98 Safari/537.36" "-"
89.47.79.75 - - [22/Jan/2019:03:59:11 +0330] "GET /static/css/font_awesome/fonts/fontawesome-webfont.woff2?v=4.7.0 HTTP/1.1" 200 77171 "https://znbl.ir/static/bundle-bundle_site_head.css" "Mozilla/5.0 (Windows NT 6.3; Win64; x64) AppleWebKit/537.36 (KHTML, like Gecko) Chrome/71.0.3578.98 Safari/537.36" "-"
89.47.79.75 - - [22/Jan/2019:03:59:11 +0330] "GET /static/images/third-party/footer.png HTTP/1.1" 200 56076 "https://www.zanbil.ir/" "Mozilla/5.0 (Windows NT 6.3; Win64; x64) AppleWebKit/537.36 (KHTML, like Gecko) Chrome/71.0.3578.98 Safari/537.36" "-"
89.47.79.75 - - [22/Jan/2019:03:59:11 +0330] "GET /image/1193/article/100x100 HTTP/1.1" 200 19086 "https://www.zanbil.ir/" "Mozilla/5.0 (Windows NT 6.3; Win64; x64) AppleWebKit/537.36 (KHTML, like Gecko) Chrome/71.0.3578.98 Safari/537.36" "-"
89.47.79.75 - - [22/Jan/2019:03:59:11 +0330] "GET /static/images/amp/blog.png HTTP/1.1" 200 3863 "https://www.zanbil.ir/" "Mozilla/5.0 (Windows NT 6.3; Win64; x64) AppleWebKit/537.36 (KHTML, like Gecko) Chrome/71.0.3578.98 Safari/537.36" "-"
89.47.79.75 - - [22/Jan/2019:03:59:11 +0330] "GET /static/images/search-category-arrow.png HTTP/1.1" 200 217 "https://znbl.ir/static/bundle-bundle_site_head.css" "Mozilla/5.0 (Windows NT 6.3; Win64; x64) AppleWebKit/537.36 (KHTML, like Gecko) Chrome/71.0.3578.98 Safari/537.36" "-"
46.224.89.237 - - [22/Jan/2019:14:11:45 +0330] "GET /image/9814/productModel/100x100 HTTP/1.1" 200 2779 "https://www.zanbil.ir/browse/digital-supplies/%D9%84%D9%88%D8%A7%D8%B2%D9%85-%D8%AF%DB%8C%D8%AC%DB%8C%D8%AA%D8%A7%D9%84" "Mozilla/5.0 (Windows NT 6.1) AppleWebKit/537.36 (KHTML, like Gecko) Chrome/71.0.3578.98 Safari/537.36" "-"
2.181.160.157 - - [22/Jan/2019:14:11:45 +0330] "GET /image/53/productTypeMenu HTTP/1.1" 200 11 "https://www.zanbil.ir/browse/analog-watch/%D8%B3%D8%A7%D8%B9%D8%AA-%D9%85%DA%86%DB%8C-%D8%B9%D9%82%D8%B1%D8%A8%D9%87-%D8%A7%DB%8C" "Mozilla/5.0 (Windows NT 6.1; Trident/7.0; rv:11.0) like Gecko" "-"
46.224.89.237 - - [22/Jan/2019:14:11:45 +0330] "GET /image/5947/productModel/100x100 HTTP/1.1" 200 2527 "https://www.zanbil.ir/browse/digital-supplies/%D9%84%D9%88%D8%A7%D8%B2%D9%85-%D8%AF%DB%8C%D8%AC%DB%8C%D8%AA%D8%A7%D9%84" "Mozilla/5.0 (Windows NT 6.1) AppleWebKit/537.36 (KHTML, like Gecko) Chrome/71.0.3578.98 Safari/537.36" "-"
46.224.89.237 - - [22/Jan/2019:14:11:45 +0330] "GET /image/9820/productModel/100x100 HTTP/1.1" 200 2619 "https://www.zanbil.ir/browse/digital-supplies/%D9%84%D9%88%D8%A7%D8%B2%D9%85-%D8%AF%DB%8C%D8%AC%DB%8C%D8%AA%D8%A7%D9%84" "Mozilla/5.0 (Windows NT 6.1) AppleWebKit/537.36 (KHTML, like Gecko) Chrome/71.0.3578.98 Safari/537.36" "-"
46.224.89.237 - - [22/Jan/2019:14:11:45 +0330] "GET /image/6006/productModel/100x100 HTTP/1.1" 200 1905 "https://www.zanbil.ir/browse/digital-supplies/%D9%84%D9%88%D8%A7%D8%B2%D9%85-%D8%AF%DB%8C%D8%AC%DB%8C%D8%AA%D8%A7%D9%84" "Mozilla/5.0 (Windows NT 6.1) AppleWebKit/537.36 (KHTML, like Gecko) Chrome/71.0.3578.98 Safari/537.36" "-"
46.224.89.237 - - [22/Jan/2019:14:11:45 +0330] "GET /image/58650/productModel/100x100 HTTP/1.1" 200 1880 "https://www.zanbil.ir/browse/digital-supplies/%D9%84%D9%88%D8%A7%D8%B2%D9%85-%D8%AF%DB%8C%D8%AC%DB%8C%D8%AA%D8%A7%D9%84" "Mozilla/5.0 (Windows NT 6.1) AppleWebKit/537.36 (KHTML, like Gecko) Chrome/71.0.3578.98 Safari/537.36" "-"
2.181.160.157 - - [22/Jan/2019:14:11:45 +0330] "GET /image/6446/productTypeMenu HTTP/1.1" 200 11 "https://www.zanbil.ir/browse/analog-watch/%D8%B3%D8%A7%D8%B9%D8%AA-%D9%85%DA%86%DB%8C-%D8%B9%D9%82%D8%B1%D8%A8%D9%87-%D8%A7%DB%8C" "Mozilla/5.0 (Windows NT 6.1; Trident/7.0; rv:11.0) like Gecko" "-"
2.181.160.157 - - [22/Jan/2019:14:11:45 +0330] "GET /image/5665/productTypeMenu HTTP/1.1" 200 11 "https://www.zanbil.ir/browse/analog-watch/%D8%B3%D8%A7%D8%B9%D8%AA-%D9%85%DA%86%DB%8C-%D8%B9%D9%82%D8%B1%D8%A8%D9%87-%D8%A7%DB%8C" "Mozilla/5.0 (Windows NT 6.1; Trident/7.0; rv:11.0) like Gecko" "-"
2.181.160.157 - - [22/Jan/2019:14:11:45 +0330] "GET /image/16788/productTypeMenu HTTP/1.1" 200 11 "https://www.zanbil.ir/browse/analog-watch/%D8%B3%D8%A7%D8%B9%D8%AA-%D9%85%DA%86%DB%8C-%D8%B9%D9%82%D8%B1%D8%A8%D9%87-%D8%A7%DB%8C" "Mozilla/5.0 (Windows NT 6.1; Trident/7.0; rv:11.0) like Gecko" "-"
2.181.160.157 - - [22/Jan/2019:14:11:45 +0330] "GET /image/16827/productTypeMenu HTTP/1.1" 200 11 "https://www.zanbil.ir/browse/analog-watch/%D8%B3%D8%A7%D8%B9%D8%AA-%D9%85%DA%86%DB%8C-%D8%B9%D9%82%D8%B1%D8%A8%D9%87-%D8%A7%DB%8C" "Mozilla/5.0 (Windows NT 6.1; Trident/7.0; rv:11.0) like Gecko" "-"
2.181.160.157 - - [22/Jan/2019:14:11:45 +0330] "GET /image/14464/productTypeMenu HTTP/1.1" 200 11 "https://www.zanbil.ir/browse/analog-watch/%D8%B3%D8%A7%D8%B9%D8%AA-%D9%85%DA%86%DB%8C-%D8%B9%D9%82%D8%B1%D8%A8%D9%87-%D8%A7%DB%8C" "Mozilla/5.0 (Windows NT 6.1; Trident/7.0; rv:11.0) like Gecko" "-"
46.224.89.237 - - [22/Jan/2019:14:11:45 +0330] "GET /image/6000/productModel/100x100 HTTP/1.1" 200 1840 "https://www.zanbil.ir/browse/digital-supplies/%D9%84%D9%88%D8%A7%D8%B2%D9%85-%D8%AF%DB%8C%D8%AC%DB%8C%D8%AA%D8%A7%D9%84" "Mozilla/5.0 (Windows NT 6.1) AppleWebKit/537.36 (KHTML, like Gecko) Chrome/71.0.3578.98 Safari/537.36" "-"
46.224.89.237 - - [22/Jan/2019:14:11:45 +0330] "GET /image/58729/productModel/100x100 HTTP/1.1" 200 2101 "https://www.zanbil.ir/browse/digital-supplies/%D9%84%D9%88%D8%A7%D8%B2%D9%85-%D8%AF%DB%8C%D8%AC%DB%8C%D8%AA%D8%A7%D9%84" "Mozilla/5.0 (Windows NT 6.1) AppleWebKit/537.36 (KHTML, like Gecko) Chrome/71.0.3578.98 Safari/537.36" "-"
2.181.160.157 - - [22/Jan/2019:14:11:45 +0330] "GET /image/13009/productTypeMenu HTTP/1.1" 200 11 "https://www.zanbil.ir/browse/analog-watch/%D8%B3%D8%A7%D8%B9%D8%AA-%D9%85%DA%86%DB%8C-%D8%B9%D9%82%D8%B1%D8%A8%D9%87-%D8%A7%DB%8C" "Mozilla/5.0 (Windows NT 6.1; Trident/7.0; rv:11.0) like Gecko" "-"
46.224.89.237 - - [22/Jan/2019:14:11:45 +0330] "GET /image/6088/productModel/100x100 HTTP/1.1" 200 2136 "https://www.zanbil.ir/browse/digital-supplies/%D9%84%D9%88%D8%A7%D8%B2%D9%85-%D8%AF%DB%8C%D8%AC%DB%8C%D8%AA%D8%A7%D9%84" "Mozilla/5.0 (Windows NT 6.1) AppleWebKit/537.36 (KHTML, like Gecko) Chrome/71.0.3578.98 Safari/537.36" "-"
2.181.160.157 - - [22/Jan/2019:14:11:45 +0330] "GET /image/13272/productTypeMenu HTTP/1.1" 200 11 "https://www.zanbil.ir/browse/analog-watch/%D8%B3%D8%A7%D8%B9%D8%AA-%D9%85%DA%86%DB%8C-%D8%B9%D9%82%D8%B1%D8%A8%D9%87-%D8%A7%DB%8C" "Mozilla/5.0 (Windows NT 6.1; Trident/7.0; rv:11.0) like Gecko" "-"
2.181.160.157 - - [22/Jan/2019:14:11:45 +0330] "GET /image/13124/productTypeMenu HTTP/1.1" 200 11 "https://www.zanbil.ir/browse/analog-watch/%D8%B3%D8%A7%D8%B9%D8%AA-%D9%85%DA%86%DB%8C-%D8%B9%D9%82%D8%B1%D8%A8%D9%87-%D8%A7%DB%8C" "Mozilla/5.0 (Windows NT 6.1; Trident/7.0; rv:11.0) like Gecko" "-"
2.181.160.157 - - [22/Jan/2019:14:11:45 +0330] "GET /image/13197/productTypeMenu HTTP/1.1" 200 11 "https://www.zanbil.ir/browse/analog-watch/%D8%B3%D8%A7%D8%B9%D8%AA-%D9%85%DA%86%DB%8C-%D8%B9%D9%82%D8%B1%D8%A8%D9%87-%D8%A7%DB%8C" "Mozilla/5.0 (Windows NT 6.1; Trident/7.0; rv:11.0) like Gecko" "-"
46.224.89.237 - - [22/Jan/2019:14:11:45 +0330] "GET /image/9783/productModel/100x100 HTTP/1.1" 200 2430 "https://www.zanbil.ir/browse/digital-supplies/%D9%84%D9%88%D8%A7%D8%B2%D9%85-%D8%AF%DB%8C%D8%AC%DB%8C%D8%AA%D8%A7%D9%84" "Mozilla/5.0 (Windows NT 6.1) AppleWebKit/537.36 (KHTML, like Gecko) Chrome/71.0.3578.98 Safari/537.36" "-"
46.224.89.237 - - [22/Jan/2019:14:11:45 +0330] "GET /site/enamad HTTP/1.1" 200 278 "https://www.zanbil.ir/browse/digital-supplies/%D9%84%D9%88%D8%A7%D8%B2%D9%85-%D8%AF%DB%8C%D8%AC%DB%8C%D8%AA%D8%A7%D9%84" "Mozilla/5.0 (Windows NT 6.1) AppleWebKit/537.36 (KHTML, like Gecko) Chrome/71.0.3578.98 Safari/537.36" "-"
2.181.160.157 - - [22/Jan/2019:14:11:45 +0330] "GET /image/29044/productTypeMenu HTTP/1.1" 200 11 "https://www.zanbil.ir/browse/analog-watch/%D8%B3%D8%A7%D8%B9%D8%AA-%D9%85%DA%86%DB%8C-%D8%B9%D9%82%D8%B1%D8%A8%D9%87-%D8%A7%DB%8C" "Mozilla/5.0 (Windows NT 6.1; Trident/7.0; rv:11.0) like Gecko" "-"
128.65.175.224 - - [22/Jan/2019:14:11:45 +0330] "GET /m/browse/gas-heater/%D8%A8%D8%AE%D8%A7%D8%B1%DB%8C-%DA%AF%D8%A7%D8%B2%DB%8C HTTP/1.1" 200 19144 "https://www-zanbil-ir.cdn.ampproject.org/v/s/www.zanbil.ir/m/product/8368/%D8%A8%D8%AE%D8%A7%D8%B1%DB%8C-%DA%AF%D8%A7%D8%B2%DB%8C-%D8%A8%D8%AF%D9%88%D9%86-%D8%AF%D9%88%D8%AF%DA%A9%D8%B4-%D9%BE%D9%84%D8%A7%D8%B1-%D9%85%D8%AF%D9%84-Polar-Gas-Heater-KN-20?amp_js_v=0.1&usqp=mq331AQECAEoAQ%3D%3D" "Mozilla/5.0 (Linux; Android 6.0.1; MI 4W) AppleWebKit/537.36 (KHTML, like Gecko) Chrome/71.0.3578.99 Mobile Safari/537.36" "-"
2.181.160.157 - - [22/Jan/2019:14:11:45 +0330] "GET /image/10136/productTypeMenu HTTP/1.1" 200 11 "https://www.zanbil.ir/browse/analog-watch/%D8%B3%D8%A7%D8%B9%D8%AA-%D9%85%DA%86%DB%8C-%D8%B9%D9%82%D8%B1%D8%A8%D9%87-%D8%A7%DB%8C" "Mozilla/5.0 (Windows NT 6.1; Trident/7.0; rv:11.0) like Gecko" "-"
46.224.89.237 - - [22/Jan/2019:14:11:45 +0330] "GET /image/9821/productModel/100x100 HTTP/1.1" 200 2096 "https://www.zanbil.ir/browse/digital-supplies/%D9%84%D9%88%D8%A7%D8%B2%D9%85-%D8%AF%DB%8C%D8%AC%DB%8C%D8%AA%D8%A7%D9%84" "Mozilla/5.0 (Windows NT 6.1) AppleWebKit/537.36 (KHTML, like Gecko) Chrome/71.0.3578.98 Safari/537.36" "-"
2.181.160.157 - - [22/Jan/2019:14:11:45 +0330] "GET /image/14045/productTypeMenu HTTP/1.1" 200 11 "https://www.zanbil.ir/browse/analog-watch/%D8%B3%D8%A7%D8%B9%D8%AA-%D9%85%DA%86%DB%8C-%D8%B9%D9%82%D8%B1%D8%A8%D9%87-%D8%A7%DB%8C" "Mozilla/5.0 (Windows NT 6.1; Trident/7.0; rv:11.0) like Gecko" "-"
46.224.89.237 - - [22/Jan/2019:14:11:45 +0330] "GET /image/48628/productModel/100x100 HTTP/1.1" 200 2791 "https://www.zanbil.ir/browse/digital-supplies/%D9%84%D9%88%D8%A7%D8%B2%D9%85-%D8%AF%DB%8C%D8%AC%DB%8C%D8%AA%D8%A7%D9%84" "Mozilla/5.0 (Windows NT 6.1) AppleWebKit/537.36 (KHTML, like Gecko) Chrome/71.0.3578.98 Safari/537.36" "-"
2.181.160.157 - - [22/Jan/2019:14:11:45 +0330] "GET /image/13275/productTypeMenu HTTP/1.1" 200 11 "https://www.zanbil.ir/browse/analog-watch/%D8%B3%D8%A7%D8%B9%D8%AA-%D9%85%DA%86%DB%8C-%D8%B9%D9%82%D8%B1%D8%A8%D9%87-%D8%A7%DB%8C" "Mozilla/5.0 (Windows NT 6.1; Trident/7.0; rv:11.0) like Gecko" "-"
2.181.160.157 - - [22/Jan/2019:14:11:45 +0330] "GET /image/14044/productTypeMenu HTTP/1.1" 200 11 "https://www.zanbil.ir/browse/analog-watch/%D8%B3%D8%A7%D8%B9%D8%AA-%D9%85%DA%86%DB%8C-%D8%B9%D9%82%D8%B1%D8%A8%D9%87-%D8%A7%DB%8C" "Mozilla/5.0 (Windows NT 6.1; Trident/7.0; rv:11.0) like Gecko" "-"
2.181.160.157 - - [22/Jan/2019:14:11:45 +0330] "GET /image/11082/productTypeMenu HTTP/1.1" 200 11 "https://www.zanbil.ir/browse/analog-watch/%D8%B3%D8%A7%D8%B9%D8%AA-%D9%85%DA%86%DB%8C-%D8%B9%D9%82%D8%B1%D8%A8%D9%87-%D8%A7%DB%8C" "Mozilla/5.0 (Windows NT 6.1; Trident/7.0; rv:11.0) like Gecko" "-"
46.224.89.237 - - [22/Jan/2019:14:11:45 +0330] "GET /image/48622/productModel/100x100 HTTP/1.1" 200 2730 "https://www.zanbil.ir/browse/digital-supplies/%D9%84%D9%88%D8%A7%D8%B2%D9%85-%D8%AF%DB%8C%D8%AC%DB%8C%D8%AA%D8%A7%D9%84" "Mozilla/5.0 (Windows NT 6.1) AppleWebKit/537.36 (KHTML, like Gecko) Chrome/71.0.3578.98 Safari/537.36" "-"
46.224.89.237 - - [22/Jan/2019:14:11:45 +0330] "GET /image/15027/productModel/100x100 HTTP/1.1" 200 2374 "https://www.zanbil.ir/browse/digital-supplies/%D9%84%D9%88%D8%A7%D8%B2%D9%85-%D8%AF%DB%8C%D8%AC%DB%8C%D8%AA%D8%A7%D9%84" "Mozilla/5.0 (Windows NT 6.1) AppleWebKit/537.36 (KHTML, like Gecko) Chrome/71.0.3578.98 Safari/537.36" "-"
66.249.66.194 - - [22/Jan/2019:14:11:45 +0330] "GET /filter/b136,b195,b261,b534,b543,b547,b618,p14077 HTTP/1.1" 302 0 "-" "Mozilla/5.0 (Linux; Android 6.0.1; Nexus 5X Build/MMB29P) AppleWebKit/537.36 (KHTML, like Gecko) Chrome/41.0.2272.96 Mobile Safari/537.36 (compatible; Googlebot/2.1; +http://www.google.com/bot.html)" "-"
2.181.160.157 - - [22/Jan/2019:14:11:45 +0330] "GET /image/11287/productTypeMenu HTTP/1.1" 200 11 "https://www.zanbil.ir/browse/analog-watch/%D8%B3%D8%A7%D8%B9%D8%AA-%D9%85%DA%86%DB%8C-%D8%B9%D9%82%D8%B1%D8%A8%D9%87-%D8%A7%DB%8C" "Mozilla/5.0 (Windows NT 6.1; Trident/7.0; rv:11.0) like Gecko" "-"
2.181.160.157 - - [22/Jan/2019:14:11:45 +0330] "GET /image/26666/productTypeMenu HTTP/1.1" 200 11 "https://www.zanbil.ir/browse/analog-watch/%D8%B3%D8%A7%D8%B9%D8%AA-%D9%85%DA%86%DB%8C-%D8%B9%D9%82%D8%B1%D8%A8%D9%87-%D8%A7%DB%8C" "Mozilla/5.0 (Windows NT 6.1; Trident/7.0; rv:11.0) like Gecko" "-"
2.181.160.157 - - [22/Jan/2019:14:11:45 +0330] "GET /image/12015/productTypeMenu HTTP/1.1" 200 11 "https://www.zanbil.ir/browse/analog-watch/%D8%B3%D8%A7%D8%B9%D8%AA-%D9%85%DA%86%DB%8C-%D8%B9%D9%82%D8%B1%D8%A8%D9%87-%D8%A7%DB%8C" "Mozilla/5.0 (Windows NT 6.1; Trident/7.0; rv:11.0) like Gecko" "-"
66.249.66.194 - - [22/Jan/2019:14:11:45 +0330] "GET /m/filter/b74,p1 HTTP/1.1" 200 21182 "-" "Mozilla/5.0 (Linux; Android 6.0.1; Nexus 5X Build/MMB29P) AppleWebKit/537.36 (KHTML, like Gecko) Chrome/41.0.2272.96 Mobile Safari/537.36 (compatible; Googlebot/2.1; +http://www.google.com/bot.html)" "-"
2.181.160.157 - - [22/Jan/2019:14:11:45 +0330] "GET /image/13223/productTypeMenu HTTP/1.1" 200 11 "https://www.zanbil.ir/browse/analog-watch/%D8%B3%D8%A7%D8%B9%D8%AA-%D9%85%DA%86%DB%8C-%D8%B9%D9%82%D8%B1%D8%A8%D9%87-%D8%A7%DB%8C" "Mozilla/5.0 (Windows NT 6.1; Trident/7.0; rv:11.0) like Gecko" "-"
46.224.89.237 - - [22/Jan/2019:14:11:45 +0330] "GET /image/1188/article/100x100 HTTP/1.1" 200 18578 "https://www.zanbil.ir/browse/digital-supplies/%D9%84%D9%88%D8%A7%D8%B2%D9%85-%D8%AF%DB%8C%D8%AC%DB%8C%D8%AA%D8%A7%D9%84" "Mozilla/5.0 (Windows NT 6.1) AppleWebKit/537.36 (KHTML, like Gecko) Chrome/71.0.3578.98 Safari/537.36" "-"
46.224.89.237 - - [22/Jan/2019:14:11:45 +0330] "GET /static/images/prev.png HTTP/1.1" 200 3032 "https://znbl.ir/static/bundle-bundle_site_head.css" "Mozilla/5.0 (Windows NT 6.1) AppleWebKit/537.36 (KHTML, like Gecko) Chrome/71.0.3578.98 Safari/537.36" "-"
46.224.89.237 - - [22/Jan/2019:14:11:45 +0330] "GET /image/1186/article/100x100 HTTP/1.1" 200 5839 "https://www.zanbil.ir/browse/digital-supplies/%D9%84%D9%88%D8%A7%D8%B2%D9%85-%D8%AF%DB%8C%D8%AC%DB%8C%D8%AA%D8%A7%D9%84" "Mozilla/5.0 (Windows NT 6.1) AppleWebKit/537.36 (KHTML, like Gecko) Chrome/71.0.3578.98 Safari/537.36" "-"
46.224.89.237 - - [22/Jan/2019:14:11:45 +0330] "GET /static/plugins/rapid-grails-0.1/bootstrap/img/glyphicons-halflings.png HTTP/1.1" 200 12625 "https://znbl.ir/static/bundle-bundle_site_head.css" "Mozilla/5.0 (Windows NT 6.1) AppleWebKit/537.36 (KHTML, like Gecko) Chrome/71.0.3578.98 Safari/537.36" "-"
46.224.89.237 - - [22/Jan/2019:14:11:45 +0330] "GET /image/1182/article/100x100 HTTP/1.1" 200 14489 "https://www.zanbil.ir/browse/digital-supplies/%D9%84%D9%88%D8%A7%D8%B2%D9%85-%D8%AF%DB%8C%D8%AC%DB%8C%D8%AA%D8%A7%D9%84" "Mozilla/5.0 (Windows NT 6.1) AppleWebKit/537.36 (KHTML, like Gecko) Chrome/71.0.3578.98 Safari/537.36" "-"
46.224.89.237 - - [22/Jan/2019:14:11:45 +0330] "GET /image/1180/article/100x100 HTTP/1.1" 200 19126 "https://www.zanbil.ir/browse/digital-supplies/%D9%84%D9%88%D8%A7%D8%B2%D9%85-%D8%AF%DB%8C%D8%AC%DB%8C%D8%AA%D8%A7%D9%84" "Mozilla/5.0 (Windows NT 6.1) AppleWebKit/537.36 (KHTML, like Gecko) Chrome/71.0.3578.98 Safari/537.36" "-"
2.181.160.157 - - [22/Jan/2019:14:11:45 +0330] "GET /image/8095/productTypeMenu HTTP/1.1" 200 11 "https://www.zanbil.ir/browse/analog-watch/%D8%B3%D8%A7%D8%B9%D8%AA-%D9%85%DA%86%DB%8C-%D8%B9%D9%82%D8%B1%D8%A8%D9%87-%D8%A7%DB%8C" "Mozilla/5.0 (Windows NT 6.1; Trident/7.0; rv:11.0) like Gecko" "-"
2.181.160.157 - - [22/Jan/2019:14:11:45 +0330] "GET /image/6385/productTypeMenu HTTP/1.1" 200 11 "https://www.zanbil.ir/browse/analog-watch/%D8%B3%D8%A7%D8%B9%D8%AA-%D9%85%DA%86%DB%8C-%D8%B9%D9%82%D8%B1%D8%A8%D9%87-%D8%A7%DB%8C" "Mozilla/5.0 (Windows NT 6.1; Trident/7.0; rv:11.0) like Gecko" "-"
46.224.89.237 - - [22/Jan/2019:14:11:45 +0330] "GET /static/images/next.png HTTP/1.1" 200 3045 "https://znbl.ir/static/bundle-bundle_site_head.css" "Mozilla/5.0 (Windows NT 6.1) AppleWebKit/537.36 (KHTML, like Gecko) Chrome/71.0.3578.98 Safari/537.36" "-"
2.181.160.157 - - [22/Jan/2019:14:11:45 +0330] "GET /image/12583/productTypeMenu HTTP/1.1" 200 11 "https://www.zanbil.ir/browse/analog-watch/%D8%B3%D8%A7%D8%B9%D8%AA-%D9%85%DA%86%DB%8C-%D8%B9%D9%82%D8%B1%D8%A8%D9%87-%D8%A7%DB%8C" "Mozilla/5.0 (Windows NT 6.1; Trident/7.0; rv:11.0) like Gecko" "-"
2.181.160.157 - - [22/Jan/2019:14:11:45 +0330] "GET /image/12682/productTypeMenu HTTP/1.1" 200 11 "https://www.zanbil.ir/browse/analog-watch/%D8%B3%D8%A7%D8%B9%D8%AA-%D9%85%DA%86%DB%8C-%D8%B9%D9%82%D8%B1%D8%A8%D9%87-%D8%A7%DB%8C" "Mozilla/5.0 (Windows NT 6.1; Trident/7.0; rv:11.0) like Gecko" "-"
2.181.160.157 - - [22/Jan/2019:14:11:45 +0330] "GET /image/12348/productTypeMenu HTTP/1.1" 200 11 "https://www.zanbil.ir/browse/analog-watch/%D8%B3%D8%A7%D8%B9%D8%AA-%D9%85%DA%86%DB%8C-%D8%B9%D9%82%D8%B1%D8%A8%D9%87-%D8%A7%DB%8C" "Mozilla/5.0 (Windows NT 6.1; Trident/7.0; rv:11.0) like Gecko" "-"
2.181.160.157 - - [22/Jan/2019:14:11:45 +0330] "GET /image/12349/productTypeMenu HTTP/1.1" 200 11 "https://www.zanbil.ir/browse/analog-watch/%D8%B3%D8%A7%D8%B9%D8%AA-%D9%85%DA%86%DB%8C-%D8%B9%D9%82%D8%B1%D8%A8%D9%87-%D8%A7%DB%8C" "Mozilla/5.0 (Windows NT 6.1; Trident/7.0; rv:11.0) like Gecko" "-"
46.224.89.237 - - [22/Jan/2019:14:11:45 +0330] "GET /static/images/checked.png HTTP/1.1" 200 1083 "https://znbl.ir/static/bundle-bundle_site_head.css" "Mozilla/5.0 (Windows NT 6.1) AppleWebKit/537.36 (KHTML, like Gecko) Chrome/71.0.3578.98 Safari/537.36" "-"
2.181.160.157 - - [22/Jan/2019:14:11:45 +0330] "GET /image/14199/productTypeMenu HTTP/1.1" 200 11 "https://www.zanbil.ir/browse/analog-watch/%D8%B3%D8%A7%D8%B9%D8%AA-%D9%85%DA%86%DB%8C-%D8%B9%D9%82%D8%B1%D8%A8%D9%87-%D8%A7%DB%8C" "Mozilla/5.0 (Windows NT 6.1; Trident/7.0; rv:11.0) like Gecko" "-"
46.224.89.237 - - [22/Jan/2019:14:11:45 +0330] "GET /static/images/not-checked.png HTTP/1.1" 200 713 "https://znbl.ir/static/bundle-bundle_site_head.css" "Mozilla/5.0 (Windows NT 6.1) AppleWebKit/537.36 (KHTML, like Gecko) Chrome/71.0.3578.98 Safari/537.36" "-"
2.181.160.157 - - [22/Jan/2019:14:11:45 +0330] "GET /image/11678/productTypeMenu HTTP/1.1" 200 11 "https://www.zanbil.ir/browse/analog-watch/%D8%B3%D8%A7%D8%B9%D8%AA-%D9%85%DA%86%DB%8C-%D8%B9%D9%82%D8%B1%D8%A8%D9%87-%D8%A7%DB%8C" "Mozilla/5.0 (Windows NT 6.1; Trident/7.0; rv:11.0) like Gecko" "-"
46.224.89.237 - - [22/Jan/2019:14:11:45 +0330] "GET /image/1/brand HTTP/1.1" 200 3924 "https://www.zanbil.ir/browse/digital-supplies/%D9%84%D9%88%D8%A7%D8%B2%D9%85-%D8%AF%DB%8C%D8%AC%DB%8C%D8%AA%D8%A7%D9%84" "Mozilla/5.0 (Windows NT 6.1) AppleWebKit/537.36 (KHTML, like Gecko) Chrome/71.0.3578.98 Safari/537.36" "-"
2.181.160.157 - - [22/Jan/2019:14:11:45 +0330] "GET /image/11899/productTypeMenu HTTP/1.1" 200 11 "https://www.zanbil.ir/browse/analog-watch/%D8%B3%D8%A7%D8%B9%D8%AA-%D9%85%DA%86%DB%8C-%D8%B9%D9%82%D8%B1%D8%A8%D9%87-%D8%A7%DB%8C" "Mozilla/5.0 (Windows NT 6.1; Trident/7.0; rv:11.0) like Gecko" "-"
2.181.160.157 - - [22/Jan/2019:14:11:46 +0330] "GET /image/28998/productTypeMenu HTTP/1.1" 200 11 "https://www.zanbil.ir/browse/analog-watch/%D8%B3%D8%A7%D8%B9%D8%AA-%D9%85%DA%86%DB%8C-%D8%B9%D9%82%D8%B1%D8%A8%D9%87-%D8%A7%DB%8C" "Mozilla/5.0 (Windows NT 6.1; Trident/7.0; rv:11.0) like Gecko" "-"
46.224.89.237 - - [22/Jan/2019:14:11:46 +0330] "GET /image/2/brand HTTP/1.1" 200 4842 "https://www.zanbil.ir/browse/digital-supplies/%D9%84%D9%88%D8%A7%D8%B2%D9%85-%D8%AF%DB%8C%D8%AC%DB%8C%D8%AA%D8%A7%D9%84" "Mozilla/5.0 (Windows NT 6.1) AppleWebKit/537.36 (KHTML, like Gecko) Chrome/71.0.3578.98 Safari/537.36" "-"
46.224.89.237 - - [22/Jan/2019:14:11:46 +0330] "GET /site/alexaGooleAnalitic HTTP/1.1" 200 323 "https://www.zanbil.ir/browse/digital-supplies/%D9%84%D9%88%D8%A7%D8%B2%D9%85-%D8%AF%DB%8C%D8%AC%DB%8C%D8%AA%D8%A7%D9%84" "Mozilla/5.0 (Windows NT 6.1) AppleWebKit/537.36 (KHTML, like Gecko) Chrome/71.0.3578.98 Safari/537.36" "-"
2.181.160.157 - - [22/Jan/2019:14:11:46 +0330] "GET /image/28994/productTypeMenu HTTP/1.1" 200 11 "https://www.zanbil.ir/browse/analog-watch/%D8%B3%D8%A7%D8%B9%D8%AA-%D9%85%DA%86%DB%8C-%D8%B9%D9%82%D8%B1%D8%A8%D9%87-%D8%A7%DB%8C" "Mozilla/5.0 (Windows NT 6.1; Trident/7.0; rv:11.0) like Gecko" "-"
46.224.89.237 - - [22/Jan/2019:14:11:46 +0330] "GET /image/5/brand HTTP/1.1" 200 2171 "https://www.zanbil.ir/browse/digital-supplies/%D9%84%D9%88%D8%A7%D8%B2%D9%85-%D8%AF%DB%8C%D8%AC%DB%8C%D8%AA%D8%A7%D9%84" "Mozilla/5.0 (Windows NT 6.1) AppleWebKit/537.36 (KHTML, like Gecko) Chrome/71.0.3578.98 Safari/537.36" "-"
2.181.160.157 - - [22/Jan/2019:14:11:46 +0330] "GET /image/28997/productTypeMenu HTTP/1.1" 200 11 "https://www.zanbil.ir/browse/analog-watch/%D8%B3%D8%A7%D8%B9%D8%AA-%D9%85%DA%86%DB%8C-%D8%B9%D9%82%D8%B1%D8%A8%D9%87-%D8%A7%DB%8C" "Mozilla/5.0 (Windows NT 6.1; Trident/7.0; rv:11.0) like Gecko" "-"
46.224.89.237 - - [22/Jan/2019:14:11:46 +0330] "GET /image/43/brand HTTP/1.1" 200 2376 "https://www.zanbil.ir/browse/digital-supplies/%D9%84%D9%88%D8%A7%D8%B2%D9%85-%D8%AF%DB%8C%D8%AC%DB%8C%D8%AA%D8%A7%D9%84" "Mozilla/5.0 (Windows NT 6.1) AppleWebKit/537.36 (KHTML, like Gecko) Chrome/71.0.3578.98 Safari/537.36" "-"
2.181.160.157 - - [22/Jan/2019:14:11:46 +0330] "GET /image/28993/productTypeMenu HTTP/1.1" 200 11 "https://www.zanbil.ir/browse/analog-watch/%D8%B3%D8%A7%D8%B9%D8%AA-%D9%85%DA%86%DB%8C-%D8%B9%D9%82%D8%B1%D8%A8%D9%87-%D8%A7%DB%8C" "Mozilla/5.0 (Windows NT 6.1; Trident/7.0; rv:11.0) like Gecko" "-"
46.224.89.237 - - [22/Jan/2019:14:11:46 +0330] "GET /image/19/brand HTTP/1.1" 200 2595 "https://www.zanbil.ir/browse/digital-supplies/%D9%84%D9%88%D8%A7%D8%B2%D9%85-%D8%AF%DB%8C%D8%AC%DB%8C%D8%AA%D8%A7%D9%84" "Mozilla/5.0 (Windows NT 6.1) AppleWebKit/537.36 (KHTML, like Gecko) Chrome/71.0.3578.98 Safari/537.36" "-"
46.224.89.237 - - [22/Jan/2019:14:11:46 +0330] "GET /image/113/brand HTTP/1.1" 200 2287 "https://www.zanbil.ir/browse/digital-supplies/%D9%84%D9%88%D8%A7%D8%B2%D9%85-%D8%AF%DB%8C%D8%AC%DB%8C%D8%AA%D8%A7%D9%84" "Mozilla/5.0 (Windows NT 6.1) AppleWebKit/537.36 (KHTML, like Gecko) Chrome/71.0.3578.98 Safari/537.36" "-"
2.181.160.157 - - [22/Jan/2019:14:11:46 +0330] "GET /image/28995/productTypeMenu HTTP/1.1" 200 11 "https://www.zanbil.ir/browse/analog-watch/%D8%B3%D8%A7%D8%B9%D8%AA-%D9%85%DA%86%DB%8C-%D8%B9%D9%82%D8%B1%D8%A8%D9%87-%D8%A7%DB%8C" "Mozilla/5.0 (Windows NT 6.1; Trident/7.0; rv:11.0) like Gecko" "-"
46.224.89.237 - - [22/Jan/2019:14:11:46 +0330] "GET /image/6/brand HTTP/1.1" 200 2543 "https://www.zanbil.ir/browse/digital-supplies/%D9%84%D9%88%D8%A7%D8%B2%D9%85-%D8%AF%DB%8C%D8%AC%DB%8C%D8%AA%D8%A7%D9%84" "Mozilla/5.0 (Windows NT 6.1) AppleWebKit/537.36 (KHTML, like Gecko) Chrome/71.0.3578.98 Safari/537.36" "-"
2.181.160.157 - - [22/Jan/2019:14:11:46 +0330] "GET /image/12129/productTypeMenu HTTP/1.1" 200 11 "https://www.zanbil.ir/browse/analog-watch/%D8%B3%D8%A7%D8%B9%D8%AA-%D9%85%DA%86%DB%8C-%D8%B9%D9%82%D8%B1%D8%A8%D9%87-%D8%A7%DB%8C" "Mozilla/5.0 (Windows NT 6.1; Trident/7.0; rv:11.0) like Gecko" "-"
2.181.160.157 - - [22/Jan/2019:14:11:46 +0330] "GET /image/13356/productTypeMenu HTTP/1.1" 200 11 "https://www.zanbil.ir/browse/analog-watch/%D8%B3%D8%A7%D8%B9%D8%AA-%D9%85%DA%86%DB%8C-%D8%B9%D9%82%D8%B1%D8%A8%D9%87-%D8%A7%DB%8C" "Mozilla/5.0 (Windows NT 6.1; Trident/7.0; rv:11.0) like Gecko" "-"
2.181.160.157 - - [22/Jan/2019:14:11:46 +0330] "GET /image/24081/productTypeMenu HTTP/1.1" 200 11 "https://www.zanbil.ir/browse/analog-watch/%D8%B3%D8%A7%D8%B9%D8%AA-%D9%85%DA%86%DB%8C-%D8%B9%D9%82%D8%B1%D8%A8%D9%87-%D8%A7%DB%8C" "Mozilla/5.0 (Windows NT 6.1; Trident/7.0; rv:11.0) like Gecko" "-"
46.224.89.237 - - [22/Jan/2019:14:11:46 +0330] "GET /image/95/brand HTTP/1.1" 200 2207 "https://www.zanbil.ir/browse/digital-supplies/%D9%84%D9%88%D8%A7%D8%B2%D9%85-%D8%AF%DB%8C%D8%AC%DB%8C%D8%AA%D8%A7%D9%84" "Mozilla/5.0 (Windows NT 6.1) AppleWebKit/537.36 (KHTML, like Gecko) Chrome/71.0.3578.98 Safari/537.36" "-"
46.224.89.237 - - [22/Jan/2019:14:11:46 +0330] "GET /image/82/brand HTTP/1.1" 200 2279 "https://www.zanbil.ir/browse/digital-supplies/%D9%84%D9%88%D8%A7%D8%B2%D9%85-%D8%AF%DB%8C%D8%AC%DB%8C%D8%AA%D8%A7%D9%84" "Mozilla/5.0 (Windows NT 6.1) AppleWebKit/537.36 (KHTML, like Gecko) Chrome/71.0.3578.98 Safari/537.36" "-"
198.52.38.67 - - [22/Jan/2019:14:11:46 +0330] "GET /static/images/amp/instagram.png HTTP/1.1" 200 7146 "https://www.zanbil.ir/m/browse/hood/%D9%87%D9%88%D8%AF" "Mozilla/5.0 (Linux; Android 7.1.1; SM-J510F Build/NMF26X) AppleWebKit/537.36 (KHTML, like Gecko) Chrome/67.0.3396.87 Mobile Safari/537.36" "-"
2.181.160.157 - - [22/Jan/2019:14:11:46 +0330] "GET /static/images/guarantees/warranty.png HTTP/1.1" 200 5807 "https://www.zanbil.ir/browse/analog-watch/%D8%B3%D8%A7%D8%B9%D8%AA-%D9%85%DA%86%DB%8C-%D8%B9%D9%82%D8%B1%D8%A8%D9%87-%D8%A7%DB%8C" "Mozilla/5.0 (Windows NT 6.1; Trident/7.0; rv:11.0) like Gecko" "-"
46.224.89.237 - - [22/Jan/2019:14:11:46 +0330] "GET /image/20/brand HTTP/1.1" 200 1958 "https://www.zanbil.ir/browse/digital-supplies/%D9%84%D9%88%D8%A7%D8%B2%D9%85-%D8%AF%DB%8C%D8%AC%DB%8C%D8%AA%D8%A7%D9%84" "Mozilla/5.0 (Windows NT 6.1) AppleWebKit/537.36 (KHTML, like Gecko) Chrome/71.0.3578.98 Safari/537.36" "-"
2.181.160.157 - - [22/Jan/2019:14:11:46 +0330] "GET /static/images/guarantees/fastDelivery.png HTTP/1.1" 200 7713 "https://www.zanbil.ir/browse/analog-watch/%D8%B3%D8%A7%D8%B9%D8%AA-%D9%85%DA%86%DB%8C-%D8%B9%D9%82%D8%B1%D8%A8%D9%87-%D8%A7%DB%8C" "Mozilla/5.0 (Windows NT 6.1; Trident/7.0; rv:11.0) like Gecko" "-"
2.181.160.157 - - [22/Jan/2019:14:11:46 +0330] "GET /static/images/guarantees/support.png HTTP/1.1" 200 6454 "https://www.zanbil.ir/browse/analog-watch/%D8%B3%D8%A7%D8%B9%D8%AA-%D9%85%DA%86%DB%8C-%D8%B9%D9%82%D8%B1%D8%A8%D9%87-%D8%A7%DB%8C" "Mozilla/5.0 (Windows NT 6.1; Trident/7.0; rv:11.0) like Gecko" "-"
46.224.89.237 - - [22/Jan/2019:14:11:46 +0330] "GET /image/238/brand HTTP/1.1" 200 2451 "https://www.zanbil.ir/browse/digital-supplies/%D9%84%D9%88%D8%A7%D8%B2%D9%85-%D8%AF%DB%8C%D8%AC%DB%8C%D8%AA%D8%A7%D9%84" "Mozilla/5.0 (Windows NT 6.1) AppleWebKit/537.36 (KHTML, like Gecko) Chrome/71.0.3578.98 Safari/537.36" "-"
2.181.160.157 - - [22/Jan/2019:14:11:46 +0330] "GET /static/images/guarantees/goodShopping.png HTTP/1.1" 200 6496 "https://www.zanbil.ir/browse/analog-watch/%D8%B3%D8%A7%D8%B9%D8%AA-%D9%85%DA%86%DB%8C-%D8%B9%D9%82%D8%B1%D8%A8%D9%87-%D8%A7%DB%8C" "Mozilla/5.0 (Windows NT 6.1; Trident/7.0; rv:11.0) like Gecko" "-"
46.224.89.237 - - [22/Jan/2019:14:11:46 +0330] "GET /image/67/brand HTTP/1.1" 200 2312 "https://www.zanbil.ir/browse/digital-supplies/%D9%84%D9%88%D8%A7%D8%B2%D9%85-%D8%AF%DB%8C%D8%AC%DB%8C%D8%AA%D8%A7%D9%84" "Mozilla/5.0 (Windows NT 6.1) AppleWebKit/537.36 (KHTML, like Gecko) Chrome/71.0.3578.98 Safari/537.36" "-"
2.181.160.157 - - [22/Jan/2019:14:11:46 +0330] "GET /static/images/guarantees/pos.png HTTP/1.1" 200 6465 "https://www.zanbil.ir/browse/analog-watch/%D8%B3%D8%A7%D8%B9%D8%AA-%D9%85%DA%86%DB%8C-%D8%B9%D9%82%D8%B1%D8%A8%D9%87-%D8%A7%DB%8C" "Mozilla/5.0 (Windows NT 6.1; Trident/7.0; rv:11.0) like Gecko" "-"
2.181.160.157 - - [22/Jan/2019:14:11:46 +0330] "GET /static/images/guarantees/bestPrice.png HTTP/1.1" 200 7356 "https://www.zanbil.ir/browse/analog-watch/%D8%B3%D8%A7%D8%B9%D8%AA-%D9%85%DA%86%DB%8C-%D8%B9%D9%82%D8%B1%D8%A8%D9%87-%D8%A7%DB%8C" "Mozilla/5.0 (Windows NT 6.1; Trident/7.0; rv:11.0) like Gecko" "-"
157.55.39.188 - - [22/Jan/2019:14:11:46 +0330] "GET /filter/b131,b42,b724 HTTP/1.1" 200 36353 "-" "Mozilla/5.0 (compatible; bingbot/2.0; +http://www.bing.com/bingbot.htm)" "-"
46.224.89.237 - - [22/Jan/2019:14:11:46 +0330] "GET /image/4/brand HTTP/1.1" 200 2099 "https://www.zanbil.ir/browse/digital-supplies/%D9%84%D9%88%D8%A7%D8%B2%D9%85-%D8%AF%DB%8C%D8%AC%DB%8C%D8%AA%D8%A7%D9%84" "Mozilla/5.0 (Windows NT 6.1) AppleWebKit/537.36 (KHTML, like Gecko) Chrome/71.0.3578.98 Safari/537.36" "-"
46.224.89.237 - - [22/Jan/2019:14:11:46 +0330] "GET /image/18/brand HTTP/1.1" 200 2437 "https://www.zanbil.ir/browse/digital-supplies/%D9%84%D9%88%D8%A7%D8%B2%D9%85-%D8%AF%DB%8C%D8%AC%DB%8C%D8%AA%D8%A7%D9%84" "Mozilla/5.0 (Windows NT 6.1) AppleWebKit/537.36 (KHTML, like Gecko) Chrome/71.0.3578.98 Safari/537.36" "-"
46.224.89.237 - - [22/Jan/2019:14:11:46 +0330] "GET /image/651/brand HTTP/1.1" 200 2576 "https://www.zanbil.ir/browse/digital-supplies/%D9%84%D9%88%D8%A7%D8%B2%D9%85-%D8%AF%DB%8C%D8%AC%DB%8C%D8%AA%D8%A7%D9%84" "Mozilla/5.0 (Windows NT 6.1) AppleWebKit/537.36 (KHTML, like Gecko) Chrome/71.0.3578.98 Safari/537.36" "-"
46.224.89.237 - - [22/Jan/2019:14:11:46 +0330] "GET /image/126/brand HTTP/1.1" 200 2436 "https://www.zanbil.ir/browse/digital-supplies/%D9%84%D9%88%D8%A7%D8%B2%D9%85-%D8%AF%DB%8C%D8%AC%DB%8C%D8%AA%D8%A7%D9%84" "Mozilla/5.0 (Windows NT 6.1) AppleWebKit/537.36 (KHTML, like Gecko) Chrome/71.0.3578.98 Safari/537.36" "-"
46.224.89.237 - - [22/Jan/2019:14:11:46 +0330] "GET /image/213/brand HTTP/1.1" 200 2328 "https://www.zanbil.ir/browse/digital-supplies/%D9%84%D9%88%D8%A7%D8%B2%D9%85-%D8%AF%DB%8C%D8%AC%DB%8C%D8%AA%D8%A7%D9%84" "Mozilla/5.0 (Windows NT 6.1) AppleWebKit/537.36 (KHTML, like Gecko) Chrome/71.0.3578.98 Safari/537.36" "-"
46.224.89.237 - - [22/Jan/2019:14:11:46 +0330] "GET /image/122/brand HTTP/1.1" 200 2256 "https://www.zanbil.ir/browse/digital-supplies/%D9%84%D9%88%D8%A7%D8%B2%D9%85-%D8%AF%DB%8C%D8%AC%DB%8C%D8%AA%D8%A7%D9%84" "Mozilla/5.0 (Windows NT 6.1) AppleWebKit/537.36 (KHTML, like Gecko) Chrome/71.0.3578.98 Safari/537.36" "-"
46.224.89.237 - - [22/Jan/2019:14:11:46 +0330] "GET /image/904/brand HTTP/1.1" 200 7339 "https://www.zanbil.ir/browse/digital-supplies/%D9%84%D9%88%D8%A7%D8%B2%D9%85-%D8%AF%DB%8C%D8%AC%DB%8C%D8%AA%D8%A7%D9%84" "Mozilla/5.0 (Windows NT 6.1) AppleWebKit/537.36 (KHTML, like Gecko) Chrome/71.0.3578.98 Safari/537.36" "-"
46.224.89.237 - - [22/Jan/2019:14:11:46 +0330] "GET /image/8/brand HTTP/1.1" 200 2427 "https://www.zanbil.ir/browse/digital-supplies/%D9%84%D9%88%D8%A7%D8%B2%D9%85-%D8%AF%DB%8C%D8%AC%DB%8C%D8%AA%D8%A7%D9%84" "Mozilla/5.0 (Windows NT 6.1) AppleWebKit/537.36 (KHTML, like Gecko) Chrome/71.0.3578.98 Safari/537.36" "-"
91.99.30.32 - - [22/Jan/2019:14:11:46 +0330] "GET /rapidGrails/jsonList?maxColumns=16&domainClass=eshop.Order&columns=[{%27name%27:%27trackingCode%27,%27width%27:110},{%27name%27:%27ownerName%27,%27width%27:120},{%27name%27:%27productsName%27,%27width%27:320,%27sortable%27:false},{%27name%27:%27ownerMobile%27,%27width%27:110},{%27name%27:%27deliveryMethodName%27,%27width%27:120,%27sortable%27:false},{%27name%27:%27deliveryCityName%27,%27width%27:120,%27sortable%27:false},{%27name%27:%27addressRegionName%27,%27width%27:120,%27sortable%27:false},{%27name%27:%27courier%27,%27width%27:120,%27expression%27:%27obj[\x5C%27courier\x5C%27]?.fullName%27},{%27name%27:%27status%27,%27width%27:110},{%27name%27:%27invoiceType%27,%27width%27:60,%27expression%27:%27g.message(code:%20obj[\x5C%27invoiceTypeCode\x5C%27])%27},{%27name%27:%27itemsDeliveryStatus%27,%27width%27:60},{%27name%27:%27creationType%27,%27width%27:50},{%27name%27:%27creationMedia%27,%27width%27:50},{%27name%27:%27completionMedia%27,%27width%27:50},{%27name%27:%27completionFollower%27,%27width%27:120},{%27name%27:%27lastActionDate%27,%27width%27:100,%27expression%27:%27rg.formatJalaliDate(date:%20%20obj[\x5C%27lastActionDate\x5C%27],%20hm:\x5C%27true\x5C%27%20)%27}]&filter=[{%22op%22:%22ilike%22,%22val%22:%22%25%DA%A9%D9%86%D9%88%D9%88%D8%AF%25%22,%22field%22:%22productsName%22},{%22op%22:%22inSession%22,%22val%22:%22orderList91768e8d6506434c90ecb0a73a4d62ef%22,%22field%22:%22id%22}]&_search=false&nd=1548153925966&rows=10&page=1&sidx=lastActionDate&sord=desc HTTP/1.1" 200 325 "https://www.zanbil.ir/orderAdministration/console/187421" "Mozilla/5.0 (Windows NT 10.0; Win64; x64) AppleWebKit/537.36 (KHTML, like Gecko) Chrome/71.0.3578.98 Safari/537.36" "-"
46.224.89.237 - - [22/Jan/2019:14:11:46 +0330] "GET /image/515/brand HTTP/1.1" 200 2226 "https://www.zanbil.ir/browse/digital-supplies/%D9%84%D9%88%D8%A7%D8%B2%D9%85-%D8%AF%DB%8C%D8%AC%DB%8C%D8%AA%D8%A7%D9%84" "Mozilla/5.0 (Windows NT 6.1) AppleWebKit/537.36 (KHTML, like Gecko) Chrome/71.0.3578.98 Safari/537.36" "-"
46.224.89.237 - - [22/Jan/2019:14:11:46 +0330] "GET /image/3/brand HTTP/1.1" 200 2885 "https://www.zanbil.ir/browse/digital-supplies/%D9%84%D9%88%D8%A7%D8%B2%D9%85-%D8%AF%DB%8C%D8%AC%DB%8C%D8%AA%D8%A7%D9%84" "Mozilla/5.0 (Windows NT 6.1) AppleWebKit/537.36 (KHTML, like Gecko) Chrome/71.0.3578.98 Safari/537.36" "-"
46.224.89.237 - - [22/Jan/2019:14:11:46 +0330] "GET /image/653/brand HTTP/1.1" 200 3190 "https://www.zanbil.ir/browse/digital-supplies/%D9%84%D9%88%D8%A7%D8%B2%D9%85-%D8%AF%DB%8C%D8%AC%DB%8C%D8%AA%D8%A7%D9%84" "Mozilla/5.0 (Windows NT 6.1) AppleWebKit/537.36 (KHTML, like Gecko) Chrome/71.0.3578.98 Safari/537.36" "-"
66.249.66.91 - - [22/Jan/2019:14:11:46 +0330] "GET /filter/b224%2Cb213%2Cb226%2Cb724%2Cb63%2Cb548%2Cb861%2Cb778%2Cb113%2Cb118%2Cb442%2Cb619%2Cb481%2Cb597%2Cb321%2Cb441%2Cb568%2Cb249%2Cb454%2Cstexists%2Cb879%2Cb19%2Cb203%2Cb795%2Cb900%2Cb35%2Cb2%2Cb209%2Cb258%2Cb183%2Cb883%2Cb880%2Cb99%2Cb523%2Cb188%2Cb904%2Cb596%2Cb484%2Cb878%2Cb8%2Cb400%2Cb135%2Cb901%2Cb202%2Cb43%2Cb703%2Cb270%2Cb80%2Cb497%2Cb32%2Cb440%2Cb180%2Cb143%2Cb151%2Cb4%2Cb651%2Cb656%2Cb216%2Cb148%2Cb147%2Cp1?page=9 HTTP/1.1" 200 41808 "-" "Mozilla/5.0 (compatible; Googlebot/2.1; +http://www.google.com/bot.html)" "-"
46.224.89.237 - - [22/Jan/2019:14:11:46 +0330] "GET /image/646/brand HTTP/1.1" 200 2394 "https://www.zanbil.ir/browse/digital-supplies/%D9%84%D9%88%D8%A7%D8%B2%D9%85-%D8%AF%DB%8C%D8%AC%DB%8C%D8%AA%D8%A7%D9%84" "Mozilla/5.0 (Windows NT 6.1) AppleWebKit/537.36 (KHTML, like Gecko) Chrome/71.0.3578.98 Safari/537.36" "-"
46.224.89.237 - - [22/Jan/2019:14:11:46 +0330] "GET /image/111/brand HTTP/1.1" 200 2503 "https://www.zanbil.ir/browse/digital-supplies/%D9%84%D9%88%D8%A7%D8%B2%D9%85-%D8%AF%DB%8C%D8%AC%DB%8C%D8%AA%D8%A7%D9%84" "Mozilla/5.0 (Windows NT 6.1) AppleWebKit/537.36 (KHTML, like Gecko) Chrome/71.0.3578.98 Safari/537.36" "-"
46.224.89.237 - - [22/Jan/2019:14:11:46 +0330] "GET /image/123/brand HTTP/1.1" 200 3314 "https://www.zanbil.ir/browse/digital-supplies/%D9%84%D9%88%D8%A7%D8%B2%D9%85-%D8%AF%DB%8C%D8%AC%DB%8C%D8%AA%D8%A7%D9%84" "Mozilla/5.0 (Windows NT 6.1) AppleWebKit/537.36 (KHTML, like Gecko) Chrome/71.0.3578.98 Safari/537.36" "-"
5.112.219.67 - - [22/Jan/2019:14:11:46 +0330] "GET /static/images/amp/instagram.png HTTP/1.1" 200 7146 "https://www.zanbil.ir/m/product/4468/%DA%A9%D9%88%D9%84%D8%B1-%DA%AF%D8%A7%D8%B2%DB%8C-%D8%A7%DB%8C%D8%B3%D8%AA%D8%A7%D8%AF%D9%87-%D8%A7%D9%84-%D8%AC%DB%8C-%D9%85%D8%AF%D9%84-Air-Conditioner-Floor-Standing-LP-H508TC0" "Mozilla/5.0 (Linux; Android 7.0; SAMSUNG SM-G928C Build/NRD90M) AppleWebKit/537.36 (KHTML, like Gecko) SamsungBrowser/5.2 Chrome/51.0.2704.106 Mobile Safari/537.36" "-"
5.112.219.67 - - [22/Jan/2019:14:11:46 +0330] "GET /static/images/amp/blog.png HTTP/1.1" 200 3863 "https://www.zanbil.ir/m/product/4468/%DA%A9%D9%88%D9%84%D8%B1-%DA%AF%D8%A7%D8%B2%DB%8C-%D8%A7%DB%8C%D8%B3%D8%AA%D8%A7%D8%AF%D9%87-%D8%A7%D9%84-%D8%AC%DB%8C-%D9%85%D8%AF%D9%84-Air-Conditioner-Floor-Standing-LP-H508TC0" "Mozilla/5.0 (Linux; Android 7.0; SAMSUNG SM-G928C Build/NRD90M) AppleWebKit/537.36 (KHTML, like Gecko) SamsungBrowser/5.2 Chrome/51.0.2704.106 Mobile Safari/537.36" "-"
5.112.219.67 - - [22/Jan/2019:14:11:46 +0330] "GET /static/images/amp/telegram.png HTTP/1.1" 200 4859 "https://www.zanbil.ir/m/product/4468/%DA%A9%D9%88%D9%84%D8%B1-%DA%AF%D8%A7%D8%B2%DB%8C-%D8%A7%DB%8C%D8%B3%D8%AA%D8%A7%D8%AF%D9%87-%D8%A7%D9%84-%D8%AC%DB%8C-%D9%85%D8%AF%D9%84-Air-Conditioner-Floor-Standing-LP-H508TC0" "Mozilla/5.0 (Linux; Android 7.0; SAMSUNG SM-G928C Build/NRD90M) AppleWebKit/537.36 (KHTML, like Gecko) SamsungBrowser/5.2 Chrome/51.0.2704.106 Mobile Safari/537.36" "-"
46.224.89.237 - - [22/Jan/2019:14:11:46 +0330] "GET /image/120/brand HTTP/1.1" 200 2116 "https://www.zanbil.ir/browse/digital-supplies/%D9%84%D9%88%D8%A7%D8%B2%D9%85-%D8%AF%DB%8C%D8%AC%DB%8C%D8%AA%D8%A7%D9%84" "Mozilla/5.0 (Windows NT 6.1) AppleWebKit/537.36 (KHTML, like Gecko) Chrome/71.0.3578.98 Safari/537.36" "-"
5.112.219.67 - - [22/Jan/2019:14:11:46 +0330] "GET /static/images/amp/third-party/footer-mobile.png HTTP/1.1" 200 62894 "https://www.zanbil.ir/m/product/4468/%DA%A9%D9%88%D9%84%D8%B1-%DA%AF%D8%A7%D8%B2%DB%8C-%D8%A7%DB%8C%D8%B3%D8%AA%D8%A7%D8%AF%D9%87-%D8%A7%D9%84-%D8%AC%DB%8C-%D9%85%D8%AF%D9%84-Air-Conditioner-Floor-Standing-LP-H508TC0" "Mozilla/5.0 (Linux; Android 7.0; SAMSUNG SM-G928C Build/NRD90M) AppleWebKit/537.36 (KHTML, like Gecko) SamsungBrowser/5.2 Chrome/51.0.2704.106 Mobile Safari/537.36" "-"
46.224.89.237 - - [22/Jan/2019:14:11:46 +0330] "GET /image/650/brand HTTP/1.1" 200 2847 "https://www.zanbil.ir/browse/digital-supplies/%D9%84%D9%88%D8%A7%D8%B2%D9%85-%D8%AF%DB%8C%D8%AC%DB%8C%D8%AA%D8%A7%D9%84" "Mozilla/5.0 (Windows NT 6.1) AppleWebKit/537.36 (KHTML, like Gecko) Chrome/71.0.3578.98 Safari/537.36" "-"
46.224.89.237 - - [22/Jan/2019:14:11:46 +0330] "GET /image/898/brand HTTP/1.1" 200 3906 "https://www.zanbil.ir/browse/digital-supplies/%D9%84%D9%88%D8%A7%D8%B2%D9%85-%D8%AF%DB%8C%D8%AC%DB%8C%D8%AA%D8%A7%D9%84" "Mozilla/5.0 (Windows NT 6.1) AppleWebKit/537.36 (KHTML, like Gecko) Chrome/71.0.3578.98 Safari/537.36" "-"
46.224.89.237 - - [22/Jan/2019:14:11:46 +0330] "GET /image/83/brand HTTP/1.1" 200 2809 "https://www.zanbil.ir/browse/digital-supplies/%D9%84%D9%88%D8%A7%D8%B2%D9%85-%D8%AF%DB%8C%D8%AC%DB%8C%D8%AA%D8%A7%D9%84" "Mozilla/5.0 (Windows NT 6.1) AppleWebKit/537.36 (KHTML, like Gecko) Chrome/71.0.3578.98 Safari/537.36" "-"
46.224.89.237 - - [22/Jan/2019:14:11:46 +0330] "GET /image/175/brand HTTP/1.1" 200 2322 "https://www.zanbil.ir/browse/digital-supplies/%D9%84%D9%88%D8%A7%D8%B2%D9%85-%D8%AF%DB%8C%D8%AC%DB%8C%D8%AA%D8%A7%D9%84" "Mozilla/5.0 (Windows NT 6.1) AppleWebKit/537.36 (KHTML, like Gecko) Chrome/71.0.3578.98 Safari/537.36" "-"
46.224.89.237 - - [22/Jan/2019:14:11:46 +0330] "GET /image/652/brand HTTP/1.1" 200 2876 "https://www.zanbil.ir/browse/digital-supplies/%D9%84%D9%88%D8%A7%D8%B2%D9%85-%D8%AF%DB%8C%D8%AC%DB%8C%D8%AA%D8%A7%D9%84" "Mozilla/5.0 (Windows NT 6.1) AppleWebKit/537.36 (KHTML, like Gecko) Chrome/71.0.3578.98 Safari/537.36" "-"
46.224.89.237 - - [22/Jan/2019:14:11:46 +0330] "GET /image/57/brand HTTP/1.1" 200 2878 "https://www.zanbil.ir/browse/digital-supplies/%D9%84%D9%88%D8%A7%D8%B2%D9%85-%D8%AF%DB%8C%D8%AC%DB%8C%D8%AA%D8%A7%D9%84" "Mozilla/5.0 (Windows NT 6.1) AppleWebKit/537.36 (KHTML, like Gecko) Chrome/71.0.3578.98 Safari/537.36" "-"
46.224.89.237 - - [22/Jan/2019:14:11:46 +0330] "GET /image/517/brand HTTP/1.1" 200 2063 "https://www.zanbil.ir/browse/digital-supplies/%D9%84%D9%88%D8%A7%D8%B2%D9%85-%D8%AF%DB%8C%D8%AC%DB%8C%D8%AA%D8%A7%D9%84" "Mozilla/5.0 (Windows NT 6.1) AppleWebKit/537.36 (KHTML, like Gecko) Chrome/71.0.3578.98 Safari/537.36" "-"
46.224.89.237 - - [22/Jan/2019:14:11:46 +0330] "GET /image/114/brand HTTP/1.1" 200 2112 "https://www.zanbil.ir/browse/digital-supplies/%D9%84%D9%88%D8%A7%D8%B2%D9%85-%D8%AF%DB%8C%D8%AC%DB%8C%D8%AA%D8%A7%D9%84" "Mozilla/5.0 (Windows NT 6.1) AppleWebKit/537.36 (KHTML, like Gecko) Chrome/71.0.3578.98 Safari/537.36" "-"
31.184.135.120 - - [22/Jan/2019:14:11:46 +0330] "GET /filter?f=b1,b103,b105,b135,b508,b594&o=b HTTP/1.1" 301 178 "http://www.zanbil.ir/" "Mozilla/5.0 (compatible; Parsijoobot; +http://www.parsijoo.ir/bot.html; crawler@parsijoo.ir)" "-"
198.52.38.67 - - [22/Jan/2019:14:11:46 +0330] "GET /static/images/amp/telegram.png HTTP/1.1" 200 4859 "https://www.zanbil.ir/m/browse/hood/%D9%87%D9%88%D8%AF" "Mozilla/5.0 (Linux; Android 7.1.1; SM-J510F Build/NMF26X) AppleWebKit/537.36 (KHTML, like Gecko) Chrome/67.0.3396.87 Mobile Safari/537.36" "-"
198.52.38.67 - - [22/Jan/2019:14:11:46 +0330] "GET /static/images/amp/blog.png HTTP/1.1" 200 3863 "https://www.zanbil.ir/m/browse/hood/%D9%87%D9%88%D8%AF" "Mozilla/5.0 (Linux; Android 7.1.1; SM-J510F Build/NMF26X) AppleWebKit/537.36 (KHTML, like Gecko) Chrome/67.0.3396.87 Mobile Safari/537.36" "-"
151.239.241.163 - - [22/Jan/2019:14:11:46 +0330] "POST /orderAdministration/list/updating HTTP/1.1" 200 2583 "https://www.zanbil.ir/orderAdministration/console" "Mozilla/5.0 (Windows NT 6.1; Win64; x64) AppleWebKit/537.36 (KHTML, like Gecko) Chrome/71.0.3578.98 Safari/537.36" "-"
151.239.241.163 - - [22/Jan/2019:14:11:46 +0330] "GET /plugins/rapid-grails-0.1/js/criteria.js?_=1548153928808 HTTP/1.1" 302 0 "https://www.zanbil.ir/orderAdministration/console" "Mozilla/5.0 (Windows NT 6.1; Win64; x64) AppleWebKit/537.36 (KHTML, like Gecko) Chrome/71.0.3578.98 Safari/537.36" "-"
5.216.147.230 - - [22/Jan/2019:14:11:46 +0330] "GET /image/62616/productModel/200x200 HTTP/1.1" 200 6894 "https://www.zanbil.ir/m/filter/p8391%2Cb194%2Ct173?page=1" "Mozilla/5.0 (Linux; Android 5.1.1; SM-J320F) AppleWebKit/537.36 (KHTML, like Gecko) Chrome/70.0.3538.64 Mobile Safari/537.36" "-"
207.46.13.199 - - [22/Jan/2019:14:11:46 +0330] "GET /filter/b1,b146,b36,b87,p51 HTTP/1.1" 200 35655 "-" "Mozilla/5.0 (compatible; bingbot/2.0; +http://www.bing.com/bingbot.htm)" "-"
54.36.148.26 - - [22/Jan/2019:14:11:46 +0330] "GET /product/22313/54336 HTTP/1.1" 200 39746 "-" "Mozilla/5.0 (compatible; AhrefsBot/6.1; +http://ahrefs.com/robot/)" "-"
109.125.152.201 - - [22/Jan/2019:14:11:46 +0330] "GET /image/33888?name=model-b2048u-1-.jpg&wh=200x200 HTTP/1.1" 200 3975 "-" "Dalvik/2.1.0 (Linux; U; Android 6.0.1; SM-A500H Build/MMB29M)" "-"
