54.36.148.14 - - [22/Jan/2019:03:57:47 +0330] "GET /filter/p7%2Cv1%7C%D8%A7%D8%B3%D8%AA%DB%8C%D9%84%20%D9%85%D8%B4%DA%A9%DB%8C.%2Ct103 HTTP/1.1" 200 33441 "-" "Mozilla/5.0 (compatible; AhrefsBot/6.1; +http://ahrefs.com/robot/)" "-"
66.249.66.91 - - [22/Jan/2019:03:57:47 +0330] "GET /filter/b656%2Cb703%2Cb32%2Cb67%2Cb226%2Cb41%2Cb598%2Cb168%2Cb723%2Cb597%2Cb88%2Cb548%2Cb6%2Cb679%2Cb215%2Cb105%2Cb194%2Cb74%2Cb542%2Cb35%2Cb113%2Cb820%2Cb574%2Cb442%2Cb880%2Cb645%2Cb724%2Cb118%2Cb482%2Cb400%2Cb95%2Cb135%2Cb249%2Cb435%2Cb221%2Cb523%2Cb854%2Cb126%2Cstexists%2Cb216%2Cb217%2Cb152%2Cb99%2Cb188%2Cb209%2Cb192%2Cb213%2Cb136%2Cb218%2Cb4%2Cb546?page=7 HTTP/1.1" 200 41262 "-" "Mozilla/5.0 (compatible; Googlebot/2.1; +http://www.google.com/bot.html)" "-"
207.46.13.136 - - [22/Jan/2019:03:57:47 +0330] "GET /filter/b1%2Cb190%2Cb312%2Cb36%2Cb591%2Cb99 HTTP/1.1" 200 37795 "-" "Mozilla/5.0 (compatible; bingbot/2.0; +http://www.bing.com/bingbot.htm)" "-"
157.55.39.245 - - [22/Jan/2019:03:57:48 +0330] "GET /product/32137/%D9%85%D8%A7%D8%B4%DB%8C%D9%86-%D9%84%D8%A8%D8%A7%D8%B3%D8%B4%D9%88%DB%8C%DB%8C-%D8%AF%D8%B1%D8%A8-%D8%A7%D8%B2-%D8%AC%D9%84%D9%88-%D8%A7%D9%84-%D8%AC%DB%8C-%D9%85%D8%AF%D9%84-LG-WM-843S-8Kg HTTP/1.1" 200 43699 "-" "Mozilla/5.0 (iPhone; CPU iPhone OS 7_0 like Mac OS X) AppleWebKit/537.51.1 (KHTML, like Gecko) Version/7.0 Mobile/11A465 Safari/9537.53 (compatible; bingbot/2.0; +http://www.bing.com/bingbot.htm)" "-"
51.15.15.54 - - [22/Jan/2019:03:57:48 +0330] "GET /blog/tag/%D8%B9%D8%B7%D8%B1/ HTTP/1.1" 200 21212 "-" "Barkrowler/0.9 (+http://www.exensa.com/crawl)" "-"
130.185.74.243 - - [22/Jan/2019:03:57:48 +0330] "GET /filter/stexists,p53,b20,b172,b14,b92?page=5 HTTP/1.1" 200 30607 "-" "Mozilla/5.0 (Windows NT 6.1; rv:42.0) Gecko/20100101 Firefox/42.0" "-"
66.249.66.194 - - [22/Jan/2019:03:57:48 +0330] "GET /m/filter/b103,b105,b113,b118,b126,b135,b136,b143,b148,b151,b152,b183,b185,b186,b188,b19,b194,b198,b20,b202,b209,b212,b219,b22,b221,b226,b236,b238,b249,b256,b270,b308,b35,b4,b400,b42,b43,b454,b481,b485,b497,b523,b546,b548,b568,b570,b584,b596,b597,b6,b613,b651,b701,b703,b723,b74,b778,b80,b861,b877,b88,b880,b883,b890,b900,b903,b95 HTTP/1.1" 200 27768 "-" "Mozilla/5.0 (Linux; Android 6.0.1; Nexus 5X Build/MMB29P) AppleWebKit/537.36 (KHTML, like Gecko) Chrome/41.0.2272.96 Mobile Safari/537.36 (compatible; Googlebot/2.1; +http://www.google.com/bot.html)" "-"
31.56.96.51 - - [22/Jan/2019:03:57:49 +0330] "GET /settings/logo HTTP/1.1" 200 4120 "https://www.zanbil.ir/m/filter/p62%2Cb5" "Mozilla/5.0 (Linux; Android 6.0; ALE-L21 Build/HuaweiALE-L21) AppleWebKit/537.36 (KHTML, like Gecko) Chrome/66.0.3359.158 Mobile Safari/537.36" "-"
31.56.96.51 - - [22/Jan/2019:03:57:49 +0330] "GET /image/64998/productModel/200x200 HTTP/1.1" 200 7902 "https://www.zanbil.ir/m/filter/p62%2Cb5" "Mozilla/5.0 (Linux; Android 6.0; ALE-L21 Build/HuaweiALE-L21) AppleWebKit/537.36 (KHTML, like Gecko) Chrome/66.0.3359.158 Mobile Safari/537.36" "-"
130.185.74.243 - - [22/Jan/2019:03:57:49 +0330] "GET /filter/stexists,p53,b165 HTTP/1.1" 200 30498 "-" "Mozilla/5.0 (Windows NT 6.1; rv:42.0) Gecko/20100101 Firefox/42.0" "-"
31.56.96.51 - - [22/Jan/2019:03:57:49 +0330] "GET /image/65004/productModel/200x200 HTTP/1.1" 200 7759 "https://www.zanbil.ir/m/filter/p62%2Cb5" "Mozilla/5.0 (Linux; Android 6.0; ALE-L21 Build/HuaweiALE-L21) AppleWebKit/537.36 (KHTML, like Gecko) Chrome/66.0.3359.158 Mobile Safari/537.36" "-"
46.224.77.32 - - [22/Jan/2019:03:57:49 +0330] "GET /image/3579?name=1139.jpg&wh=200x200 HTTP/1.1" 200 6173 "-" "Dalvik/1.6.0 (Linux; U; Android 4.2.2; HUAWEI G730-U10 Build/HuaweiG730-U10)" "-"
31.56.96.51 - - [22/Jan/2019:03:57:49 +0330] "GET /image/57737/productModel/200x200 HTTP/1.1" 200 4361 "https://www.zanbil.ir/m/filter/p62%2Cb5" "Mozilla/5.0 (Linux; Android 6.0; ALE-L21 Build/HuaweiALE-L21) AppleWebKit/537.36 (KHTML, like Gecko) Chrome/66.0.3359.158 Mobile Safari/537.36" "-"
5.160.157.20 - - [22/Jan/2019:03:57:49 +0330] "GET /filter?f=p12250&page=2 HTTP/1.1" 301 178 "-" "Mozilla/5.0 (Windows NT 5.1; rv:8.0) Gecko/20100101 Firefox/8.0" "-"
5.160.157.20 - - [22/Jan/2019:03:57:50 +0330] "GET /filter?f=p53,b19&o=b&page=1 HTTP/1.1" 301 178 "-" "Mozilla/5.0 (Windows NT 5.1; rv:8.0) Gecko/20100101 Firefox/8.0" "-"
31.56.96.51 - - [22/Jan/2019:03:57:50 +0330] "GET /image/64339/productModel/200x200 HTTP/1.1" 200 6122 "https://www.zanbil.ir/m/filter/p62%2Cb5" "Mozilla/5.0 (Linux; Android 6.0; ALE-L21 Build/HuaweiALE-L21) AppleWebKit/537.36 (KHTML, like Gecko) Chrome/66.0.3359.158 Mobile Safari/537.36" "-"
31.56.96.51 - - [22/Jan/2019:03:57:50 +0330] "GET /image/57731/productModel/200x200 HTTP/1.1" 200 4361 "https://www.zanbil.ir/m/filter/p62%2Cb5" "Mozilla/5.0 (Linux; Android 6.0; ALE-L21 Build/HuaweiALE-L21) AppleWebKit/537.36 (KHTML, like Gecko) Chrome/66.0.3359.158 Mobile Safari/537.36" "-"
46.224.77.32 - - [22/Jan/2019:03:57:50 +0330] "GET /image/29389?name=photo_2015-11-21_10-14-14.jpg&wh=200x200 HTTP/1.1" 200 4900 "-" "Dalvik/1.6.0 (Linux; U; Android 4.2.2; HUAWEI G730-U10 Build/HuaweiG730-U10)" "-"
130.185.74.243 - - [22/Jan/2019:03:57:50 +0330] "GET /filter/stexists,p12594 HTTP/1.1" 200 32521 "-" "Mozilla/5.0 (Windows NT 6.1; rv:42.0) Gecko/20100101 Firefox/42.0" "-"
66.249.66.91 - - [22/Jan/2019:03:57:51 +0330] "GET /filter/b481%2Cb226%2Cb570%2Cb80%2Cb270%2Cb903%2Cb883%2Cb99%2Cb152%2Cb249%2Cb20%2Cb701%2Cb723%2Cb42%2Cb198%2Cb35%2Cb183%2Cb219%2Cb308%2Cb126%2Cb900%2Cb188%2Cb890%2Cb236%2Cb256%2Cb74%2Cb400%2Cb209%2Cb454%2Cb651%2Cb202%2Cb4%2Cb22%2Cb238%2Cb6%2Cb596%2Cb143%2Cb877%2Cb485%2Cb221%2Cb194%2Cb136%2Cb647%2Cb497%2Cb546%2Cb105%2Cb185%2Cb95%2Cb568%2Cb43%2Cb597%2Cb820%2Cb613%2Cb880%2Cb861%2Cb135%2Cb186%2Cb778%2Cb482%2Cb118%2Cb484%2Cb879%2Cb67%2Cp5506%2Cb214?page=14 HTTP/1.1" 200 41694 "-" "Mozilla/5.0 (compatible; Googlebot/2.1; +http://www.google.com/bot.html)" "-"
66.249.66.91 - - [22/Jan/2019:03:57:51 +0330] "GET /filter/b481%2Cb226%2Cb570%2Cb80%2Cb270%2Cb903%2Cb883%2Cb152%2Cb249%2Cb20%2Cb701%2Cb723%2Cb42%2Cb198%2Cb35%2Cb183%2Cb219%2Cb308%2Cb126%2Cb523%2Cb900%2Cb188%2Cb703%2Cb890%2Cb236%2Cb74%2Cb400%2Cb209%2Cb19%2Cb454%2Cb651%2Cb202%2Cb4%2Cb22%2Cb238%2Cb6%2Cb596%2Cb143%2Cb877%2Cb485%2Cb221%2Cb194%2Cb136%2Cb647%2Cb497%2Cb546%2Cb105%2Cb185%2Cb568%2Cb151%2Cb88%2Cb43%2Cb597%2Cb103%2Cb613%2Cb880%2Cb212%2Cb861%2Cb148%2Cb135%2Cb186%2Cb778%2Cb113%2Cb99%2Cb584%2Cb724%2Cb224?page=184 HTTP/1.1" 200 41588 "-" "Mozilla/5.0 (compatible; Googlebot/2.1; +http://www.google.com/bot.html)" "-"
130.185.74.243 - - [22/Jan/2019:03:57:51 +0330] "GET /filter/stexists,p12594?page=1 HTTP/1.1" 200 30791 "-" "Mozilla/5.0 (Windows NT 6.1; rv:42.0) Gecko/20100101 Firefox/42.0" "-"
207.46.13.136 - - [22/Jan/2019:03:57:51 +0330] "GET /filter/b1,b103,b105,b109,b111,b113,b135,b144,b148,b176,b186,b200,b221,b261,b291,b52,b542,b77,b80,b83,p5506 HTTP/1.1" 200 38578 "-" "Mozilla/5.0 (compatible; bingbot/2.0; +http://www.bing.com/bingbot.htm)" "-"
54.36.148.197 - - [22/Jan/2019:03:57:51 +0330] "GET /filter/b431%2Cb645 HTTP/1.1" 200 36515 "-" "Mozilla/5.0 (compatible; AhrefsBot/6.1; +http://ahrefs.com/robot/)" "-"
207.46.13.136 - - [22/Jan/2019:03:57:51 +0330] "GET /filter/b109,b135,b58,b70,b778,b8 HTTP/1.1" 200 37680 "-" "Mozilla/5.0 (compatible; bingbot/2.0; +http://www.bing.com/bingbot.htm)" "-"
66.249.66.194 - - [22/Jan/2019:03:57:52 +0330] "GET /m/filter/b105,b118,b126,b135,b136,b143,b152,b183,b185,b186,b188,b194,b198,b20,b202,b209,b219,b22,b221,b226,b236,b238,b249,b256,b270,b308,b35,b4,b400,b42,b43,b454,b481,b482,b484,b485,b497,b546,b568,b570,b596,b597,b6,b613,b647,b651,b67,b701,b723,b74,b778,b80,b820,b861,b877,b879,b880,b883,b890,b900,b903,b95,b99,p5506 HTTP/1.1" 200 24531 "-" "Mozilla/5.0 (Linux; Android 6.0.1; Nexus 5X Build/MMB29P) AppleWebKit/537.36 (KHTML, like Gecko) Chrome/41.0.2272.96 Mobile Safari/537.36 (compatible; Googlebot/2.1; +http://www.google.com/bot.html)" "-"
91.99.72.15 - - [22/Jan/2019:03:57:53 +0330] "GET /product/31656/61761/%D8%B3%D8%A7%D8%B9%D8%AA-%D9%85%DA%86%DB%8C-%D8%B9%D9%82%D8%B1%D8%A8%D9%87-%D8%A7%DB%8C-%D9%85%D8%B1%D8%AF%D8%A7%D9%86%D9%87-%DA%A9%D8%A7%D8%AA%D8%B1%D9%BE%DB%8C%D9%84%D8%A7%D8%B1-%D9%85%D8%AF%D9%84-LB.111.24.134 HTTP/1.1" 200 41232 "-" "Mozilla/5.0 (Macintosh; Intel Mac OS X 10_7_3) AppleWebKit/534.55.3 (KHTML, like Gecko) Version/5.1.3 Safari/534.53.10" "-"
130.185.74.243 - - [22/Jan/2019:03:57:53 +0330] "GET /filter/stexists,p12594?page=2 HTTP/1.1" 200 30792 "-" "Mozilla/5.0 (Windows NT 6.1; rv:42.0) Gecko/20100101 Firefox/42.0" "-"
54.36.149.54 - - [22/Jan/2019:03:57:53 +0330] "GET /filter/b58%2Cp4703%2Cv1%7C%D9%85%D8%B4%DA%A9%DB%8C. HTTP/1.1" 200 31495 "-" "Mozilla/5.0 (compatible; AhrefsBot/6.1; +http://ahrefs.com/robot/)" "-"
54.36.148.70 - - [22/Jan/2019:03:57:53 +0330] "GET /product/26531/54272/%D9%85%D8%A7%D8%B4%DB%8C%D9%86-%D8%B8%D8%B1%D9%81%D8%B4%D9%88%DB%8C%DB%8C-%D8%A7%DB%8C%D8%B3%D8%AA%D8%A7%D8%AF%D9%87-%D8%A7%D9%84-%D8%AC%DB%8C-%D9%85%D8%AF%D9%84-DC34W HTTP/1.1" 200 44253 "-" "Mozilla/5.0 (compatible; AhrefsBot/6.1; +http://ahrefs.com/robot/)" "-"
46.224.77.32 - - [22/Jan/2019:03:57:54 +0330] "GET /image/3576?name=1149.jpg&wh=200x200 HTTP/1.1" 200 6817 "-" "Dalvik/1.6.0 (Linux; U; Android 4.2.2; HUAWEI G730-U10 Build/HuaweiG730-U10)" "-"
66.249.66.91 - - [22/Jan/2019:03:57:54 +0330] "GET /filter/b481%2Cb874%2Cb226%2Cb570%2Cb598%2Cstexists%2Cb880%2Cb270%2Cb883%2Cb99%2Cb261%2Cb249%2Cb20%2Cb701%2Cb42%2Cb879%2Cb548%2Cb183%2Cb88%2Cb308%2Cb103%2Cb1%2Cb126%2Cb523%2Cb900%2Cb192%2Cb188%2Cb703%2Cb890%2Cb148%2Cb256%2Cb454%2Cb651%2Cb41%2Cb647%2Cb22%2Cb613%2Cb6%2Cb221%2Cb36%2Cb614%2Cb3%2Cb216%2Cb218%2Cb136%2Cb573%2Cb151%2Cb185%2Cb32%2Cb441%2Cb143%2Cb648%2Cb203%2Cb877%2Cb231%2Cb485%2Cb147?page=5 HTTP/1.1" 200 41325 "-" "Mozilla/5.0 (compatible; Googlebot/2.1; +http://www.google.com/bot.html)" "-"
157.55.39.245 - - [22/Jan/2019:03:57:54 +0330] "GET /product/31919/62122/%D8%AF%D8%B3%D8%AA%DA%AF%D8%A7%D9%87-%D9%BE%D8%A7%DA%A9%D8%B3%D8%A7%D8%B2%DB%8C-%D9%88-%D8%B3%D9%88%D9%86%D8%A7%DB%8C-%D8%B5%D9%88%D8%B1%D8%AA-%D8%B1%D9%85%DB%8C%D9%86%DA%AF%D8%AA%D9%88%D9%86-%D9%85%D8%AF%D9%84-FC2000 HTTP/1.1" 200 41809 "-" "Mozilla/5.0 (compatible; bingbot/2.0; +http://www.bing.com/bingbot.htm)" "-"
207.46.13.136 - - [22/Jan/2019:03:57:54 +0330] "GET /filter/b132,b2,b42 HTTP/1.1" 200 37369 "-" "Mozilla/5.0 (compatible; bingbot/2.0; +http://www.bing.com/bingbot.htm)" "-"
130.185.74.243 - - [22/Jan/2019:03:57:54 +0330] "GET /filter/stexists,p12594?page=3 HTTP/1.1" 200 30792 "-" "Mozilla/5.0 (Windows NT 6.1; rv:42.0) Gecko/20100101 Firefox/42.0" "-"
207.46.13.104 - - [22/Jan/2019:03:57:54 +0330] "GET /filter/b135%2Cb4%2Cp1 HTTP/1.1" 200 37776 "-" "Mozilla/5.0 (compatible; bingbot/2.0; +http://www.bing.com/bingbot.htm)" "-"
91.99.72.15 - - [22/Jan/2019:03:57:54 +0330] "GET /product/15856?model=29949 HTTP/1.1" 200 41349 "-" "Mozilla/5.0 (Windows NT 6.2; Win64; x64; rv:16.0)Gecko/16.0 Firefox/16.0" "-"
66.249.66.194 - - [22/Jan/2019:03:57:54 +0330] "GET /m/filter/b1,p6 HTTP/1.1" 200 19486 "-" "Mozilla/5.0 (Linux; Android 6.0.1; Nexus 5X Build/MMB29P) AppleWebKit/537.36 (KHTML, like Gecko) Chrome/41.0.2272.96 Mobile Safari/537.36 (compatible; Googlebot/2.1; +http://www.google.com/bot.html)" "-"
91.99.72.15 - - [22/Jan/2019:03:57:55 +0330] "GET /product/29158/58414/%D8%A7%D9%BE%DB%8C%D9%84%D8%A7%D8%AA%D9%88%D8%B1-%D8%A8%D8%B1%D8%A7%D9%88%D9%86-%D9%85%D8%AF%D9%84-3170 HTTP/1.1" 200 41843 "-" "Mozilla/5.0 (Windows NT 6.1; WOW64) AppleWebKit/535.7(KHTML, like Gecko) Chrome/16.0.912.36 Safari/535.7" "-"
130.185.74.243 - - [22/Jan/2019:03:57:55 +0330] "GET /filter/stexists,p18556 HTTP/1.1" 200 29374 "-" "Mozilla/5.0 (Windows NT 6.1; rv:42.0) Gecko/20100101 Firefox/42.0" "-"
207.46.13.136 - - [22/Jan/2019:03:57:55 +0330] "GET /filter/b1%2Cb277%2Cb343%2Cb36%2Cb504%2Cb202 HTTP/1.1" 200 37901 "-" "Mozilla/5.0 (compatible; bingbot/2.0; +http://www.bing.com/bingbot.htm)" "-"
130.185.74.243 - - [22/Jan/2019:03:57:55 +0330] "GET /filter/stexists,p18556?page=1 HTTP/1.1" 200 29391 "-" "Mozilla/5.0 (Windows NT 6.1; rv:42.0) Gecko/20100101 Firefox/42.0" "-"
91.99.72.15 - - [22/Jan/2019:03:57:56 +0330] "GET /product/27603/56107/%D8%A7%D8%AA%D9%88-%D9%85%D9%88-%D8%A8%D8%A7%D8%A8%DB%8C%D9%84%DB%8C%D8%B3-%D9%85%D8%AF%D9%84-I-pro-235-XL-ST389E HTTP/1.1" 200 41332 "-" "Mozilla/5.0 (Windows NT 6.2; Win64; x64; rv:16.0)Gecko/16.0 Firefox/16.0" "-"
172.20.2.174 - - [22/Jan/2019:03:57:56 +0330] "GET /site/ping HTTP/1.1" 200 4 "-" "-" "-"
5.217.191.165 - - [22/Jan/2019:03:57:56 +0330] "GET /image/27142?name=mdn76.jpg&wh=200x200 HTTP/1.1" 200 3294 "-" "Dalvik/2.1.0 (Linux; U; Android 6.0; LG-K430 Build/MRA58K)" "-"
5.217.191.165 - - [22/Jan/2019:03:57:56 +0330] "GET /image/33888?name=model-b2048u-1-.jpg&wh=200x200 HTTP/1.1" 200 3975 "-" "Dalvik/2.1.0 (Linux; U; Android 6.0; LG-K430 Build/MRA58K)" "-"
130.185.74.243 - - [22/Jan/2019:03:57:56 +0330] "GET /filter/stexists,p12601 HTTP/1.1" 200 33984 "-" "Mozilla/5.0 (Windows NT 6.1; rv:42.0) Gecko/20100101 Firefox/42.0" "-"
157.55.39.175 - - [22/Jan/2019:03:57:57 +0330] "GET /image/26352?name=gandulita-plegable-nippy.jpg&wh=200x200 HTTP/1.1" 200 6177 "-" "Mozilla/5.0 (compatible; bingbot/2.0; +http://www.bing.com/bingbot.htm)" "-"
178.131.133.79 - - [22/Jan/2019:03:57:57 +0330] "GET /image/34241?name=r402-1.jpg&wh=200x200 HTTP/1.1" 200 3836 "https://torob.com/" "Mozilla/5.0 (iPhone; CPU iPhone OS 12_1 like Mac OS X) AppleWebKit/605.1.15 (KHTML, like Gecko) CriOS/71.0.3578.89 Mobile/15E148 Safari/605.1" "-"
207.46.13.136 - - [22/Jan/2019:03:57:57 +0330] "GET /product/30345?model=60027 HTTP/1.1" 200 41012 "-" "Mozilla/5.0 (compatible; bingbot/2.0; +http://www.bing.com/bingbot.htm)" "-"
31.56.96.51 - - [22/Jan/2019:03:57:57 +0330] "GET /image/57742/productModel/200x200 HTTP/1.1" 200 4585 "https://www.zanbil.ir/m/filter/p62%2Cb5" "Mozilla/5.0 (Linux; Android 6.0; ALE-L21 Build/HuaweiALE-L21) AppleWebKit/537.36 (KHTML, like Gecko) Chrome/66.0.3359.158 Mobile Safari/537.36" "-"
31.56.96.51 - - [22/Jan/2019:03:57:57 +0330] "GET /image/64332/productModel/200x200 HTTP/1.1" 200 6122 "https://www.zanbil.ir/m/filter/p62%2Cb5" "Mozilla/5.0 (Linux; Android 6.0; ALE-L21 Build/HuaweiALE-L21) AppleWebKit/537.36 (KHTML, like Gecko) Chrome/66.0.3359.158 Mobile Safari/537.36" "-"
31.56.96.51 - - [22/Jan/2019:03:57:57 +0330] "GET /image/64984/productModel/200x200 HTTP/1.1" 200 5016 "https://www.zanbil.ir/m/filter/p62%2Cb5" "Mozilla/5.0 (Linux; Android 6.0; ALE-L21 Build/HuaweiALE-L21) AppleWebKit/537.36 (KHTML, like Gecko) Chrome/66.0.3359.158 Mobile Safari/537.36" "-"
31.56.96.51 - - [22/Jan/2019:03:57:57 +0330] "GET /image/57716/productModel/200x200 HTTP/1.1" 200 4342 "https://www.zanbil.ir/m/filter/p62%2Cb5" "Mozilla/5.0 (Linux; Android 6.0; ALE-L21 Build/HuaweiALE-L21) AppleWebKit/537.36 (KHTML, like Gecko) Chrome/66.0.3359.158 Mobile Safari/537.36" "-"
157.55.39.175 - - [22/Jan/2019:03:57:57 +0330] "GET /image/52309/productModel/100x100 HTTP/1.1" 200 2029 "-" "Mozilla/5.0 (compatible; bingbot/2.0; +http://www.bing.com/bingbot.htm)" "-"
130.185.74.243 - - [22/Jan/2019:03:57:57 +0330] "GET /product/12900/21450/%DA%AF%D9%88%D8%B4%D9%88%D8%A7%D8%B1%D9%87-%D8%B2%D9%86%D8%A7%D9%86%D9%87-%D8%A7%D9%84%DB%8C%D9%88%D8%B1-%D9%88%D8%A8%D8%B1-%D9%85%D8%AF%D9%84-%DA%A9%D8%B1%DB%8C%D8%B3%D8%AA%D8%A7%D9%84-%D8%B7%D8%B1%D8%AD-%D8%AF%D9%88%D9%85%DB%8C%D9%86%D9%88-Domino-rhod-Crystal HTTP/1.1" 200 42386 "-" "Mozilla/5.0 (Windows NT 6.1; rv:42.0) Gecko/20100101 Firefox/42.0" "-"
66.249.66.194 - - [22/Jan/2019:03:57:58 +0330] "GET /browse/microwave-oven/%D9%85%D8%A7%DB%8C%DA%A9%D8%B1%D9%88%D9%81%D8%B1 HTTP/1.1" 200 35059 "-" "Mozilla/5.0 (compatible; Googlebot/2.1; +http://www.google.com/bot.html)" "-"
157.55.39.175 - - [22/Jan/2019:03:57:58 +0330] "GET /image/59741/productModel/100x100 HTTP/1.1" 200 1991 "-" "Mozilla/5.0 (compatible; bingbot/2.0; +http://www.bing.com/bingbot.htm)" "-"
5.209.127.187 - - [22/Jan/2019:03:57:58 +0330] "GET /login/auth HTTP/1.1" 200 16045 "-" "Mozilla/5.0 (Linux; Android 8.0.0; SM-J810F) AppleWebKit/537.36 (KHTML, like Gecko) Chrome/71.0.3578.99 Mobile Safari/537.36" "-"
46.224.77.32 - - [22/Jan/2019:03:57:58 +0330] "GET /image/30832?name=janome-1920-01.jpg&wh=200x200 HTTP/1.1" 200 5108 "-" "Dalvik/1.6.0 (Linux; U; Android 4.2.2; HUAWEI G730-U10 Build/HuaweiG730-U10)" "-"
46.224.77.32 - - [22/Jan/2019:03:57:58 +0330] "GET /image/33754?name=2050-11.jpg&wh=200x200 HTTP/1.1" 200 4678 "-" "Dalvik/1.6.0 (Linux; U; Android 4.2.2; HUAWEI G730-U10 Build/HuaweiG730-U10)" "-"
130.185.74.243 - - [22/Jan/2019:03:57:58 +0330] "GET /filter/stexists,p12601?page=1 HTTP/1.1" 200 32946 "-" "Mozilla/5.0 (Windows NT 6.1; rv:42.0) Gecko/20100101 Firefox/42.0" "-"
66.249.66.91 - - [22/Jan/2019:03:57:59 +0330] "GET /image/46111/productModel/100x100 HTTP/1.1" 200 2493 "-" "Googlebot-Image/1.0" "-"
66.249.66.91 - - [22/Jan/2019:03:57:59 +0330] "GET /filter/b481%2Cb226%2Cb570%2Cb80%2Cb270%2Cb903%2Cb883%2Cb152%2Cb249%2Cb20%2Cb701%2Cb723%2Cb42%2Cb198%2Cb35%2Cb183%2Cb219%2Cb308%2Cb126%2Cb523%2Cb900%2Cb188%2Cb703%2Cb890%2Cb236%2Cb74%2Cb400%2Cb209%2Cb19%2Cb454%2Cb651%2Cb202%2Cb4%2Cb22%2Cb238%2Cb6%2Cb596%2Cb143%2Cb877%2Cb485%2Cb221%2Cb194%2Cb136%2Cb647%2Cb497%2Cb546%2Cb105%2Cb185%2Cb568%2Cb151%2Cb88%2Cb43%2Cb597%2Cb103%2Cb613%2Cb880%2Cb212%2Cb861%2Cb148%2Cb135%2Cb186%2Cb778%2Cb113%2Cb99%2Cb584%2Cb724%2Cb224?page=177 HTTP/1.1" 200 41923 "-" "Mozilla/5.0 (compatible; Googlebot/2.1; +http://www.google.com/bot.html)" "-"
157.55.39.175 - - [22/Jan/2019:03:57:59 +0330] "GET /image/60675/productModel/100x100 HTTP/1.1" 200 2758 "-" "Mozilla/5.0 (compatible; bingbot/2.0; +http://www.bing.com/bingbot.htm)" "-"
130.185.74.243 - - [22/Jan/2019:03:57:59 +0330] "GET /product/12900/21450/%DA%AF%D9%88%D8%B4%D9%88%D8%A7%D8%B1%D9%87-%D8%B2%D9%86%D8%A7%D9%86%D9%87-%D8%A7%D9%84%DB%8C%D9%88%D8%B1-%D9%88%D8%A8%D8%B1-%D9%85%D8%AF%D9%84-%DA%A9%D8%B1%DB%8C%D8%B3%D8%AA%D8%A7%D9%84-%D8%B7%D8%B1%D8%AD-%D8%AF%D9%88%D9%85%DB%8C%D9%86%D9%88-Domino-rhod-Crystal HTTP/1.1" 200 42399 "-" "Mozilla/5.0 (Windows NT 6.1; rv:42.0) Gecko/20100101 Firefox/42.0" "-"
54.36.148.135 - - [22/Jan/2019:03:57:59 +0330] "GET /filter/b43%2Cp5713%2Cstnot-exists HTTP/1.1" 200 32066 "-" "Mozilla/5.0 (compatible; AhrefsBot/6.1; +http://ahrefs.com/robot/)" "-"
157.55.39.175 - - [22/Jan/2019:03:58:00 +0330] "GET /image/60720/productModel/100x100 HTTP/1.1" 200 2263 "-" "Mozilla/5.0 (compatible; bingbot/2.0; +http://www.bing.com/bingbot.htm)" "-"
66.249.66.91 - - [22/Jan/2019:03:58:00 +0330] "GET /filter/b481%2Cb874%2Cb32%2Cb67%2Cb36%2Cb226%2Cb41%2Cb136%2Cb570%2Cb598%2Cb180%2Cb615%2Cb168%2Cb648%2Cb103%2Cb80%2Cb213%2Cb597%2Cb724%2Cb613%2Cb135%2Cb877%2Cb183%2Cb497%2Cb435%2Cb194%2Cb861%2Cb256%2Cb854%2Cb198%2Cb647%2Cb679%2Cb88%2Cb441%2Cb6%2Cb221%2Cb645%2Cb219%2Cb50%2Cb151%2Cb192%2Cstexists%2Cb203?page=0 HTTP/1.1" 200 40508 "-" "Mozilla/5.0 (compatible; Googlebot/2.1; +http://www.google.com/bot.html)" "-"
157.55.39.175 - - [22/Jan/2019:03:58:00 +0330] "GET /image/62024/productModel/100x100 HTTP/1.1" 200 2579 "-" "Mozilla/5.0 (compatible; bingbot/2.0; +http://www.bing.com/bingbot.htm)" "-"
130.185.74.243 - - [22/Jan/2019:03:58:00 +0330] "GET /filter/stexists,p12601?page=2 HTTP/1.1" 200 29832 "-" "Mozilla/5.0 (Windows NT 6.1; rv:42.0) Gecko/20100101 Firefox/42.0" "-"
46.224.77.32 - - [22/Jan/2019:03:58:00 +0330] "GET /image/33755?name=9400plus-11.jpg&wh=200x200 HTTP/1.1" 200 4845 "-" "Dalvik/1.6.0 (Linux; U; Android 4.2.2; HUAWEI G730-U10 Build/HuaweiG730-U10)" "-"
5.209.127.187 - - [22/Jan/2019:03:58:01 +0330] "GET /login/auth HTTP/1.1" 200 17181 "-" "Mozilla/5.0 (Linux; Android 8.0.0; SM-J810F) AppleWebKit/537.36 (KHTML, like Gecko) Chrome/71.0.3578.99 Mobile Safari/537.36" "-"
130.185.74.243 - - [22/Jan/2019:03:58:01 +0330] "GET /filter/stexists,p12601?page=3 HTTP/1.1" 200 31335 "-" "Mozilla/5.0 (Windows NT 6.1; rv:42.0) Gecko/20100101 Firefox/42.0" "-"
157.55.39.175 - - [22/Jan/2019:03:58:01 +0330] "GET /image/764/article/100x100 HTTP/1.1" 200 12397 "-" "Mozilla/5.0 (compatible; bingbot/2.0; +http://www.bing.com/bingbot.htm)" "-"
66.249.66.91 - - [22/Jan/2019:03:58:01 +0330] "GET /filter/b481%2Cb874%2Cb226%2Cb570%2Cb598%2Cstexists%2Cb270%2Cb883%2Cb99%2Cb261%2Cb249%2Cb20%2Cb701%2Cb42%2Cb879%2Cb548%2Cb183%2Cb88%2Cb308%2Cb103%2Cb1%2Cb126%2Cb523%2Cb900%2Cb192%2Cb188%2Cb703%2Cb890%2Cb148%2Cb256%2Cb454%2Cb651%2Cb41%2Cb647%2Cb22%2Cb613%2Cb6%2Cb221%2Cb36%2Cb614%2Cb3%2Cb216%2Cb218%2Cb136%2Cb573%2Cb151%2Cb185%2Cb32%2Cb441%2Cb143%2Cb648%2Cb203%2Cb877%2Cb209%2Cb231%2Cb485%2Cb147%2Cb95%2Cb186?page=5 HTTP/1.1" 200 40318 "-" "Mozilla/5.0 (compatible; Googlebot/2.1; +http://www.google.com/bot.html)" "-"
157.55.39.175 - - [22/Jan/2019:03:58:02 +0330] "GET /image/37044/productModel/100x100 HTTP/1.1" 200 1979 "-" "Mozilla/5.0 (compatible; bingbot/2.0; +http://www.bing.com/bingbot.htm)" "-"
207.46.13.136 - - [22/Jan/2019:03:58:02 +0330] "GET /filter/b184%2Cb269%2Cb775 HTTP/1.1" 200 35428 "-" "Mozilla/5.0 (compatible; bingbot/2.0; +http://www.bing.com/bingbot.htm)" "-"
130.185.74.243 - - [22/Jan/2019:03:58:03 +0330] "GET /filter/stexists,p12601?page=4 HTTP/1.1" 200 31335 "-" "Mozilla/5.0 (Windows NT 6.1; rv:42.0) Gecko/20100101 Firefox/42.0" "-"
157.55.39.175 - - [22/Jan/2019:03:58:03 +0330] "GET /image/45476/productModel/150x150 HTTP/1.1" 200 3185 "-" "Mozilla/5.0 (compatible; bingbot/2.0; +http://www.bing.com/bingbot.htm)" "-"
46.224.77.32 - - [22/Jan/2019:03:58:03 +0330] "GET /image/3553?name=502.jpg&wh=200x200 HTTP/1.1" 200 7029 "-" "Dalvik/1.6.0 (Linux; U; Android 4.2.2; HUAWEI G730-U10 Build/HuaweiG730-U10)" "-"
5.209.127.187 - - [22/Jan/2019:03:58:03 +0330] "GET /static/images/guarantees/goodShopping.png HTTP/1.1" 200 6496 "https://www.zanbil.ir/login/auth" "Mozilla/5.0 (Linux; Android 8.0.0; SM-J810F) AppleWebKit/537.36 (KHTML, like Gecko) Chrome/71.0.3578.99 Mobile Safari/537.36" "-"
66.249.66.194 - - [22/Jan/2019:03:58:03 +0330] "GET /m/filter/b1,b103,b126,b135,b151,b168,b183,b185,b19,b192,b202,b213,b219,b224,b231,b238,b261,b3,b321,b35,b36,b41,b435,b441,b484,b497,b5,b50,b542,b543,b568,b573,b584,b598,b603,b613,b614,b619,b63,b647,b67,b703,b723,b724,b74,b778,b878,b88,b880,b99 HTTP/1.1" 200 26759 "-" "Mozilla/5.0 (Linux; Android 6.0.1; Nexus 5X Build/MMB29P) AppleWebKit/537.36 (KHTML, like Gecko) Chrome/41.0.2272.96 Mobile Safari/537.36 (compatible; Googlebot/2.1; +http://www.google.com/bot.html)" "-"
157.55.39.175 - - [22/Jan/2019:03:58:03 +0330] "GET /image/46130/productModel/100x100 HTTP/1.1" 200 2001 "-" "Mozilla/5.0 (compatible; bingbot/2.0; +http://www.bing.com/bingbot.htm)" "-"
207.46.13.136 - - [22/Jan/2019:03:58:03 +0330] "GET /filter/b153,b74,b879,p1 HTTP/1.1" 200 38404 "-" "Mozilla/5.0 (compatible; bingbot/2.0; +http://www.bing.com/bingbot.htm)" "-"
130.185.74.243 - - [22/Jan/2019:03:58:03 +0330] "GET /filter/stexists,p12601?page=5 HTTP/1.1" 200 31335 "-" "Mozilla/5.0 (Windows NT 6.1; rv:42.0) Gecko/20100101 Firefox/42.0" "-"
5.209.127.187 - - [22/Jan/2019:03:58:04 +0330] "GET /settings/logo HTTP/1.1" 200 4120 "https://www.zanbil.ir/login/auth" "Mozilla/5.0 (Linux; Android 8.0.0; SM-J810F) AppleWebKit/537.36 (KHTML, like Gecko) Chrome/71.0.3578.99 Mobile Safari/537.36" "-"
66.249.66.91 - - [22/Jan/2019:03:58:04 +0330] "GET /filter/b703%2Cb36%2Cb41%2Cb598%2Cb168%2Cb103%2Cb614%2Cb88%2Cb19%2Cb194%2Cb321%2Cb5%2Cb261%2Cb442%2Cb484%2Cb723%2Cb573%2Cb192%2Cb724%2Cb1%2Cb435%2Cb183%2Cb542%2Cb135%2Cb878%2Cb63%2Cb497%2Cb619%2Cb219%2Cb74%2Cb151%2Cb441%2Cb568%2Cb880%2Cb647%2Cb185%2Cb584%2Cb224%2Cb213%2Cb50%2Cb3%2Cb231%2Cb99%2Cb238%2Cb82%2Cb215%2Cb95%2Cb218?page=20 HTTP/1.1" 200 41004 "-" "Mozilla/5.0 (compatible; Googlebot/2.1; +http://www.google.com/bot.html)" "-"
204.18.198.248 - - [22/Jan/2019:03:58:04 +0330] "GET /m/product/5820/6404/%D8%A2%D8%A8-%D9%BE%D8%B1%D8%AA%D9%82%D8%A7%D9%84-%DA%AF%DB%8C%D8%B1%DB%8C-%DA%AF%D8%A7%D8%B3%D8%AA%D8%B1%D9%88%D8%A8%DA%A9-%D9%85%D8%AF%D9%84-41138 HTTP/1.1" 200 20148 "https://www.zanbil.ir/m/browse/citrus-only-juicer/%D8%A2%D8%A8-%D9%BE%D8%B1%D8%AA%D9%82%D8%A7%D9%84-%DA%AF%DB%8C%D8%B1%DB%8C" "Mozilla/5.0 (iPhone; CPU iPhone OS 12_1 like Mac OS X) AppleWebKit/605.1.15 (KHTML, like Gecko) Version/12.0 Mobile/15E148 Safari/604.1" "-"
130.185.74.243 - - [22/Jan/2019:03:58:04 +0330] "GET /filter/stexists,p12601?page=6 HTTP/1.1" 200 31331 "-" "Mozilla/5.0 (Windows NT 6.1; rv:42.0) Gecko/20100101 Firefox/42.0" "-"
157.55.39.175 - - [22/Jan/2019:03:58:04 +0330] "GET /image/49032/productModel/100x100 HTTP/1.1" 200 1800 "-" "Mozilla/5.0 (compatible; bingbot/2.0; +http://www.bing.com/bingbot.htm)" "-"
204.18.198.248 - - [22/Jan/2019:03:58:05 +0330] "GET /settings/logo HTTP/1.1" 200 4120 "https://www.zanbil.ir/m/product/5820/6404/%D8%A2%D8%A8-%D9%BE%D8%B1%D8%AA%D9%82%D8%A7%D9%84-%DA%AF%DB%8C%D8%B1%DB%8C-%DA%AF%D8%A7%D8%B3%D8%AA%D8%B1%D9%88%D8%A8%DA%A9-%D9%85%D8%AF%D9%84-41138" "Mozilla/5.0 (iPhone; CPU iPhone OS 12_1 like Mac OS X) AppleWebKit/605.1.15 (KHTML, like Gecko) Version/12.0 Mobile/15E148 Safari/604.1" "-"
157.55.39.175 - - [22/Jan/2019:03:58:05 +0330] "GET /image/577/article/100x100 HTTP/1.1" 200 13516 "-" "Mozilla/5.0 (compatible; bingbot/2.0; +http://www.bing.com/bingbot.htm)" "-"
5.209.127.187 - - [22/Jan/2019:03:58:05 +0330] "GET /static/images/guarantees/warranty.png HTTP/1.1" 304 0 "https://www.zanbil.ir/login/auth" "Mozilla/5.0 (Linux; Android 8.0.0; SM-J810F) AppleWebKit/537.36 (KHTML, like Gecko) Chrome/71.0.3578.99 Mobile Safari/537.36" "-"
130.185.74.243 - - [22/Jan/2019:03:58:05 +0330] "GET /filter/stexists,p12590 HTTP/1.1" 200 33833 "-" "Mozilla/5.0 (Windows NT 6.1; rv:42.0) Gecko/20100101 Firefox/42.0" "-"
204.18.198.248 - - [22/Jan/2019:03:58:06 +0330] "GET /image/5820?name=41138.jpg&wh=max HTTP/1.1" 200 104523 "https://www.zanbil.ir/m/product/5820/6404/%D8%A2%D8%A8-%D9%BE%D8%B1%D8%AA%D9%82%D8%A7%D9%84-%DA%AF%DB%8C%D8%B1%DB%8C-%DA%AF%D8%A7%D8%B3%D8%AA%D8%B1%D9%88%D8%A8%DA%A9-%D9%85%D8%AF%D9%84-41138" "Mozilla/5.0 (iPhone; CPU iPhone OS 12_1 like Mac OS X) AppleWebKit/605.1.15 (KHTML, like Gecko) Version/12.0 Mobile/15E148 Safari/604.1" "-"
17.58.102.43 - - [22/Jan/2019:03:58:06 +0330] "GET /filter/b188,b67,b313,b289,b74,b277,b70,b471,b482 HTTP/1.1" 200 37994 "-" "Mozilla/5.0 (Macintosh; Intel Mac OS X 10_10_1) AppleWebKit/600.2.5 (KHTML, like Gecko) Version/8.0.2 Safari/600.2.5 (Applebot/0.1; +http://www.apple.com/go/applebot)" "-"
66.249.66.91 - - [22/Jan/2019:03:58:06 +0330] "GET /filter/b703%2Cb36%2Cb41%2Cb598%2Cb168%2Cb103%2Cb614%2Cb88%2Cb19%2Cb194%2Cb321%2Cb5%2Cb261%2Cb442%2Cb484%2Cb723%2Cb573%2Cb192%2Cb724%2Cb1%2Cb435%2Cb183%2Cb542%2Cb135%2Cb878%2Cb63%2Cb497%2Cb619%2Cb219%2Cb126%2Cb74%2Cb441%2Cb568%2Cb880%2Cb647%2Cb185%2Cb584%2Cb224%2Cb213%2Cb50%2Cb3%2Cb231%2Cb99%2Cb238%2Cb82%2Cb215%2Cb95%2Cb218?page=16 HTTP/1.1" 200 40188 "-" "Mozilla/5.0 (compatible; Googlebot/2.1; +http://www.google.com/bot.html)" "-"
17.58.102.43 - - [22/Jan/2019:03:58:06 +0330] "GET /filter/b571%2Cb288%2Cb514%2Cb19%2Cb519%2Cb508%2Cb202%2Cb373%2Cb362%2Cb445%2Cb227%2Cb389%2Cb95%2Cb120%2Cb238%2Cb598%2Cb185%2Cb469%2Cb105%2Cb326%2Cb573%2Cb50 HTTP/1.1" 301 178 "-" "Mozilla/5.0 (Macintosh; Intel Mac OS X 10_10_1) AppleWebKit/600.2.5 (KHTML, like Gecko) Version/8.0.2 Safari/600.2.5 (Applebot/0.1; +http://www.apple.com/go/applebot)" "-"
5.209.127.187 - - [22/Jan/2019:03:58:06 +0330] "GET /static/images/guarantees/bestPrice.png HTTP/1.1" 304 0 "https://www.zanbil.ir/login/auth" "Mozilla/5.0 (Linux; Android 8.0.0; SM-J810F) AppleWebKit/537.36 (KHTML, like Gecko) Chrome/71.0.3578.99 Mobile Safari/537.36" "-"
5.209.127.187 - - [22/Jan/2019:03:58:06 +0330] "GET /static/images/guarantees/support.png HTTP/1.1" 304 0 "https://www.zanbil.ir/login/auth" "Mozilla/5.0 (Linux; Android 8.0.0; SM-J810F) AppleWebKit/537.36 (KHTML, like Gecko) Chrome/71.0.3578.99 Mobile Safari/537.36" "-"
5.208.84.157 - - [22/Jan/2019:03:58:06 +0330] "GET /amp-helper-frame.html?appId=a624a1c1-0c93-466a-a546-e146710f97e6&parentOrigin=https://www-zanbil-ir.cdn.ampproject.org HTTP/1.1" 200 133 "https://www-zanbil-ir.cdn.ampproject.org/v/s/www.zanbil.ir/m/article/616/%D8%B9%D9%84%D8%AA-%D8%AE%D9%88%D8%A7%D8%A8-%D8%B1%D9%81%D8%AA%D9%86%D8%8C%DA%AF%D8%B2%DA%AF%D8%B2%D8%8C%D8%A8%DB%8C-%D8%AD%D8%B3%DB%8C-%D9%88-%D9%85%D9%88%D8%B1-%D9%85%D9%88%D8%B1-%D8%B4%D8%AF%D9%86-%D8%A7%D9%86%DA%AF%D8%B4%D8%AA%D8%A7%D9%86-%D8%AF%D8%B3%D8%AA-%D9%88-%D8%AF%D8%B1%D9%85%D8%A7%D9%86-%D8%A2%D9%86?amp_js_v=a2&amp_gsa=1&usqp=mq331AQCCAE%3D" "Mozilla/5.0 (Linux; Android 6.0.1; SM-N915F) AppleWebKit/537.36 (KHTML, like Gecko) Chrome/71.0.3578.99 Mobile Safari/537.36" "-"
5.209.127.187 - - [22/Jan/2019:03:58:06 +0330] "GET /static/images/guarantees/fastDelivery.png HTTP/1.1" 304 0 "https://www.zanbil.ir/login/auth" "Mozilla/5.0 (Linux; Android 8.0.0; SM-J810F) AppleWebKit/537.36 (KHTML, like Gecko) Chrome/71.0.3578.99 Mobile Safari/537.36" "-"
130.185.74.243 - - [22/Jan/2019:03:58:06 +0330] "GET /product/20950/45881/%DA%AF%D8%B1%D8%AF%D9%86%D8%A8%D9%86%D8%AF-%D8%B2%D9%86%D8%A7%D9%86%D9%87-%D8%A7%D9%84%DB%8C%D9%88%D8%B1-%D9%88%D8%A8%D8%B1-%D9%85%D8%AF%D9%84-%DA%A9%D8%B1%DB%8C%D8%B3%D8%AA%D8%A7%D9%84-%D8%B7%D8%B1%D8%AD-%D9%81%D8%B1%D8%B4%D8%AA%D9%87-%D9%85%D9%82%D8%AF%D8%B3-925AG-rhod-crystal HTTP/1.1" 200 42316 "-" "Mozilla/5.0 (Windows NT 6.1; rv:42.0) Gecko/20100101 Firefox/42.0" "-"
5.123.209.223 - - [22/Jan/2019:03:58:07 +0330] "GET /image/32931?name=elite-new-66.jpg&wh=200x200 HTTP/1.1" 200 5824 "-" "Dalvik/2.1.0 (Linux; U; Android 7.1.1; SM-J250F Build/NMF26X)" "-"
5.209.127.187 - - [22/Jan/2019:03:58:07 +0330] "GET /static/images/amp/instagram.png HTTP/1.1" 200 7146 "https://www.zanbil.ir/login/auth" "Mozilla/5.0 (Linux; Android 8.0.0; SM-J810F) AppleWebKit/537.36 (KHTML, like Gecko) Chrome/71.0.3578.99 Mobile Safari/537.36" "-"
5.209.127.187 - - [22/Jan/2019:03:58:08 +0330] "GET /static/images/amp/telegram.png HTTP/1.1" 304 0 "https://www.zanbil.ir/login/auth" "Mozilla/5.0 (Linux; Android 8.0.0; SM-J810F) AppleWebKit/537.36 (KHTML, like Gecko) Chrome/71.0.3578.99 Mobile Safari/537.36" "-"
66.249.66.91 - - [22/Jan/2019:03:58:08 +0330] "GET /filter/b481%2Cb874%2Cb226%2Cb570%2Cb80%2Cb270%2Cb903%2Cb883%2Cb152%2Cb249%2Cb20%2Cb701%2Cb723%2Cb42%2Cb198%2Cb35%2Cb183%2Cb219%2Cb308%2Cb126%2Cb900%2Cb188%2Cb890%2Cb148%2Cb236%2Cb74%2Cb400%2Cb209%2Cb454%2Cb651%2Cb202%2Cb4%2Cb22%2Cb238%2Cb6%2Cb596%2Cb143%2Cb82%2Cb877%2Cb485%2Cb221%2Cb194%2Cb648%2Cb136%2Cb647%2Cb497%2Cb546%2Cb105%2Cb185%2Cb95%2Cb568%2Cb151%2Cb88%2Cb43%2Cb820%2Cb645%2Cb2%2Cb542%2Cb441%2Cb484%2Cb41%2Cb168%2Cb218%2Cb523%2Cb103%2Cb548%2Cb192%2Cb36%2Cp5935%2Cb499?page=1 HTTP/1.1" 200 39763 "-" "Mozilla/5.0 (compatible; Googlebot/2.1; +http://www.google.com/bot.html)" "-"
5.78.180.75 - - [22/Jan/2019:03:58:08 +0330] "GET /image/31042?name=samsung-galaxy-s8-plus-3.jpg&wh=200x200 HTTP/1.1" 200 4157 "-" "Dalvik/2.1.0 (Linux; U; Android 5.0.2; LG-D405 Build/LRX22G.A1455269631)" "-"
5.209.127.187 - - [22/Jan/2019:03:58:08 +0330] "GET /static/images/amp/blog.png HTTP/1.1" 304 0 "https://www.zanbil.ir/login/auth" "Mozilla/5.0 (Linux; Android 8.0.0; SM-J810F) AppleWebKit/537.36 (KHTML, like Gecko) Chrome/71.0.3578.99 Mobile Safari/537.36" "-"
130.185.74.243 - - [22/Jan/2019:03:58:08 +0330] "GET /product/20917/45246/%DA%AF%D8%B1%D8%AF%D9%86%D8%A8%D9%86%D8%AF-%D8%B2%D9%86%D8%A7%D9%86%D9%87-%D8%A7%D9%84%DB%8C%D9%88%D8%B1-%D9%88%D8%A8%D8%B1-%D9%85%D8%AF%D9%84-%D8%B4%D8%A8%D8%AF%D8%B1-%D8%AE%D9%88%D8%B4-%D8%B4%D8%A7%D9%86%D8%B3-%DA%86%D9%87%D8%A7%D8%B1%D9%BE%D8%B1-Lucky-rhod-crystal HTTP/1.1" 200 41853 "-" "Mozilla/5.0 (Windows NT 6.1; rv:42.0) Gecko/20100101 Firefox/42.0" "-"
91.99.72.15 - - [22/Jan/2019:03:58:08 +0330] "GET /product/6395?model=9169 HTTP/1.1" 200 44398 "-" "Mozilla/5.0 (Windows NT 6.2; Win64; x64; rv:16.0)Gecko/16.0 Firefox/16.0" "-"
54.36.148.57 - - [22/Jan/2019:03:58:08 +0330] "GET /filter/p26668%2Cv1%7C%D9%85%D8%B4%DA%A9%DB%8C.%2Cv1%7C%D8%AE%D8%A7%DA%A9%D8%B3%D8%AA%D8%B1%DB%8C/%D8%A7%D8%A8%DB%8C HTTP/1.1" 200 31384 "-" "Mozilla/5.0 (compatible; AhrefsBot/6.1; +http://ahrefs.com/robot/)" "-"
66.249.66.91 - - [22/Jan/2019:03:58:09 +0330] "GET /filter/b481%2Cb226%2Cb570%2Cb80%2Cb270%2Cb903%2Cb883%2Cb99%2Cb152%2Cb249%2Cb20%2Cb701%2Cb723%2Cb42%2Cb198%2Cb35%2Cb183%2Cb219%2Cb308%2Cb126%2Cb523%2Cb900%2Cb188%2Cb703%2Cb890%2Cb148%2Cb236%2Cb256%2Cb74%2Cb400%2Cb209%2Cb19%2Cb651%2Cb202%2Cb4%2Cb22%2Cb238%2Cb6%2Cb596%2Cb143%2Cb877%2Cb485%2Cb221%2Cb194%2Cb136%2Cb647%2Cb497%2Cb546%2Cb105%2Cb185%2Cb95%2Cb568%2Cb151%2Cb88%2Cb597%2Cb820%2Cb103%2Cb613%2Cb880%2Cb36%2Cb212%2Cb542%2Cb213%2Cb482?page=10 HTTP/1.1" 200 42299 "-" "Mozilla/5.0 (compatible; Googlebot/2.1; +http://www.google.com/bot.html)" "-"
5.209.127.187 - - [22/Jan/2019:03:58:09 +0330] "GET /static/images/amp/third-party/footer-mobile.png HTTP/1.1" 304 0 "https://www.zanbil.ir/login/auth" "Mozilla/5.0 (Linux; Android 8.0.0; SM-J810F) AppleWebKit/537.36 (KHTML, like Gecko) Chrome/71.0.3578.99 Mobile Safari/537.36" "-"
17.58.102.43 - - [22/Jan/2019:03:58:09 +0330] "GET /filter/b571,b288,b514,b19,b519,b508,b202,b373,b362,b445,b227,b389,b95,b120,b238,b598,b185,b469,b105,b326,b573,b50 HTTP/1.1" 200 38881 "-" "Mozilla/5.0 (Macintosh; Intel Mac OS X 10_10_1) AppleWebKit/600.2.5 (KHTML, like Gecko) Version/8.0.2 Safari/600.2.5 (Applebot/0.1; +http://www.apple.com/go/applebot)" "-"
66.249.66.194 - - [22/Jan/2019:03:58:09 +0330] "GET /m/product/7524?model=9206 HTTP/1.1" 302 0 "-" "Mozilla/5.0 (compatible; Googlebot/2.1; +http://www.google.com/bot.html)" "-"
130.185.74.243 - - [22/Jan/2019:03:58:09 +0330] "GET /product/12865/21378/%DA%AF%D8%B1%D8%AF%D9%86%D8%A8%D9%86%D8%AF-%D8%B2%D9%86%D8%A7%D9%86%D9%87-%D8%A7%D9%84%DB%8C%D9%88%D8%B1-%D9%88%D8%A8%D8%B1-%D9%85%D8%AF%D9%84-%DA%A9%D8%B1%DB%8C%D8%B3%D8%AA%D8%A7%D9%84-%D8%B7%D8%B1%D8%AD-%D8%A8%D8%B1%D8%A7%D8%B2%D9%86%D8%AF%D9%87-Graceful-rhod-crystal HTTP/1.1" 200 42360 "-" "Mozilla/5.0 (Windows NT 6.1; rv:42.0) Gecko/20100101 Firefox/42.0" "-"
66.249.66.194 - - [22/Jan/2019:03:58:09 +0330] "GET /m/filter/b1,b103,b135,b136,b151,b152,b168,b180,b183,b192,b194,b198,b213,b219,b221,b226,b256,b32,b36,b41,b435,b441,b481,b497,b50,b570,b597,b598,b6,b613,b615,b645,b647,b648,b67,b679,b724,b80,b854,b861,b874,b877,b88,stexists HTTP/1.1" 200 26271 "-" "Mozilla/5.0 (Linux; Android 6.0.1; Nexus 5X Build/MMB29P) AppleWebKit/537.36 (KHTML, like Gecko) Chrome/41.0.2272.96 Mobile Safari/537.36 (compatible; Googlebot/2.1; +http://www.google.com/bot.html)" "-"
66.249.66.194 - - [22/Jan/2019:03:58:10 +0330] "GET /m/article/616/%D8%B9%D9%84%D8%AA-%D8%AE%D9%88%D8%A7%D8%A8-%D8%B1%D9%81%D8%AA%D9%86%D8%8C%DA%AF%D8%B2%DA%AF%D8%B2%D8%8C%D8%A8%DB%8C-%D8%AD%D8%B3%DB%8C-%D9%88-%D9%85%D9%88%D8%B1-%D9%85%D9%88%D8%B1-%D8%B4%D8%AF%D9%86-%D8%A7%D9%86%DA%AF%D8%B4%D8%AA%D8%A7%D9%86-%D8%AF%D8%B3%D8%AA-%D9%88-%D8%AF%D8%B1%D9%85%D8%A7%D9%86-%D8%A2%D9%86 HTTP/1.1" 200 19672 "-" "Mozilla/5.0 (Linux; Android 6.0.1; Nexus 5X Build/MMB29P) AppleWebKit/537.36 (KHTML, like Gecko) Chrome/41.0.2272.96 Mobile Safari/537.36 (compatible; Googlebot/2.1; +http://www.google.com/bot.html)" "-"
130.185.74.243 - - [22/Jan/2019:03:58:10 +0330] "GET /product/23405/49229/%DA%AF%D8%B1%D8%AF%D9%86%D8%A8%D9%86%D8%AF-%D8%B2%D9%86%D8%A7%D9%86%D9%87-%D8%A7%D9%84%DB%8C%D9%88%D8%B1-%D9%88%D8%A8%D8%B1-%D9%85%D8%AF%D9%84-%DA%A9%D8%B1%DB%8C%D8%B3%D8%AA%D8%A7%D9%84-%D8%B7%D8%B1%D8%AD-%D8%AD%D9%84%D9%82%D9%87-%D9%87%D8%A7-Double-Round-crystal HTTP/1.1" 200 42192 "-" "Mozilla/5.0 (Windows NT 6.1; rv:42.0) Gecko/20100101 Firefox/42.0" "-"
54.36.148.28 - - [22/Jan/2019:03:58:10 +0330] "GET /filter/p5%2Cv1%7C%D8%B3%DB%8C%D9%84%D9%88%D8%B1.%2Cv1%7C%D8%B3%D9%81%DB%8C%D8%AF.?o=v1 HTTP/1.1" 302 0 "-" "Mozilla/5.0 (compatible; AhrefsBot/6.1; +http://ahrefs.com/robot/)" "-"
91.99.72.15 - - [22/Jan/2019:03:58:10 +0330] "GET /product/7966?model=9893 HTTP/1.1" 200 40711 "-" "Mozilla/5.0 (Windows NT 6.1; WOW64) AppleWebKit/535.7(KHTML, like Gecko) Chrome/16.0.912.36 Safari/535.7" "-"
66.249.66.91 - - [22/Jan/2019:03:58:11 +0330] "GET /filter/b481%2Cb874%2Cb32%2Cb67%2Cb36%2Cb226%2Cb41%2Cb136%2Cb570%2Cb598%2Cb180%2Cb615%2Cb168%2Cb648%2Cb103%2Cb213%2Cb597%2Cb724%2Cb613%2Cb135%2Cb877%2Cb183%2Cb497%2Cb435%2Cb194%2Cb1%2Cb861%2Cb256%2Cb854%2Cb198%2Cb647%2Cb679%2Cb88%2Cb441%2Cb6%2Cb880%2Cb221%2Cb645%2Cb219?page=3 HTTP/1.1" 200 40360 "-" "Mozilla/5.0 (compatible; Googlebot/2.1; +http://www.google.com/bot.html)" "-"
91.99.72.15 - - [22/Jan/2019:03:58:11 +0330] "GET /product/31675/61782/%D9%85%D8%A7%DB%8C%DA%A9%D8%B1%D9%88%D9%81%D8%B1-%D8%B1%D9%88%D9%85%DB%8C%D8%B2%DB%8C-%D8%A7%D9%84-%D8%AC%DB%8C-%D9%85%D8%AF%D9%84-MG42S HTTP/1.1" 200 42905 "-" "Mozilla/5.0 (X11; Linux x86_64) AppleWebKit/537.36 (KHTML, like Gecko) Chrome/53.0.2785.92 Safari/537.36" "-"
66.249.66.91 - - [22/Jan/2019:03:58:11 +0330] "GET /filter/b656%2Cb703%2Cb67%2Cb226%2Cb41%2Cb598%2Cb168%2Cb723%2Cb597%2Cb88%2Cb548%2Cb6%2Cb679%2Cb215%2Cb105%2Cb194%2Cb74%2Cb542%2Cb35%2Cb113%2Cb820%2Cb574%2Cb442%2Cb880%2Cb645%2Cb724%2Cb118%2Cb482%2Cb400%2Cb95%2Cb135%2Cb249%2Cb435%2Cb221%2Cb523%2Cb854%2Cb126%2Cstexists%2Cb216%2Cb217%2Cb152%2Cb99%2Cb188%2Cb209%2Cb192%2Cb213%2Cb136%2Cb218%2Cb4%2Cb648%2Cb454%2Cb258%2Cb270%2Cb180%2Cb256?page=40 HTTP/1.1" 200 41446 "-" "Mozilla/5.0 (compatible; Googlebot/2.1; +http://www.google.com/bot.html)" "-"
31.56.96.51 - - [22/Jan/2019:03:58:11 +0330] "GET /m/filter/p62%2Cb5?page=1 HTTP/1.1" 200 18271 "https://www.zanbil.ir/m/filter/p62%2Cb5" "Mozilla/5.0 (Linux; Android 6.0; ALE-L21 Build/HuaweiALE-L21) AppleWebKit/537.36 (KHTML, like Gecko) Chrome/66.0.3359.158 Mobile Safari/537.36" "-"
54.36.148.185 - - [22/Jan/2019:03:58:11 +0330] "GET /filter?f=p41%2C5277%7C13793%2C5277%7C11942&o=5277 HTTP/1.1" 302 0 "-" "Mozilla/5.0 (compatible; AhrefsBot/6.1; +http://ahrefs.com/robot/)" "-"
130.185.74.243 - - [22/Jan/2019:03:58:12 +0330] "GET /filter/stexists,p12590?page=1 HTTP/1.1" 200 32974 "-" "Mozilla/5.0 (Windows NT 6.1; rv:42.0) Gecko/20100101 Firefox/42.0" "-"
91.99.72.15 - - [22/Jan/2019:03:58:13 +0330] "GET /product/32648/63082/%D8%A7%D8%AA%D9%88-%D8%A8%D8%AE%D8%A7%D8%B1-%D8%A8%D8%A7%DB%8C%D8%AA%D8%B1%D9%88%D9%86-%D9%85%D8%AF%D9%84-BPV-E40 HTTP/1.1" 200 42407 "-" "Mozilla/5.0 (Macintosh; Intel Mac OS X 10_7_3) AppleWebKit/534.55.3 (KHTML, like Gecko) Version/5.1.3 Safari/534.53.10" "-"
130.185.74.243 - - [22/Jan/2019:03:58:13 +0330] "GET /product/12865/21378/%DA%AF%D8%B1%D8%AF%D9%86%D8%A8%D9%86%D8%AF-%D8%B2%D9%86%D8%A7%D9%86%D9%87-%D8%A7%D9%84%DB%8C%D9%88%D8%B1-%D9%88%D8%A8%D8%B1-%D9%85%D8%AF%D9%84-%DA%A9%D8%B1%DB%8C%D8%B3%D8%AA%D8%A7%D9%84-%D8%B7%D8%B1%D8%AD-%D8%A8%D8%B1%D8%A7%D8%B2%D9%86%D8%AF%D9%87-Graceful-rhod-crystal HTTP/1.1" 200 42351 "-" "Mozilla/5.0 (Windows NT 6.1; rv:42.0) Gecko/20100101 Firefox/42.0" "-"
31.56.96.51 - - [22/Jan/2019:03:58:13 +0330] "GET /settings/logo HTTP/1.1" 200 4120 "https://www.zanbil.ir/m/filter/p62%2Cb5?page=1" "Mozilla/5.0 (Linux; Android 6.0; ALE-L21 Build/HuaweiALE-L21) AppleWebKit/537.36 (KHTML, like Gecko) Chrome/66.0.3359.158 Mobile Safari/537.36" "-"
31.56.96.51 - - [22/Jan/2019:03:58:13 +0330] "GET /image/57726/productModel/200x200 HTTP/1.1" 200 4469 "https://www.zanbil.ir/m/filter/p62%2Cb5?page=1" "Mozilla/5.0 (Linux; Android 6.0; ALE-L21 Build/HuaweiALE-L21) AppleWebKit/537.36 (KHTML, like Gecko) Chrome/66.0.3359.158 Mobile Safari/537.36" "-"
31.56.96.51 - - [22/Jan/2019:03:58:13 +0330] "GET /image/61813/productModel/200x200 HTTP/1.1" 200 5854 "https://www.zanbil.ir/m/filter/p62%2Cb5?page=1" "Mozilla/5.0 (Linux; Android 6.0; ALE-L21 Build/HuaweiALE-L21) AppleWebKit/537.36 (KHTML, like Gecko) Chrome/66.0.3359.158 Mobile Safari/537.36" "-"
31.56.96.51 - - [22/Jan/2019:03:58:14 +0330] "GET /image/61826/productModel/200x200 HTTP/1.1" 200 5538 "https://www.zanbil.ir/m/filter/p62%2Cb5?page=1" "Mozilla/5.0 (Linux; Android 6.0; ALE-L21 Build/HuaweiALE-L21) AppleWebKit/537.36 (KHTML, like Gecko) Chrome/66.0.3359.158 Mobile Safari/537.36" "-"
31.56.96.51 - - [22/Jan/2019:03:58:14 +0330] "GET /image/64313/productModel/200x200 HTTP/1.1" 200 7897 "https://www.zanbil.ir/m/filter/p62%2Cb5?page=1" "Mozilla/5.0 (Linux; Android 6.0; ALE-L21 Build/HuaweiALE-L21) AppleWebKit/537.36 (KHTML, like Gecko) Chrome/66.0.3359.158 Mobile Safari/537.36" "-"
130.185.74.243 - - [22/Jan/2019:03:58:14 +0330] "GET /product/23405/49229/%DA%AF%D8%B1%D8%AF%D9%86%D8%A8%D9%86%D8%AF-%D8%B2%D9%86%D8%A7%D9%86%D9%87-%D8%A7%D9%84%DB%8C%D9%88%D8%B1-%D9%88%D8%A8%D8%B1-%D9%85%D8%AF%D9%84-%DA%A9%D8%B1%DB%8C%D8%B3%D8%AA%D8%A7%D9%84-%D8%B7%D8%B1%D8%AD-%D8%AD%D9%84%D9%82%D9%87-%D9%87%D8%A7-Double-Round-crystal HTTP/1.1" 200 42101 "-" "Mozilla/5.0 (Windows NT 6.1; rv:42.0) Gecko/20100101 Firefox/42.0" "-"
31.56.96.51 - - [22/Jan/2019:03:58:14 +0330] "GET /image/57721/productModel/200x200 HTTP/1.1" 200 4111 "https://www.zanbil.ir/m/filter/p62%2Cb5?page=1" "Mozilla/5.0 (Linux; Android 6.0; ALE-L21 Build/HuaweiALE-L21) AppleWebKit/537.36 (KHTML, like Gecko) Chrome/66.0.3359.158 Mobile Safari/537.36" "-"
31.56.96.51 - - [22/Jan/2019:03:58:14 +0330] "GET /image/62191/productModel/200x200 HTTP/1.1" 200 8820 "https://www.zanbil.ir/m/filter/p62%2Cb5?page=1" "Mozilla/5.0 (Linux; Android 6.0; ALE-L21 Build/HuaweiALE-L21) AppleWebKit/537.36 (KHTML, like Gecko) Chrome/66.0.3359.158 Mobile Safari/537.36" "-"
130.185.74.243 - - [22/Jan/2019:03:58:15 +0330] "GET /filter/stexists,p12590?page=2 HTTP/1.1" 200 31336 "-" "Mozilla/5.0 (Windows NT 6.1; rv:42.0) Gecko/20100101 Firefox/42.0" "-"
54.36.148.176 - - [22/Jan/2019:03:58:15 +0330] "GET /filter/p12349%2Cv1%7C%DA%A9%D8%B1%D9%85%20%D9%82%D9%87%D9%88%D9%87%20%D8%A7%DB%8C%2Cv1%7CHoot HTTP/1.1" 200 32491 "-" "Mozilla/5.0 (compatible; AhrefsBot/6.1; +http://ahrefs.com/robot/)" "-"
66.249.66.91 - - [22/Jan/2019:03:58:15 +0330] "GET /filter/b481%2Cb874%2Cb226%2Cb570%2Cb598%2Cstexists%2Cb880%2Cb270%2Cb903%2Cb883%2Cb99%2Cb261%2Cb249%2Cb20%2Cb701%2Cb42%2Cb879%2Cb198%2Cb548%2Cb183%2Cb88%2Cb308%2Cb103%2Cb126%2Cb523%2Cb900%2Cb192%2Cb188%2Cb703%2Cb890%2Cb148%2Cb236%2Cb256%2Cb454%2Cb651%2Cb41%2Cb202%2Cb647%2Cb4%2Cb613%2Cb6%2Cb221%2Cb36%2Cb614%2Cb3%2Cb216%2Cb218%2Cb43%2Cb136%2Cb573%2Cb185%2Cb32%2Cb441%2Cb484%2Cb143%2Cb63?page=66 HTTP/1.1" 200 41434 "-" "Mozilla/5.0 (compatible; Googlebot/2.1; +http://www.google.com/bot.html)" "-"
204.18.198.248 - - [22/Jan/2019:03:58:15 +0330] "GET /image/11/productType/120x90 HTTP/1.1" 200 15613 "https://www.zanbil.ir/m/product/5820/6404/%D8%A2%D8%A8-%D9%BE%D8%B1%D8%AA%D9%82%D8%A7%D9%84-%DA%AF%DB%8C%D8%B1%DB%8C-%DA%AF%D8%A7%D8%B3%D8%AA%D8%B1%D9%88%D8%A8%DA%A9-%D9%85%D8%AF%D9%84-41138" "Mozilla/5.0 (iPhone; CPU iPhone OS 12_1 like Mac OS X) AppleWebKit/605.1.15 (KHTML, like Gecko) Version/12.0 Mobile/15E148 Safari/604.1" "-"
204.18.198.248 - - [22/Jan/2019:03:58:15 +0330] "GET /image/12/productType/120x90 HTTP/1.1" 200 11376 "https://www.zanbil.ir/m/product/5820/6404/%D8%A2%D8%A8-%D9%BE%D8%B1%D8%AA%D9%82%D8%A7%D9%84-%DA%AF%DB%8C%D8%B1%DB%8C-%DA%AF%D8%A7%D8%B3%D8%AA%D8%B1%D9%88%D8%A8%DA%A9-%D9%85%D8%AF%D9%84-41138" "Mozilla/5.0 (iPhone; CPU iPhone OS 12_1 like Mac OS X) AppleWebKit/605.1.15 (KHTML, like Gecko) Version/12.0 Mobile/15E148 Safari/604.1" "-"
66.249.66.91 - - [22/Jan/2019:03:58:16 +0330] "GET /filter/b481%2Cb874%2Cb226%2Cb570%2Cb598%2Cstexists%2Cb880%2Cb270%2Cb883%2Cb99%2Cb261%2Cb249%2Cb20%2Cb701%2Cb42%2Cb879%2Cb548%2Cb183%2Cb88%2Cb308%2Cb103%2Cb1%2Cb126%2Cb523%2Cb900%2Cb192%2Cb188%2Cb703%2Cb890%2Cb148%2Cb256%2Cb454%2Cb651%2Cb41%2Cb647%2Cb22%2Cb613%2Cb6%2Cb221%2Cb36%2Cb614%2Cb3%2Cb216%2Cb218%2Cb136%2Cb573%2Cb151%2Cb185%2Cb32%2Cb441%2Cb143%2Cb648%2Cb203%2Cb877%2Cb209%2Cb231%2Cb485%2Cb147%2Cb484?page=5 HTTP/1.1" 200 41649 "-" "Mozilla/5.0 (compatible; Googlebot/2.1; +http://www.google.com/bot.html)" "-"
130.185.74.243 - - [22/Jan/2019:03:58:16 +0330] "GET /filter/stexists,p12590?page=3 HTTP/1.1" 200 31339 "-" "Mozilla/5.0 (Windows NT 6.1; rv:42.0) Gecko/20100101 Firefox/42.0" "-"
66.249.66.194 - - [22/Jan/2019:03:58:16 +0330] "GET /m/filter/b1,b103,b135,b151,b168,b183,b185,b19,b192,b194,b213,b215,b218,b219,b224,b231,b238,b261,b3,b321,b36,b41,b435,b441,b442,b484,b497,b5,b50,b542,b568,b573,b584,b598,b614,b619,b63,b647,b703,b723,b724,b74,b82,b878,b88,b880,b95,b99 HTTP/1.1" 200 26618 "-" "Mozilla/5.0 (Linux; Android 6.0.1; Nexus 5X Build/MMB29P) AppleWebKit/537.36 (KHTML, like Gecko) Chrome/41.0.2272.96 Mobile Safari/537.36 (compatible; Googlebot/2.1; +http://www.google.com/bot.html)" "-"
31.56.96.51 - - [22/Jan/2019:03:58:16 +0330] "GET /image/62189/productModel/200x200 HTTP/1.1" 200 6141 "https://www.zanbil.ir/m/filter/p62%2Cb5?page=1" "Mozilla/5.0 (Linux; Android 6.0; ALE-L21 Build/HuaweiALE-L21) AppleWebKit/537.36 (KHTML, like Gecko) Chrome/66.0.3359.158 Mobile Safari/537.36" "-"
5.211.97.39 - - [22/Jan/2019:03:58:16 +0330] "HEAD /amp_preconnect_polyfill_404_or_other_error_expected._Do_not_worry_about_it?1548117180000 HTTP/1.1" 404 0 "https://www.zanbil.ir/m/filter/p25%2Cb103" "Mozilla/5.0 (iPhone; CPU iPhone OS 10_3_2 like Mac OS X) AppleWebKit/603.2.4 (KHTML, like Gecko) Version/10.0 Mobile/14F89 Safari/602.1" "-"
66.249.66.194 - - [22/Jan/2019:03:58:16 +0330] "GET /product/7524?model=9206 HTTP/1.1" 404 33634 "-" "Mozilla/5.0 (compatible; Googlebot/2.1; +http://www.google.com/bot.html)" "-"
130.185.74.243 - - [22/Jan/2019:03:58:17 +0330] "GET /filter/stexists,p12590?page=4 HTTP/1.1" 200 31388 "-" "Mozilla/5.0 (Windows NT 6.1; rv:42.0) Gecko/20100101 Firefox/42.0" "-"
66.249.66.194 - - [22/Jan/2019:03:58:17 +0330] "GET /browse/sandwich-maker HTTP/1.1" 302 0 "-" "Mozilla/5.0 (Linux; Android 6.0.1; Nexus 5X Build/MMB29P) AppleWebKit/537.36 (KHTML, like Gecko) Chrome/41.0.2272.96 Mobile Safari/537.36 (compatible; Googlebot/2.1; +http://www.google.com/bot.html)" "-"
66.249.66.194 - - [22/Jan/2019:03:58:17 +0330] "GET /m/filter/b103,b105,b136,b143,b168,b180,b185,b186,b188,b19,b198,b2,b20,b204,b213,b218,b219,b224,b231,b238,b240,b249,b256,b282,b290,b299,b305,b400,b41,b42,b435,b454,b481,b482,b50,b542,b543,b570,b584,b596,b598,b601,b603,b614,b645,b648,b703,b723,b74,b741,b795,b80,b854,b879,p11671 HTTP/1.1" 200 20914 "-" "Mozilla/5.0 (Linux; Android 6.0.1; Nexus 5X Build/MMB29P) AppleWebKit/537.36 (KHTML, like Gecko) Chrome/41.0.2272.96 Mobile Safari/537.36 (compatible; Googlebot/2.1; +http://www.google.com/bot.html)" "-"
130.185.74.243 - - [22/Jan/2019:03:58:18 +0330] "GET /filter/stexists,p12590?page=5 HTTP/1.1" 200 31459 "-" "Mozilla/5.0 (Windows NT 6.1; rv:42.0) Gecko/20100101 Firefox/42.0" "-"
66.249.66.91 - - [22/Jan/2019:03:58:18 +0330] "GET /filter/b481%2Cb226%2Cb570%2Cb80%2Cb270%2Cb903%2Cb883%2Cb152%2Cb249%2Cb20%2Cb701%2Cb723%2Cb42%2Cb198%2Cb35%2Cb183%2Cb219%2Cb308%2Cb126%2Cb523%2Cb900%2Cb188%2Cb703%2Cb890%2Cb236%2Cb74%2Cb400%2Cb209%2Cb19%2Cb454%2Cb651%2Cb202%2Cb4%2Cb22%2Cb238%2Cb6%2Cb596%2Cb143%2Cb877%2Cb485%2Cb221%2Cb194%2Cb136%2Cb647%2Cb497%2Cb546%2Cb105%2Cb185%2Cb568%2Cb151%2Cb88%2Cb43%2Cb597%2Cb103%2Cb613%2Cb880%2Cb212%2Cb861%2Cb148%2Cb135%2Cb186%2Cb778%2Cb113%2Cb99%2Cb584%2Cb724?page=175 HTTP/1.1" 200 41801 "-" "Mozilla/5.0 (compatible; Googlebot/2.1; +http://www.google.com/bot.html)" "-"
157.55.39.245 - - [22/Jan/2019:03:58:18 +0330] "GET /image/703/brand HTTP/1.1" 200 3223 "-" "Mozilla/5.0 (iPhone; CPU iPhone OS 7_0 like Mac OS X) AppleWebKit/537.51.1 (KHTML, like Gecko) Version/7.0 Mobile/11A465 Safari/9537.53 (compatible; bingbot/2.0; +http://www.bing.com/bingbot.htm)" "-"
130.185.74.243 - - [22/Jan/2019:03:58:18 +0330] "GET /filter/stexists,p12590?page=6 HTTP/1.1" 200 30020 "-" "Mozilla/5.0 (Windows NT 6.1; rv:42.0) Gecko/20100101 Firefox/42.0" "-"
157.55.39.245 - - [22/Jan/2019:03:58:18 +0330] "GET /image/19135?name=4039+%281%29.jpg&wh=300x300 HTTP/1.1" 200 7807 "-" "Mozilla/5.0 (compatible; bingbot/2.0; +http://www.bing.com/bingbot.htm)" "-"
66.249.66.194 - - [22/Jan/2019:03:58:18 +0330] "GET /m/filter/b218,p5666,stexists HTTP/1.1" 200 18531 "-" "Mozilla/5.0 (Linux; Android 6.0.1; Nexus 5X Build/MMB29P) AppleWebKit/537.36 (KHTML, like Gecko) Chrome/41.0.2272.96 Mobile Safari/537.36 (compatible; Googlebot/2.1; +http://www.google.com/bot.html)" "-"
5.211.97.39 - - [22/Jan/2019:03:58:19 +0330] "HEAD /amp_preconnect_polyfill_404_or_other_error_expected._Do_not_worry_about_it?1548117180000 HTTP/1.1" 404 0 "https://www.zanbil.ir/m/browse/meat-grinder/%DA%86%D8%B1%D8%AE-%DA%AF%D9%88%D8%B4%D8%AA" "Mozilla/5.0 (iPhone; CPU iPhone OS 10_3_2 like Mac OS X) AppleWebKit/603.2.4 (KHTML, like Gecko) Version/10.0 Mobile/14F89 Safari/602.1" "-"
207.46.13.104 - - [22/Jan/2019:03:58:19 +0330] "GET /filter?f=b1%2Cp1%2Cb130%2Cb58 HTTP/1.1" 301 178 "-" "Mozilla/5.0 (compatible; bingbot/2.0; +http://www.bing.com/bingbot.htm)" "-"
5.209.200.218 - - [22/Jan/2019:03:58:20 +0330] "GET /m/filter/b99%2Cp4510%2Cstexists%2Ct116 HTTP/1.1" 200 17920 "https://www.zanbil.ir/m/filter/b99%2Cp4510%2Cstexists" "Mozilla/5.0 (Linux; Android 5.1.1; SM-G361H Build/LMY48B) AppleWebKit/537.36 (KHTML, like Gecko) Chrome/55.0.2883.91 Mobile Safari/537.36" "-"
51.15.15.54 - - [22/Jan/2019:03:58:20 +0330] "GET /blog/sports/sport-fields/table-sports/table-football/ HTTP/1.1" 200 20550 "-" "Barkrowler/0.9 (+http://www.exensa.com/crawl)" "-"
54.36.148.72 - - [22/Jan/2019:03:58:20 +0330] "GET /filter/p12349%2Cv1%7C%D8%B7%D9%88%D8%B3%DB%8C%20%D9%82%D8%B1%D9%85%D8%B2%2Cv1%7C%DA%A9%D8%B1%D9%85%20%D8%B2%D8%B1%D8%B4%DA%A9%DB%8C?o=v1 HTTP/1.1" 302 0 "-" "Mozilla/5.0 (compatible; AhrefsBot/6.1; +http://ahrefs.com/robot/)" "-"
66.249.66.91 - - [22/Jan/2019:03:58:20 +0330] "GET /filter/b656%2Cb703%2Cb67%2Cb226%2Cb41%2Cb598%2Cb168%2Cb723%2Cb597%2Cb88%2Cb548%2Cb6%2Cb679%2Cb215%2Cb105%2Cb194%2Cb74%2Cb542%2Cb35%2Cb113%2Cb820%2Cb574%2Cb442%2Cb880%2Cb645%2Cb724%2Cb118%2Cb482%2Cb400%2Cb95%2Cb135%2Cb249%2Cb435%2Cb221%2Cb523%2Cb854%2Cb126%2Cstexists%2Cb216%2Cb217%2Cb152%2Cb99%2Cb188%2Cb209%2Cb192%2Cb213%2Cb136%2Cb218%2Cb4%2Cb648%2Cb454%2Cb258%2Cb270%2Cb180?page=41 HTTP/1.1" 200 41505 "-" "Mozilla/5.0 (compatible; Googlebot/2.1; +http://www.google.com/bot.html)" "-"
