176.65.185.148 - - [22/Jan/2019:14:11:52 +0330] "GET /image/62421/productModel/150x150 HTTP/1.1" 200 4711 "https://www.zanbil.ir/browse/monitor/%D9%85%D8%A7%D9%86%DB%8C%D8%AA%D9%88%D8%B1" "Mozilla/5.0 (Windows NT 5.1; rv:52.0) Gecko/20100101 Firefox/52.0" "-"
5.233.138.75 - - [22/Jan/2019:14:11:52 +0330] "GET /image/63027/productModel/100x100 HTTP/1.1" 200 2044 "https://www.zanbil.ir/product/33751/%DA%86%D8%B1%D8%AE-%D8%AE%DB%8C%D8%A7%D8%B7%DB%8C-%DA%98%D8%A7%D9%86%D9%88%D9%85%D9%87-%D9%85%D8%AF%D9%84-2030" "Mozilla/5.0 (Windows NT 6.1; rv:64.0) Gecko/20100101 Firefox/64.0" "-"
176.65.185.148 - - [22/Jan/2019:14:11:52 +0330] "GET /image/62126/productModel/150x150 HTTP/1.1" 200 5057 "https://www.zanbil.ir/browse/monitor/%D9%85%D8%A7%D9%86%DB%8C%D8%AA%D9%88%D8%B1" "Mozilla/5.0 (Windows NT 5.1; rv:52.0) Gecko/20100101 Firefox/52.0" "-"
176.65.185.148 - - [22/Jan/2019:14:11:52 +0330] "GET /static/images/not-exists.png HTTP/1.1" 200 2471 "https://www.zanbil.ir/browse/monitor/%D9%85%D8%A7%D9%86%DB%8C%D8%AA%D9%88%D8%B1" "Mozilla/5.0 (Windows NT 5.1; rv:52.0) Gecko/20100101 Firefox/52.0" "-"
5.115.116.129 - - [22/Jan/2019:14:11:52 +0330] "GET /image/%7B%7BbasketItem.id%7D%7D?type=productModel&wh=50x50 HTTP/1.1" 200 5 "https://www.zanbil.ir/browse/walker/%D9%88%D8%A7%DA%A9%D8%B1" "Mozilla/5.0 (Macintosh; Intel Mac OS X 10.12; rv:64.0) Gecko/20100101 Firefox/64.0" "-"
176.65.185.148 - - [22/Jan/2019:14:11:52 +0330] "GET /image/59234/productModel/150x150 HTTP/1.1" 200 3993 "https://www.zanbil.ir/browse/monitor/%D9%85%D8%A7%D9%86%DB%8C%D8%AA%D9%88%D8%B1" "Mozilla/5.0 (Windows NT 5.1; rv:52.0) Gecko/20100101 Firefox/52.0" "-"
176.65.185.148 - - [22/Jan/2019:14:11:52 +0330] "GET /image/59649/productModel/150x150 HTTP/1.1" 200 4102 "https://www.zanbil.ir/browse/monitor/%D9%85%D8%A7%D9%86%DB%8C%D8%AA%D9%88%D8%B1" "Mozilla/5.0 (Windows NT 5.1; rv:52.0) Gecko/20100101 Firefox/52.0" "-"
5.115.116.129 - - [22/Jan/2019:14:11:52 +0330] "GET /image/829/mainSlide HTTP/1.1" 200 92111 "https://www.zanbil.ir/browse/walker/%D9%88%D8%A7%DA%A9%D8%B1" "Mozilla/5.0 (Macintosh; Intel Mac OS X 10.12; rv:64.0) Gecko/20100101 Firefox/64.0" "-"
176.65.185.148 - - [22/Jan/2019:14:11:52 +0330] "GET /image/59682/productModel/150x150 HTTP/1.1" 200 3863 "https://www.zanbil.ir/browse/monitor/%D9%85%D8%A7%D9%86%DB%8C%D8%AA%D9%88%D8%B1" "Mozilla/5.0 (Windows NT 5.1; rv:52.0) Gecko/20100101 Firefox/52.0" "-"
5.115.116.129 - - [22/Jan/2019:14:11:52 +0330] "GET /image/29309/productModel/150x150 HTTP/1.1" 200 3429 "https://www.zanbil.ir/browse/walker/%D9%88%D8%A7%DA%A9%D8%B1" "Mozilla/5.0 (Macintosh; Intel Mac OS X 10.12; rv:64.0) Gecko/20100101 Firefox/64.0" "-"
5.233.138.75 - - [22/Jan/2019:14:11:52 +0330] "GET /image/64474/productModel/100x100 HTTP/1.1" 200 2000 "https://www.zanbil.ir/product/33751/%DA%86%D8%B1%D8%AE-%D8%AE%DB%8C%D8%A7%D8%B7%DB%8C-%DA%98%D8%A7%D9%86%D9%88%D9%85%D9%87-%D9%85%D8%AF%D9%84-2030" "Mozilla/5.0 (Windows NT 6.1; rv:64.0) Gecko/20100101 Firefox/64.0" "-"
5.233.138.75 - - [22/Jan/2019:14:11:52 +0330] "GET /image/64476/productModel/100x100 HTTP/1.1" 200 2090 "https://www.zanbil.ir/product/33751/%DA%86%D8%B1%D8%AE-%D8%AE%DB%8C%D8%A7%D8%B7%DB%8C-%DA%98%D8%A7%D9%86%D9%88%D9%85%D9%87-%D9%85%D8%AF%D9%84-2030" "Mozilla/5.0 (Windows NT 6.1; rv:64.0) Gecko/20100101 Firefox/64.0" "-"
5.233.138.75 - - [22/Jan/2019:14:11:52 +0330] "GET /image/64478/productModel/100x100 HTTP/1.1" 200 2198 "https://www.zanbil.ir/product/33751/%DA%86%D8%B1%D8%AE-%D8%AE%DB%8C%D8%A7%D8%B7%DB%8C-%DA%98%D8%A7%D9%86%D9%88%D9%85%D9%87-%D9%85%D8%AF%D9%84-2030" "Mozilla/5.0 (Windows NT 6.1; rv:64.0) Gecko/20100101 Firefox/64.0" "-"
5.115.116.129 - - [22/Jan/2019:14:11:52 +0330] "GET /static/images/exists.png HTTP/1.1" 200 2212 "https://www.zanbil.ir/browse/walker/%D9%88%D8%A7%DA%A9%D8%B1" "Mozilla/5.0 (Macintosh; Intel Mac OS X 10.12; rv:64.0) Gecko/20100101 Firefox/64.0" "-"
5.115.116.129 - - [22/Jan/2019:14:11:52 +0330] "GET /static/images/loading.gif HTTP/1.1" 200 7370 "https://www.zanbil.ir/browse/walker/%D9%88%D8%A7%DA%A9%D8%B1" "Mozilla/5.0 (Macintosh; Intel Mac OS X 10.12; rv:64.0) Gecko/20100101 Firefox/64.0" "-"
5.115.116.129 - - [22/Jan/2019:14:11:52 +0330] "GET /image/62626/productModel/150x150 HTTP/1.1" 200 2773 "https://www.zanbil.ir/browse/walker/%D9%88%D8%A7%DA%A9%D8%B1" "Mozilla/5.0 (Macintosh; Intel Mac OS X 10.12; rv:64.0) Gecko/20100101 Firefox/64.0" "-"
5.233.138.75 - - [22/Jan/2019:14:11:52 +0330] "GET /settings/logo HTTP/1.1" 200 4120 "https://www.zanbil.ir/product/33751/%DA%86%D8%B1%D8%AE-%D8%AE%DB%8C%D8%A7%D8%B7%DB%8C-%DA%98%D8%A7%D9%86%D9%88%D9%85%D9%87-%D9%85%D8%AF%D9%84-2030" "Mozilla/5.0 (Windows NT 6.1; rv:64.0) Gecko/20100101 Firefox/64.0" "-"
5.115.116.129 - - [22/Jan/2019:14:11:52 +0330] "GET /image/29311/productModel/150x150 HTTP/1.1" 200 3450 "https://www.zanbil.ir/browse/walker/%D9%88%D8%A7%DA%A9%D8%B1" "Mozilla/5.0 (Macintosh; Intel Mac OS X 10.12; rv:64.0) Gecko/20100101 Firefox/64.0" "-"
5.115.116.129 - - [22/Jan/2019:14:11:52 +0330] "GET /image/62585/productModel/150x150 HTTP/1.1" 200 2795 "https://www.zanbil.ir/browse/walker/%D9%88%D8%A7%DA%A9%D8%B1" "Mozilla/5.0 (Macintosh; Intel Mac OS X 10.12; rv:64.0) Gecko/20100101 Firefox/64.0" "-"
5.233.138.75 - - [22/Jan/2019:14:11:52 +0330] "GET /image/64701/productModel/100x100 HTTP/1.1" 200 2328 "https://www.zanbil.ir/product/33751/%DA%86%D8%B1%D8%AE-%D8%AE%DB%8C%D8%A7%D8%B7%DB%8C-%DA%98%D8%A7%D9%86%D9%88%D9%85%D9%87-%D9%85%D8%AF%D9%84-2030" "Mozilla/5.0 (Windows NT 6.1; rv:64.0) Gecko/20100101 Firefox/64.0" "-"
66.249.66.91 - - [22/Jan/2019:14:11:52 +0330] "GET /filter/b546%2Cb734%2Cb19%2Cb256%2Cb724%2Cb877%2Cb573%2Cb523%2Cb95%2Cb261%2Cb598%2Cb5%2Cb231%2Cb202%2Cb497%2Cb63%2Cb615%2Cb481%2Cstexists%2Cb136%2Cb88%2Cb249?page=5 HTTP/1.1" 200 38581 "-" "Mozilla/5.0 (compatible; Googlebot/2.1; +http://www.google.com/bot.html)" "-"
5.115.116.129 - - [22/Jan/2019:14:11:52 +0330] "GET /settings/logo HTTP/1.1" 200 4120 "https://www.zanbil.ir/browse/walker/%D9%88%D8%A7%DA%A9%D8%B1" "Mozilla/5.0 (Macintosh; Intel Mac OS X 10.12; rv:64.0) Gecko/20100101 Firefox/64.0" "-"
66.249.66.91 - - [22/Jan/2019:14:11:52 +0330] "GET /static/css/font/wyekan/font.woff HTTP/1.1" 200 28536 "-" "Mozilla/5.0 (Linux; Android 6.0.1; Nexus 5X Build/MMB29P) AppleWebKit/537.36 (KHTML, like Gecko) Chrome/41.0.2272.96 Mobile Safari/537.36 (compatible; Googlebot/2.1; +http://www.google.com/bot.html)" "-"
5.115.116.129 - - [22/Jan/2019:14:11:52 +0330] "GET /static/images/not-exists.png HTTP/1.1" 200 2471 "https://www.zanbil.ir/browse/walker/%D9%88%D8%A7%DA%A9%D8%B1" "Mozilla/5.0 (Macintosh; Intel Mac OS X 10.12; rv:64.0) Gecko/20100101 Firefox/64.0" "-"
195.181.169.141 - - [22/Jan/2019:14:11:52 +0330] "POST /orderAdministration/list/transmitted HTTP/1.1" 200 2625 "https://www.zanbil.ir/orderAdministration/console/187434" "Mozilla/5.0 (Windows NT 10.0; Win64; x64; rv:64.0) Gecko/20100101 Firefox/64.0" "-"
5.233.138.75 - - [22/Jan/2019:14:11:52 +0330] "GET /image/1422/productType/120x90 HTTP/1.1" 200 8281 "https://www.zanbil.ir/product/33751/%DA%86%D8%B1%D8%AE-%D8%AE%DB%8C%D8%A7%D8%B7%DB%8C-%DA%98%D8%A7%D9%86%D9%88%D9%85%D9%87-%D9%85%D8%AF%D9%84-2030" "Mozilla/5.0 (Windows NT 6.1; rv:64.0) Gecko/20100101 Firefox/64.0" "-"
5.115.116.129 - - [22/Jan/2019:14:11:52 +0330] "GET /image/62654/productModel/150x150 HTTP/1.1" 200 3234 "https://www.zanbil.ir/browse/walker/%D9%88%D8%A7%DA%A9%D8%B1" "Mozilla/5.0 (Macintosh; Intel Mac OS X 10.12; rv:64.0) Gecko/20100101 Firefox/64.0" "-"
5.115.116.129 - - [22/Jan/2019:14:11:52 +0330] "GET /image/62608/productModel/150x150 HTTP/1.1" 200 3517 "https://www.zanbil.ir/browse/walker/%D9%88%D8%A7%DA%A9%D8%B1" "Mozilla/5.0 (Macintosh; Intel Mac OS X 10.12; rv:64.0) Gecko/20100101 Firefox/64.0" "-"
5.115.116.129 - - [22/Jan/2019:14:11:52 +0330] "GET /static/css/font/wyekan/font.woff HTTP/1.1" 200 28536 "https://znbl.ir/static/bundle-bundle_site_head.css" "Mozilla/5.0 (Macintosh; Intel Mac OS X 10.12; rv:64.0) Gecko/20100101 Firefox/64.0" "-"
5.115.116.129 - - [22/Jan/2019:14:11:52 +0330] "GET /static/css/font_awesome/fonts/fontawesome-webfont.woff2?v=4.7.0 HTTP/1.1" 200 77171 "https://znbl.ir/static/bundle-bundle_site_head.css" "Mozilla/5.0 (Macintosh; Intel Mac OS X 10.12; rv:64.0) Gecko/20100101 Firefox/64.0" "-"
5.233.138.75 - - [22/Jan/2019:14:11:52 +0330] "GET /static/images/Icon-Buypage/addToZanbil-box.png HTTP/1.1" 200 4011 "https://znbl.ir/static/bundle-bundle_site_head.css" "Mozilla/5.0 (Windows NT 6.1; rv:64.0) Gecko/20100101 Firefox/64.0" "-"
5.233.138.75 - - [22/Jan/2019:14:11:52 +0330] "GET /image/48/productType/120x90 HTTP/1.1" 200 9054 "https://www.zanbil.ir/product/33751/%DA%86%D8%B1%D8%AE-%D8%AE%DB%8C%D8%A7%D8%B7%DB%8C-%DA%98%D8%A7%D9%86%D9%88%D9%85%D9%87-%D9%85%D8%AF%D9%84-2030" "Mozilla/5.0 (Windows NT 6.1; rv:64.0) Gecko/20100101 Firefox/64.0" "-"
5.115.116.129 - - [22/Jan/2019:14:11:52 +0330] "GET /image/62625/productModel/150x150 HTTP/1.1" 200 2715 "https://www.zanbil.ir/browse/walker/%D9%88%D8%A7%DA%A9%D8%B1" "Mozilla/5.0 (Macintosh; Intel Mac OS X 10.12; rv:64.0) Gecko/20100101 Firefox/64.0" "-"
5.233.138.75 - - [22/Jan/2019:14:11:52 +0330] "GET /image/4515/productType/120x90 HTTP/1.1" 200 14266 "https://www.zanbil.ir/product/33751/%DA%86%D8%B1%D8%AE-%D8%AE%DB%8C%D8%A7%D8%B7%DB%8C-%DA%98%D8%A7%D9%86%D9%88%D9%85%D9%87-%D9%85%D8%AF%D9%84-2030" "Mozilla/5.0 (Windows NT 6.1; rv:64.0) Gecko/20100101 Firefox/64.0" "-"
46.224.89.237 - - [22/Jan/2019:14:11:52 +0330] "GET /site/alexaGooleAnalitic HTTP/1.1" 200 323 "https://www.zanbil.ir/browse/cell-phone/%DA%AF%D9%88%D8%B4%DB%8C-%D9%85%D9%88%D8%A8%D8%A7%DB%8C%D9%84" "Mozilla/5.0 (Windows NT 6.1) AppleWebKit/537.36 (KHTML, like Gecko) Chrome/71.0.3578.98 Safari/537.36" "-"
5.115.116.129 - - [22/Jan/2019:14:11:52 +0330] "GET /image/29311/productModel/100x100 HTTP/1.1" 200 2147 "https://www.zanbil.ir/browse/walker/%D9%88%D8%A7%DA%A9%D8%B1" "Mozilla/5.0 (Macintosh; Intel Mac OS X 10.12; rv:64.0) Gecko/20100101 Firefox/64.0" "-"
5.115.116.129 - - [22/Jan/2019:14:11:52 +0330] "GET /image/29309/productModel/100x100 HTTP/1.1" 200 2121 "https://www.zanbil.ir/browse/walker/%D9%88%D8%A7%DA%A9%D8%B1" "Mozilla/5.0 (Macintosh; Intel Mac OS X 10.12; rv:64.0) Gecko/20100101 Firefox/64.0" "-"
5.233.138.75 - - [22/Jan/2019:14:11:52 +0330] "GET /static/images/guarantees/warranty.png HTTP/1.1" 200 5807 "https://www.zanbil.ir/product/33751/%DA%86%D8%B1%D8%AE-%D8%AE%DB%8C%D8%A7%D8%B7%DB%8C-%DA%98%D8%A7%D9%86%D9%88%D9%85%D9%87-%D9%85%D8%AF%D9%84-2030" "Mozilla/5.0 (Windows NT 6.1; rv:64.0) Gecko/20100101 Firefox/64.0" "-"
5.233.138.75 - - [22/Jan/2019:14:11:52 +0330] "GET /static/images/guarantees/bestPrice.png HTTP/1.1" 200 7356 "https://www.zanbil.ir/product/33751/%DA%86%D8%B1%D8%AE-%D8%AE%DB%8C%D8%A7%D8%B7%DB%8C-%DA%98%D8%A7%D9%86%D9%88%D9%85%D9%87-%D9%85%D8%AF%D9%84-2030" "Mozilla/5.0 (Windows NT 6.1; rv:64.0) Gecko/20100101 Firefox/64.0" "-"
5.115.116.129 - - [22/Jan/2019:14:11:52 +0330] "GET /static/images/third-party/footer.png HTTP/1.1" 200 56076 "https://www.zanbil.ir/browse/walker/%D9%88%D8%A7%DA%A9%D8%B1" "Mozilla/5.0 (Macintosh; Intel Mac OS X 10.12; rv:64.0) Gecko/20100101 Firefox/64.0" "-"
5.115.116.129 - - [22/Jan/2019:14:11:52 +0330] "GET /static/images/amp/instagram.png HTTP/1.1" 200 7146 "https://www.zanbil.ir/browse/walker/%D9%88%D8%A7%DA%A9%D8%B1" "Mozilla/5.0 (Macintosh; Intel Mac OS X 10.12; rv:64.0) Gecko/20100101 Firefox/64.0" "-"
5.214.223.168 - - [22/Jan/2019:14:11:52 +0330] "GET /image/64994/productModel/200x200 HTTP/1.1" 200 7663 "https://www.zanbil.ir/m/browse/cell-phone/%DA%AF%D9%88%D8%B4%DB%8C-%D9%85%D9%88%D8%A8%D8%A7%DB%8C%D9%84" "Mozilla/5.0 (Linux; U; Android 4.4.2; en-us; HUAWEI Y360-U61 Build/HUAWEIY360-U61) AppleWebKit/534.30 (KHTML, like Gecko) Version/4.0 Mobile Safari/534.30;" "-"
5.214.223.168 - - [22/Jan/2019:14:11:52 +0330] "GET /image/64714/productModel/200x200 HTTP/1.1" 200 4620 "https://www.zanbil.ir/m/browse/cell-phone/%DA%AF%D9%88%D8%B4%DB%8C-%D9%85%D9%88%D8%A8%D8%A7%DB%8C%D9%84" "Mozilla/5.0 (Linux; U; Android 4.4.2; en-us; HUAWEI Y360-U61 Build/HUAWEIY360-U61) AppleWebKit/534.30 (KHTML, like Gecko) Version/4.0 Mobile Safari/534.30;" "-"
5.115.116.129 - - [22/Jan/2019:14:11:52 +0330] "GET /static/images/amp/telegram.png HTTP/1.1" 200 4859 "https://www.zanbil.ir/browse/walker/%D9%88%D8%A7%DA%A9%D8%B1" "Mozilla/5.0 (Macintosh; Intel Mac OS X 10.12; rv:64.0) Gecko/20100101 Firefox/64.0" "-"
5.115.116.129 - - [22/Jan/2019:14:11:52 +0330] "GET /static/images/amp/blog.png HTTP/1.1" 200 3863 "https://www.zanbil.ir/browse/walker/%D9%88%D8%A7%DA%A9%D8%B1" "Mozilla/5.0 (Macintosh; Intel Mac OS X 10.12; rv:64.0) Gecko/20100101 Firefox/64.0" "-"
5.214.223.168 - - [22/Jan/2019:14:11:52 +0330] "GET /image/64756/productModel/200x200 HTTP/1.1" 200 5384 "https://www.zanbil.ir/m/browse/cell-phone/%DA%AF%D9%88%D8%B4%DB%8C-%D9%85%D9%88%D8%A8%D8%A7%DB%8C%D9%84" "Mozilla/5.0 (Linux; U; Android 4.4.2; en-us; HUAWEI Y360-U61 Build/HUAWEIY360-U61) AppleWebKit/534.30 (KHTML, like Gecko) Version/4.0 Mobile Safari/534.30;" "-"
5.115.116.129 - - [22/Jan/2019:14:11:52 +0330] "GET /image/735/article/100x100 HTTP/1.1" 200 21073 "https://www.zanbil.ir/browse/walker/%D9%88%D8%A7%DA%A9%D8%B1" "Mozilla/5.0 (Macintosh; Intel Mac OS X 10.12; rv:64.0) Gecko/20100101 Firefox/64.0" "-"
5.115.116.129 - - [22/Jan/2019:14:11:52 +0330] "GET /image/706/article/100x100 HTTP/1.1" 200 24971 "https://www.zanbil.ir/browse/walker/%D9%88%D8%A7%DA%A9%D8%B1" "Mozilla/5.0 (Macintosh; Intel Mac OS X 10.12; rv:64.0) Gecko/20100101 Firefox/64.0" "-"
5.115.116.129 - - [22/Jan/2019:14:11:52 +0330] "GET /image/62585/productModel/100x100 HTTP/1.1" 200 1926 "https://www.zanbil.ir/browse/walker/%D9%88%D8%A7%DA%A9%D8%B1" "Mozilla/5.0 (Macintosh; Intel Mac OS X 10.12; rv:64.0) Gecko/20100101 Firefox/64.0" "-"
5.214.223.168 - - [22/Jan/2019:14:11:52 +0330] "GET /image/64998/productModel/200x200 HTTP/1.1" 200 7902 "https://www.zanbil.ir/m/browse/cell-phone/%DA%AF%D9%88%D8%B4%DB%8C-%D9%85%D9%88%D8%A8%D8%A7%DB%8C%D9%84" "Mozilla/5.0 (Linux; U; Android 4.4.2; en-us; HUAWEI Y360-U61 Build/HUAWEIY360-U61) AppleWebKit/534.30 (KHTML, like Gecko) Version/4.0 Mobile Safari/534.30;" "-"
5.115.116.129 - - [22/Jan/2019:14:11:52 +0330] "GET /image/705/article/100x100 HTTP/1.1" 200 18311 "https://www.zanbil.ir/browse/walker/%D9%88%D8%A7%DA%A9%D8%B1" "Mozilla/5.0 (Macintosh; Intel Mac OS X 10.12; rv:64.0) Gecko/20100101 Firefox/64.0" "-"
5.214.223.168 - - [22/Jan/2019:14:11:52 +0330] "GET /image/65007/productModel/200x200 HTTP/1.1" 200 8214 "https://www.zanbil.ir/m/browse/cell-phone/%DA%AF%D9%88%D8%B4%DB%8C-%D9%85%D9%88%D8%A8%D8%A7%DB%8C%D9%84" "Mozilla/5.0 (Linux; U; Android 4.4.2; en-us; HUAWEI Y360-U61 Build/HUAWEIY360-U61) AppleWebKit/534.30 (KHTML, like Gecko) Version/4.0 Mobile Safari/534.30;" "-"
5.233.138.75 - - [22/Jan/2019:14:11:52 +0330] "GET /static/images/guarantees/support.png HTTP/1.1" 200 6454 "https://www.zanbil.ir/product/33751/%DA%86%D8%B1%D8%AE-%D8%AE%DB%8C%D8%A7%D8%B7%DB%8C-%DA%98%D8%A7%D9%86%D9%88%D9%85%D9%87-%D9%85%D8%AF%D9%84-2030" "Mozilla/5.0 (Windows NT 6.1; rv:64.0) Gecko/20100101 Firefox/64.0" "-"
5.115.116.129 - - [22/Jan/2019:14:11:52 +0330] "GET /static/images/search-category-arrow.png HTTP/1.1" 200 217 "https://znbl.ir/static/bundle-bundle_site_head.css" "Mozilla/5.0 (Macintosh; Intel Mac OS X 10.12; rv:64.0) Gecko/20100101 Firefox/64.0" "-"
5.214.223.168 - - [22/Jan/2019:14:11:52 +0330] "GET /image/64709/productModel/200x200 HTTP/1.1" 200 5529 "https://www.zanbil.ir/m/browse/cell-phone/%DA%AF%D9%88%D8%B4%DB%8C-%D9%85%D9%88%D8%A8%D8%A7%DB%8C%D9%84" "Mozilla/5.0 (Linux; U; Android 4.4.2; en-us; HUAWEI Y360-U61 Build/HUAWEIY360-U61) AppleWebKit/534.30 (KHTML, like Gecko) Version/4.0 Mobile Safari/534.30;" "-"
5.115.116.129 - - [22/Jan/2019:14:11:52 +0330] "GET /static/images/icons/btn-search.png HTTP/1.1" 200 393 "https://znbl.ir/static/bundle-bundle_site_head.css" "Mozilla/5.0 (Macintosh; Intel Mac OS X 10.12; rv:64.0) Gecko/20100101 Firefox/64.0" "-"
5.115.116.129 - - [22/Jan/2019:14:11:52 +0330] "GET /static/images/arrow-right.png HTTP/1.1" 200 475 "https://znbl.ir/static/bundle-bundle_site_head.css" "Mozilla/5.0 (Macintosh; Intel Mac OS X 10.12; rv:64.0) Gecko/20100101 Firefox/64.0" "-"
5.115.116.129 - - [22/Jan/2019:14:11:52 +0330] "GET /static/images/guarantees/goodShopping.png HTTP/1.1" 200 6496 "https://www.zanbil.ir/browse/walker/%D9%88%D8%A7%DA%A9%D8%B1" "Mozilla/5.0 (Macintosh; Intel Mac OS X 10.12; rv:64.0) Gecko/20100101 Firefox/64.0" "-"
5.115.116.129 - - [22/Jan/2019:14:11:52 +0330] "GET /static/images/arrow-left.png HTTP/1.1" 200 474 "https://znbl.ir/static/bundle-bundle_site_head.css" "Mozilla/5.0 (Macintosh; Intel Mac OS X 10.12; rv:64.0) Gecko/20100101 Firefox/64.0" "-"
5.115.116.129 - - [22/Jan/2019:14:11:52 +0330] "GET /static/images/guarantees/warranty.png HTTP/1.1" 200 5807 "https://www.zanbil.ir/browse/walker/%D9%88%D8%A7%DA%A9%D8%B1" "Mozilla/5.0 (Macintosh; Intel Mac OS X 10.12; rv:64.0) Gecko/20100101 Firefox/64.0" "-"
5.214.223.168 - - [22/Jan/2019:14:11:52 +0330] "GET /settings/logo HTTP/1.1" 200 4120 "https://www.zanbil.ir/m/browse/cell-phone/%DA%AF%D9%88%D8%B4%DB%8C-%D9%85%D9%88%D8%A8%D8%A7%DB%8C%D9%84" "Mozilla/5.0 (Linux; U; Android 4.4.2; en-us; HUAWEI Y360-U61 Build/HUAWEIY360-U61) AppleWebKit/534.30 (KHTML, like Gecko) Version/4.0 Mobile Safari/534.30;" "-"
5.115.116.129 - - [22/Jan/2019:14:11:52 +0330] "GET /static/images/guarantees/bestPrice.png HTTP/1.1" 200 7356 "https://www.zanbil.ir/browse/walker/%D9%88%D8%A7%DA%A9%D8%B1" "Mozilla/5.0 (Macintosh; Intel Mac OS X 10.12; rv:64.0) Gecko/20100101 Firefox/64.0" "-"
5.214.223.168 - - [22/Jan/2019:14:11:52 +0330] "GET /favicon.ico HTTP/1.1" 200 0 "-" "Mozilla/5.0 (Linux; Android 4.4.2; HUAWEI Y360-U61 Build/HUAWEIY360-U61) AppleWebKit/537.36 (KHTML, like Gecko) Version/4.0 Chrome/30.0.0.0 Mobile Safari/537.36" "-"
66.249.66.91 - - [22/Jan/2019:14:11:52 +0330] "GET /static/images/guarantees/warranty.png HTTP/1.1" 304 0 "-" "Googlebot-Image/1.0" "-"
2.188.26.199 - - [22/Jan/2019:14:11:52 +0330] "GET /product/32522/62905/%DB%8C%D8%AE%DA%86%D8%A7%D9%84-%D9%81%D8%B1%DB%8C%D8%B2%D8%B1-%D8%B3%D8%A7%DB%8C%D8%AF-%D8%A8%D8%A7%DB%8C-%D8%B3%D8%A7%DB%8C%D8%AF-%D8%A8%DA%A9%D9%88-%D9%85%D8%AF%D9%84-GN162423ZE HTTP/1.1" 200 42835 "https://www.zanbil.ir/filter/b32,b36,p3" "Mozilla/5.0 (Windows NT 6.1) AppleWebKit/537.36 (KHTML, like Gecko) Chrome/71.0.3578.98 Safari/537.36" "-"
5.115.116.129 - - [22/Jan/2019:14:11:52 +0330] "GET /static/images/guarantees/fastDelivery.png HTTP/1.1" 200 7713 "https://www.zanbil.ir/browse/walker/%D9%88%D8%A7%DA%A9%D8%B1" "Mozilla/5.0 (Macintosh; Intel Mac OS X 10.12; rv:64.0) Gecko/20100101 Firefox/64.0" "-"
5.115.116.129 - - [22/Jan/2019:14:11:52 +0330] "GET /static/images/guarantees/pos.png HTTP/1.1" 200 6465 "https://www.zanbil.ir/browse/walker/%D9%88%D8%A7%DA%A9%D8%B1" "Mozilla/5.0 (Macintosh; Intel Mac OS X 10.12; rv:64.0) Gecko/20100101 Firefox/64.0" "-"
5.115.116.129 - - [22/Jan/2019:14:11:52 +0330] "GET /static/images/guarantees/support.png HTTP/1.1" 200 6454 "https://www.zanbil.ir/browse/walker/%D9%88%D8%A7%DA%A9%D8%B1" "Mozilla/5.0 (Macintosh; Intel Mac OS X 10.12; rv:64.0) Gecko/20100101 Firefox/64.0" "-"
5.115.116.129 - - [22/Jan/2019:14:11:52 +0330] "GET /static/images/not-checked.png HTTP/1.1" 200 713 "https://znbl.ir/static/bundle-bundle_site_head.css" "Mozilla/5.0 (Macintosh; Intel Mac OS X 10.12; rv:64.0) Gecko/20100101 Firefox/64.0" "-"
5.115.116.129 - - [22/Jan/2019:14:11:52 +0330] "GET /static/images/prev.png HTTP/1.1" 200 3032 "https://znbl.ir/static/bundle-bundle_site_head.css" "Mozilla/5.0 (Macintosh; Intel Mac OS X 10.12; rv:64.0) Gecko/20100101 Firefox/64.0" "-"
5.115.116.129 - - [22/Jan/2019:14:11:52 +0330] "GET /static/images/filter-arrow-down.png HTTP/1.1" 200 1205 "https://znbl.ir/static/bundle-bundle_site_head.css" "Mozilla/5.0 (Macintosh; Intel Mac OS X 10.12; rv:64.0) Gecko/20100101 Firefox/64.0" "-"
5.214.223.168 - - [22/Jan/2019:14:11:52 +0330] "HEAD /amp_preconnect_polyfill_404_or_other_error_expected._Do_not_worry_about_it?1548153900000 HTTP/1.1" 404 0 "https://www.zanbil.ir/m/browse/cell-phone/%DA%AF%D9%88%D8%B4%DB%8C-%D9%85%D9%88%D8%A8%D8%A7%DB%8C%D9%84" "Mozilla/5.0 (Linux; U; Android 4.4.2; en-us; HUAWEI Y360-U61 Build/HUAWEIY360-U61) AppleWebKit/534.30 (KHTML, like Gecko) Version/4.0 Mobile Safari/534.30;" "-"
5.115.116.129 - - [22/Jan/2019:14:11:52 +0330] "GET /static/images/next.png HTTP/1.1" 200 3045 "https://znbl.ir/static/bundle-bundle_site_head.css" "Mozilla/5.0 (Macintosh; Intel Mac OS X 10.12; rv:64.0) Gecko/20100101 Firefox/64.0" "-"
195.181.169.141 - - [22/Jan/2019:14:11:52 +0330] "GET /plugins/rapid-grails-0.1/js/criteria.js?_=1548153939947 HTTP/1.1" 302 0 "https://www.zanbil.ir/orderAdministration/console/187434" "Mozilla/5.0 (Windows NT 10.0; Win64; x64; rv:64.0) Gecko/20100101 Firefox/64.0" "-"
5.115.116.129 - - [22/Jan/2019:14:11:52 +0330] "GET /static/images/jslider.red.png HTTP/1.1" 200 1777 "https://znbl.ir/static/bundle-bundle_site_head.css" "Mozilla/5.0 (Macintosh; Intel Mac OS X 10.12; rv:64.0) Gecko/20100101 Firefox/64.0" "-"
5.115.116.129 - - [22/Jan/2019:14:11:52 +0330] "GET /static/images/zanbil-kharid.png HTTP/1.1" 200 358 "https://znbl.ir/static/bundle-bundle_site_head.css" "Mozilla/5.0 (Macintosh; Intel Mac OS X 10.12; rv:64.0) Gecko/20100101 Firefox/64.0" "-"
104.222.32.94 - - [22/Jan/2019:14:11:53 +0330] "GET /rapidGrails/jsonList?maxColumns=16&domainClass=eshop.Order&filter=[{op:%27inSession%27,%20field:%27id%27,%20val:%27orderList21e6941ab6164676bb2d21eaa931b829%27}]&columns=[{%27name%27:%27trackingCode%27,%27width%27:110},{%27name%27:%27ownerName%27,%27width%27:120},{%27name%27:%27productsName%27,%27width%27:320,%27sortable%27:false},{%27name%27:%27ownerMobile%27,%27width%27:110},{%27name%27:%27deliveryMethodName%27,%27width%27:120,%27sortable%27:false},{%27name%27:%27deliveryCityName%27,%27width%27:120,%27sortable%27:false},{%27name%27:%27addressRegionName%27,%27width%27:120,%27sortable%27:false},{%27name%27:%27courier%27,%27width%27:120,%27expression%27:%27obj[\x5C%27courier\x5C%27]?.fullName%27},{%27name%27:%27status%27,%27width%27:110},{%27name%27:%27invoiceType%27,%27width%27:60,%27expression%27:%27g.message(code:%20obj[\x5C%27invoiceTypeCode\x5C%27])%27},{%27name%27:%27itemsDeliveryStatus%27,%27width%27:60},{%27name%27:%27creationType%27,%27width%27:50},{%27name%27:%27creationMedia%27,%27width%27:50},{%27name%27:%27completionMedia%27,%27width%27:50},{%27name%27:%27completionFollower%27,%27width%27:120},{%27name%27:%27lastActionDate%27,%27width%27:100,%27expression%27:%27rg.formatJalaliDate(date:%20%20obj[\x5C%27lastActionDate\x5C%27],%20hm:\x5C%27true\x5C%27%20)%27}]&_search=false&nd=1548153930460&rows=10&page=1&sidx=lastActionDate&sord=desc HTTP/1.1" 200 1505 "https://www.zanbil.ir/orderAdministration/console/187311" "Mozilla/5.0 (Windows NT 10.0; Win64; x64; rv:64.0) Gecko/20100101 Firefox/64.0" "-"
5.233.138.75 - - [22/Jan/2019:14:11:53 +0330] "GET /images/raty/star-on.png HTTP/1.1" 302 0 "https://www.zanbil.ir/product/33751/%DA%86%D8%B1%D8%AE-%D8%AE%DB%8C%D8%A7%D8%B7%DB%8C-%DA%98%D8%A7%D9%86%D9%88%D9%85%D9%87-%D9%85%D8%AF%D9%84-2030" "Mozilla/5.0 (Windows NT 6.1; rv:64.0) Gecko/20100101 Firefox/64.0" "-"
5.115.116.129 - - [22/Jan/2019:14:11:53 +0330] "GET /static/images/favicon.ico HTTP/1.1" 200 152 "-" "Mozilla/5.0 (Macintosh; Intel Mac OS X 10.12; rv:64.0) Gecko/20100101 Firefox/64.0" "-"
176.65.185.148 - - [22/Jan/2019:14:11:53 +0330] "GET /settings/logo HTTP/1.1" 200 4120 "https://www.zanbil.ir/browse/monitor/%D9%85%D8%A7%D9%86%DB%8C%D8%AA%D9%88%D8%B1" "Mozilla/5.0 (Windows NT 5.1; rv:52.0) Gecko/20100101 Firefox/52.0" "-"
66.249.66.91 - - [22/Jan/2019:14:11:53 +0330] "GET /static/css/font/wyekan/font.woff HTTP/1.1" 200 28536 "-" "Mozilla/5.0 (Linux; Android 6.0.1; Nexus 5X Build/MMB29P) AppleWebKit/537.36 (KHTML, like Gecko) Chrome/41.0.2272.96 Mobile Safari/537.36 (compatible; Googlebot/2.1; +http://www.google.com/bot.html)" "-"
31.184.135.122 - - [22/Jan/2019:14:11:53 +0330] "GET /filter?f=b1,b103,b105,b135,b508,b783&o=b HTTP/1.1" 301 178 "http://www.zanbil.ir/" "Mozilla/5.0 (compatible; Parsijoobot; +http://www.parsijoo.ir/bot.html; crawler@parsijoo.ir)" "-"
195.181.169.141 - - [22/Jan/2019:14:11:53 +0330] "GET /orderAdministration/list/payment-approved HTTP/1.1" 200 2593 "https://www.zanbil.ir/orderAdministration/console/187434" "Mozilla/5.0 (Windows NT 10.0; Win64; x64; rv:64.0) Gecko/20100101 Firefox/64.0" "-"
5.233.138.75 - - [22/Jan/2019:14:11:53 +0330] "GET /image/63/brand HTTP/1.1" 200 3013 "https://www.zanbil.ir/product/33751/%DA%86%D8%B1%D8%AE-%D8%AE%DB%8C%D8%A7%D8%B7%DB%8C-%DA%98%D8%A7%D9%86%D9%88%D9%85%D9%87-%D9%85%D8%AF%D9%84-2030" "Mozilla/5.0 (Windows NT 6.1; rv:64.0) Gecko/20100101 Firefox/64.0" "-"
5.233.138.75 - - [22/Jan/2019:14:11:53 +0330] "GET /image/58812/productModel/100x100 HTTP/1.1" 200 2074 "https://www.zanbil.ir/product/33751/%DA%86%D8%B1%D8%AE-%D8%AE%DB%8C%D8%A7%D8%B7%DB%8C-%DA%98%D8%A7%D9%86%D9%88%D9%85%D9%87-%D9%85%D8%AF%D9%84-2030" "Mozilla/5.0 (Windows NT 6.1; rv:64.0) Gecko/20100101 Firefox/64.0" "-"
2.188.26.199 - - [22/Jan/2019:14:11:53 +0330] "GET /static/js/date-conversion.min.js HTTP/1.1" 200 608 "https://www.zanbil.ir/product/32522/62905/%DB%8C%D8%AE%DA%86%D8%A7%D9%84-%D9%81%D8%B1%DB%8C%D8%B2%D8%B1-%D8%B3%D8%A7%DB%8C%D8%AF-%D8%A8%D8%A7%DB%8C-%D8%B3%D8%A7%DB%8C%D8%AF-%D8%A8%DA%A9%D9%88-%D9%85%D8%AF%D9%84-GN162423ZE" "Mozilla/5.0 (Windows NT 6.1) AppleWebKit/537.36 (KHTML, like Gecko) Chrome/71.0.3578.98 Safari/537.36" "-"
2.181.160.157 - - [22/Jan/2019:14:11:53 +0330] "GET /basket/checkout HTTP/1.1" 200 32779 "https://www.zanbil.ir/browse/analog-watch/%D8%B3%D8%A7%D8%B9%D8%AA-%D9%85%DA%86%DB%8C-%D8%B9%D9%82%D8%B1%D8%A8%D9%87-%D8%A7%DB%8C" "Mozilla/5.0 (Windows NT 6.1; Trident/7.0; rv:11.0) like Gecko" "-"
104.222.32.94 - - [22/Jan/2019:14:11:53 +0330] "GET /rapidGrails/jsonList?maxColumns=16&domainClass=eshop.Order&filter=[{op:%27inSession%27,%20field:%27id%27,%20val:%27orderList258eb6ee1c4a4b2ca74593138c000cf9%27}]&columns=[{%27name%27:%27trackingCode%27,%27width%27:110},{%27name%27:%27ownerName%27,%27width%27:120},{%27name%27:%27productsName%27,%27width%27:320,%27sortable%27:false},{%27name%27:%27ownerMobile%27,%27width%27:110},{%27name%27:%27deliveryMethodName%27,%27width%27:120,%27sortable%27:false},{%27name%27:%27deliveryCityName%27,%27width%27:120,%27sortable%27:false},{%27name%27:%27addressRegionName%27,%27width%27:120,%27sortable%27:false},{%27name%27:%27courier%27,%27width%27:120,%27expression%27:%27obj[\x5C%27courier\x5C%27]?.fullName%27},{%27name%27:%27status%27,%27width%27:110},{%27name%27:%27invoiceType%27,%27width%27:60,%27expression%27:%27g.message(code:%20obj[\x5C%27invoiceTypeCode\x5C%27])%27},{%27name%27:%27itemsDeliveryStatus%27,%27width%27:60},{%27name%27:%27creationType%27,%27width%27:50},{%27name%27:%27creationMedia%27,%27width%27:50},{%27name%27:%27completionMedia%27,%27width%27:50},{%27name%27:%27completionFollower%27,%27width%27:120},{%27name%27:%27lastActionDate%27,%27width%27:100,%27expression%27:%27rg.formatJalaliDate(date:%20%20obj[\x5C%27lastActionDate\x5C%27],%20hm:\x5C%27true\x5C%27%20)%27}]&_search=false&nd=1548153929655&rows=10&page=1&sidx=lastActionDate&sord=desc HTTP/1.1" 200 1507 "https://www.zanbil.ir/orderAdministration/console/187434" "Mozilla/5.0 (Windows NT 10.0; Win64; x64; rv:64.0) Gecko/20100101 Firefox/64.0" "-"
5.233.138.75 - - [22/Jan/2019:14:11:53 +0330] "GET /static/images/favicon.ico HTTP/1.1" 200 152 "-" "Mozilla/5.0 (Windows NT 6.1; rv:64.0) Gecko/20100101 Firefox/64.0" "-"
66.249.66.91 - - [22/Jan/2019:14:11:53 +0330] "GET /static/css/font/wyekan/font.woff HTTP/1.1" 200 28536 "-" "Mozilla/5.0 (Linux; Android 6.0.1; Nexus 5X Build/MMB29P) AppleWebKit/537.36 (KHTML, like Gecko) Chrome/41.0.2272.96 Mobile Safari/537.36 (compatible; Googlebot/2.1; +http://www.google.com/bot.html)" "-"
198.98.56.149 - - [22/Jan/2019:14:11:53 +0330] "GET /RSS/products/47 HTTP/1.1" 200 3388 "https://www.zanbil.ir/RSS/categories" "Mozilla/5.0 (Windows NT 6.2; Win64; x64; rv:16.0)Gecko/16.0 Firefox/16.0" "-"
5.233.138.75 - - [22/Jan/2019:14:11:53 +0330] "GET /static/images/zanbil-kharid.png HTTP/1.1" 200 358 "https://znbl.ir/static/bundle-bundle_site_head.css" "Mozilla/5.0 (Windows NT 6.1; rv:64.0) Gecko/20100101 Firefox/64.0" "-"
195.181.169.141 - - [22/Jan/2019:14:11:53 +0330] "GET /plugins/rapid-grails-0.1/js/criteria.js?_=1548153940711 HTTP/1.1" 302 0 "https://www.zanbil.ir/orderAdministration/console/187434" "Mozilla/5.0 (Windows NT 10.0; Win64; x64; rv:64.0) Gecko/20100101 Firefox/64.0" "-"
2.181.160.157 - - [22/Jan/2019:14:11:53 +0330] "GET /static/images/amp/instagram.png HTTP/1.1" 200 7146 "https://www.zanbil.ir/basket/checkout" "Mozilla/5.0 (Windows NT 6.1; Trident/7.0; rv:11.0) like Gecko" "-"
2.181.160.157 - - [22/Jan/2019:14:11:53 +0330] "GET /static/images/amp/blog.png HTTP/1.1" 200 3863 "https://www.zanbil.ir/basket/checkout" "Mozilla/5.0 (Windows NT 6.1; Trident/7.0; rv:11.0) like Gecko" "-"
2.181.160.157 - - [22/Jan/2019:14:11:53 +0330] "GET /static/images/amp/telegram.png HTTP/1.1" 200 4859 "https://www.zanbil.ir/basket/checkout" "Mozilla/5.0 (Windows NT 6.1; Trident/7.0; rv:11.0) like Gecko" "-"
2.188.26.199 - - [22/Jan/2019:14:11:53 +0330] "GET /static/js/highcharts.min.js HTTP/1.1" 200 70590 "https://www.zanbil.ir/product/32522/62905/%DB%8C%D8%AE%DA%86%D8%A7%D9%84-%D9%81%D8%B1%DB%8C%D8%B2%D8%B1-%D8%B3%D8%A7%DB%8C%D8%AF-%D8%A8%D8%A7%DB%8C-%D8%B3%D8%A7%DB%8C%D8%AF-%D8%A8%DA%A9%D9%88-%D9%85%D8%AF%D9%84-GN162423ZE" "Mozilla/5.0 (Windows NT 6.1) AppleWebKit/537.36 (KHTML, like Gecko) Chrome/71.0.3578.98 Safari/537.36" "-"
2.181.160.157 - - [22/Jan/2019:14:11:53 +0330] "GET /static/bundle-bundle_site_head.css HTTP/1.1" 200 55531 "https://www.zanbil.ir/basket/checkout" "Mozilla/5.0 (Windows NT 6.1; Trident/7.0; rv:11.0) like Gecko" "-"
5.232.83.53 - - [22/Jan/2019:14:11:53 +0330] "GET /image/34286?name=galaxy-j4-plus-black-1.jpg&wh=200x200 HTTP/1.1" 200 5664 "-" "Mozilla/5.0 (Windows NT 10.0; Win64; x64; rv:64.0) Gecko/20100101 Firefox/64.0" "-"
66.249.66.91 - - [22/Jan/2019:14:11:53 +0330] "GET /static/images/guarantees/warranty.png HTTP/1.1" 304 0 "-" "Googlebot-Image/1.0" "-"
130.185.76.185 - - [22/Jan/2019:14:11:54 +0330] "GET /product/31108/60971/%DA%A9%D9%88%D9%84%D8%B1-%DA%AF%D8%A7%D8%B2%DB%8C-%D8%A7%D8%B3%D9%BE%D9%84%DB%8C%D8%AA-%D8%A7%D9%84-%D8%AC%DB%8C-%D9%85%D8%AF%D9%84-NP187SK1 HTTP/1.1" 200 43752 "https://www.zanbil.ir/product/31108/60971/%DA%A9%D9%88%D9%84%D8%B1-%DA%AF%D8%A7%D8%B2%DB%8C-%D8%A7%D8%B3%D9%BE%D9%84%DB%8C%D8%AA-%D8%A7%D9%84-%D8%AC%DB%8C-%D9%85%D8%AF%D9%84-NP187SK1" "Mozilla/5.0 (Windows NT 6.1; rv:65.0) Gecko/20100101 Firefox/65.0" "-"
5.214.223.168 - - [22/Jan/2019:14:11:54 +0330] "GET /image/113/brand HTTP/1.1" 200 2287 "https://www.zanbil.ir/m/browse/cell-phone/%DA%AF%D9%88%D8%B4%DB%8C-%D9%85%D9%88%D8%A8%D8%A7%DB%8C%D9%84" "Mozilla/5.0 (Linux; U; Android 4.4.2; en-us; HUAWEI Y360-U61 Build/HUAWEIY360-U61) AppleWebKit/534.30 (KHTML, like Gecko) Version/4.0 Mobile Safari/534.30;" "-"
5.214.223.168 - - [22/Jan/2019:14:11:54 +0330] "GET /image/5/brand HTTP/1.1" 200 2171 "https://www.zanbil.ir/m/browse/cell-phone/%DA%AF%D9%88%D8%B4%DB%8C-%D9%85%D9%88%D8%A8%D8%A7%DB%8C%D9%84" "Mozilla/5.0 (Linux; U; Android 4.4.2; en-us; HUAWEI Y360-U61 Build/HUAWEIY360-U61) AppleWebKit/534.30 (KHTML, like Gecko) Version/4.0 Mobile Safari/534.30;" "-"
103.231.138.200 - - [22/Jan/2019:14:11:54 +0330] "GET /image/32172?name=sg1-2222.jpg&wh=200x200 HTTP/1.1" 200 3997 "https://torob.com/search/?query=%DB%8C%D8%AE%DA%86%D8%A7%D9%84%20%D8%A7%D9%84%20%D8%AC%DB%8C" "Mozilla/5.0 (Windows NT 6.1) AppleWebKit/537.36 (KHTML, like Gecko) Chrome/71.0.3578.98 Safari/537.36" "-"
5.214.223.168 - - [22/Jan/2019:14:11:54 +0330] "GET /image/2/brand HTTP/1.1" 200 4842 "https://www.zanbil.ir/m/browse/cell-phone/%DA%AF%D9%88%D8%B4%DB%8C-%D9%85%D9%88%D8%A8%D8%A7%DB%8C%D9%84" "Mozilla/5.0 (Linux; U; Android 4.4.2; en-us; HUAWEI Y360-U61 Build/HUAWEIY360-U61) AppleWebKit/534.30 (KHTML, like Gecko) Version/4.0 Mobile Safari/534.30;" "-"
66.249.66.91 - - [22/Jan/2019:14:11:54 +0330] "GET /filter/b546%2Cb19%2Cb256%2Cb215%2Cb724%2Cb877%2Cb573%2Cb523%2Cb95%2Cb261%2Cb598%2Cb5%2Cb231%2Cb63%2Cb400%2Cb32%2Cb543%2Cb703%2Cb103%2Cb435%2Cb20%2Cb192%2Cb212?page=84 HTTP/1.1" 200 36716 "-" "Mozilla/5.0 (compatible; Googlebot/2.1; +http://www.google.com/bot.html)" "-"
103.231.138.200 - - [22/Jan/2019:14:11:54 +0330] "GET /image/31791?name=sxb550-11.jpg&wh=200x200 HTTP/1.1" 200 3710 "https://torob.com/search/?query=%DB%8C%D8%AE%DA%86%D8%A7%D9%84%20%D8%A7%D9%84%20%D8%AC%DB%8C" "Mozilla/5.0 (Windows NT 6.1) AppleWebKit/537.36 (KHTML, like Gecko) Chrome/71.0.3578.98 Safari/537.36" "-"
103.231.138.200 - - [22/Jan/2019:14:11:54 +0330] "GET /image/31790?name=sxp450_11.jpg&wh=200x200 HTTP/1.1" 200 3819 "https://torob.com/search/?query=%DB%8C%D8%AE%DA%86%D8%A7%D9%84%20%D8%A7%D9%84%20%D8%AC%DB%8C" "Mozilla/5.0 (Windows NT 6.1) AppleWebKit/537.36 (KHTML, like Gecko) Chrome/71.0.3578.98 Safari/537.36" "-"
66.249.66.91 - - [22/Jan/2019:14:11:54 +0330] "GET /static/css/font/wyekan/font.woff HTTP/1.1" 200 28536 "-" "Mozilla/5.0 (Linux; Android 6.0.1; Nexus 5X Build/MMB29P) AppleWebKit/537.36 (KHTML, like Gecko) Chrome/41.0.2272.96 Mobile Safari/537.36 (compatible; Googlebot/2.1; +http://www.google.com/bot.html)" "-"
31.2.134.142 - - [22/Jan/2019:14:11:54 +0330] "GET /m/filter/p62?page=1 HTTP/1.1" 200 19224 "https://www-zanbil-ir.cdn.ampproject.org/v/s/www.zanbil.ir/m/browse/cell-phone/%DA%AF%D9%88%D8%B4%DB%8C-%D9%85%D9%88%D8%A8%D8%A7%DB%8C%D9%84?amp_js_v=0.1&usqp=mq331AQECAEoAQ%3D%3D" "Mozilla/5.0 (Linux; Android 8.1.0; SAMSUNG SM-J710F Build/M1AJQ) AppleWebKit/537.36 (KHTML, like Gecko) SamsungBrowser/8.2 Chrome/63.0.3239.111 Mobile Safari/537.36" "-"
103.231.138.200 - - [22/Jan/2019:14:11:54 +0330] "GET /image/31743?name=sxb535ns-22.jpg&wh=200x200 HTTP/1.1" 200 3965 "https://torob.com/search/?query=%DB%8C%D8%AE%DA%86%D8%A7%D9%84%20%D8%A7%D9%84%20%D8%AC%DB%8C" "Mozilla/5.0 (Windows NT 6.1) AppleWebKit/537.36 (KHTML, like Gecko) Chrome/71.0.3578.98 Safari/537.36" "-"
151.234.111.249 - - [22/Jan/2019:14:11:54 +0330] "GET /browse/electric-heaters/%D8%A8%D8%AE%D8%A7%D8%B1%DB%8C-%D8%A8%D8%B1%D9%82%DB%8C HTTP/1.1" 200 32701 "https://search.yahoo.com/" "Mozilla/5.0 (Windows NT 6.1) AppleWebKit/537.36 (KHTML, like Gecko) Chrome/71.0.3578.98 Safari/537.36" "-"
103.231.138.200 - - [22/Jan/2019:14:11:54 +0330] "GET /image/30960?name=md734-3.jpg&wh=200x200 HTTP/1.1" 200 3648 "https://torob.com/search/?query=%DB%8C%D8%AE%DA%86%D8%A7%D9%84%20%D8%A7%D9%84%20%D8%AC%DB%8C" "Mozilla/5.0 (Windows NT 6.1) AppleWebKit/537.36 (KHTML, like Gecko) Chrome/71.0.3578.98 Safari/537.36" "-"
91.99.30.32 - - [22/Jan/2019:14:11:54 +0330] "GET /rapidGrails/jsonList?maxColumns=16&domainClass=eshop.Order&columns=[{%27name%27:%27trackingCode%27,%27width%27:110},{%27name%27:%27ownerName%27,%27width%27:120},{%27name%27:%27productsName%27,%27width%27:320,%27sortable%27:false},{%27name%27:%27ownerMobile%27,%27width%27:110},{%27name%27:%27deliveryMethodName%27,%27width%27:120,%27sortable%27:false},{%27name%27:%27deliveryCityName%27,%27width%27:120,%27sortable%27:false},{%27name%27:%27addressRegionName%27,%27width%27:120,%27sortable%27:false},{%27name%27:%27courier%27,%27width%27:120,%27expression%27:%27obj[\x5C%27courier\x5C%27]?.fullName%27},{%27name%27:%27status%27,%27width%27:110},{%27name%27:%27invoiceType%27,%27width%27:60,%27expression%27:%27g.message(code:%20obj[\x5C%27invoiceTypeCode\x5C%27])%27},{%27name%27:%27itemsDeliveryStatus%27,%27width%27:60},{%27name%27:%27creationType%27,%27width%27:50},{%27name%27:%27creationMedia%27,%27width%27:50},{%27name%27:%27completionMedia%27,%27width%27:50},{%27name%27:%27completionFollower%27,%27width%27:120},{%27name%27:%27lastActionDate%27,%27width%27:100,%27expression%27:%27rg.formatJalaliDate(date:%20%20obj[\x5C%27lastActionDate\x5C%27],%20hm:\x5C%27true\x5C%27%20)%27}]&filter=[{%22op%22:%22ilike%22,%22val%22:%22%25%D9%81%D9%88%D8%B1%DB%8C%25%22,%22field%22:%22deliveryMethodName%22},{%22op%22:%22inSession%22,%22val%22:%22orderListc5fda811bde8408792fd0e1e369bc253%22,%22field%22:%22id%22}]&_search=false&nd=1548153933967&rows=10&page=1&sidx=lastActionDate&sord=desc HTTP/1.1" 200 408 "https://www.zanbil.ir/orderAdministration/console/187411" "Mozilla/5.0 (Windows NT 10.0; Win64; x64) AppleWebKit/537.36 (KHTML, like Gecko) Chrome/71.0.3578.98 Safari/537.36" "-"
2.181.160.157 - - [22/Jan/2019:14:11:54 +0330] "GET /static/images/third-party/footer.png HTTP/1.1" 200 56076 "https://www.zanbil.ir/basket/checkout" "Mozilla/5.0 (Windows NT 6.1; Trident/7.0; rv:11.0) like Gecko" "-"
151.234.111.249 - - [22/Jan/2019:14:11:54 +0330] "GET /image/%7B%7BbasketItem.id%7D%7D?type=productModel&wh=50x50 HTTP/1.1" 200 5 "https://www.zanbil.ir/browse/electric-heaters/%D8%A8%D8%AE%D8%A7%D8%B1%DB%8C-%D8%A8%D8%B1%D9%82%DB%8C" "Mozilla/5.0 (Windows NT 6.1) AppleWebKit/537.36 (KHTML, like Gecko) Chrome/71.0.3578.98 Safari/537.36" "-"
5.214.223.168 - - [22/Jan/2019:14:11:54 +0330] "GET /image/65274/productModel/200x200 HTTP/1.1" 200 4328 "https://www.zanbil.ir/m/browse/cell-phone/%DA%AF%D9%88%D8%B4%DB%8C-%D9%85%D9%88%D8%A8%D8%A7%DB%8C%D9%84" "Mozilla/5.0 (Linux; U; Android 4.4.2; en-us; HUAWEI Y360-U61 Build/HUAWEIY360-U61) AppleWebKit/534.30 (KHTML, like Gecko) Version/4.0 Mobile Safari/534.30;" "-"
5.232.83.53 - - [22/Jan/2019:14:11:54 +0330] "GET /favicon.ico HTTP/1.1" 200 0 "-" "Mozilla/5.0 (Windows NT 10.0; Win64; x64; rv:64.0) Gecko/20100101 Firefox/64.0" "-"
5.214.223.168 - - [22/Jan/2019:14:11:54 +0330] "GET /image/64784/productModel/200x200 HTTP/1.1" 200 5348 "https://www.zanbil.ir/m/browse/cell-phone/%DA%AF%D9%88%D8%B4%DB%8C-%D9%85%D9%88%D8%A8%D8%A7%DB%8C%D9%84" "Mozilla/5.0 (Linux; U; Android 4.4.2; en-us; HUAWEI Y360-U61 Build/HUAWEIY360-U61) AppleWebKit/534.30 (KHTML, like Gecko) Version/4.0 Mobile Safari/534.30;" "-"
66.249.66.91 - - [22/Jan/2019:14:11:54 +0330] "GET /static/css/font/wyekan/font.woff HTTP/1.1" 200 28536 "-" "Mozilla/5.0 (Linux; Android 6.0.1; Nexus 5X Build/MMB29P) AppleWebKit/537.36 (KHTML, like Gecko) Chrome/41.0.2272.96 Mobile Safari/537.36 (compatible; Googlebot/2.1; +http://www.google.com/bot.html)" "-"
103.231.138.200 - - [22/Jan/2019:14:11:54 +0330] "GET /image/32087?name=sxp430-11.jpg&wh=200x200 HTTP/1.1" 200 3775 "https://torob.com/search/?query=%DB%8C%D8%AE%DA%86%D8%A7%D9%84%20%D8%A7%D9%84%20%D8%AC%DB%8C" "Mozilla/5.0 (Windows NT 6.1) AppleWebKit/537.36 (KHTML, like Gecko) Chrome/71.0.3578.98 Safari/537.36" "-"
151.234.111.249 - - [22/Jan/2019:14:11:54 +0330] "GET /static/bundle-bundle_site_head.css HTTP/1.1" 200 55531 "https://www.zanbil.ir/browse/electric-heaters/%D8%A8%D8%AE%D8%A7%D8%B1%DB%8C-%D8%A8%D8%B1%D9%82%DB%8C" "Mozilla/5.0 (Windows NT 6.1) AppleWebKit/537.36 (KHTML, like Gecko) Chrome/71.0.3578.98 Safari/537.36" "-"
103.231.138.200 - - [22/Jan/2019:14:11:54 +0330] "GET /image/31614?name=230.jpg&wh=200x200 HTTP/1.1" 200 2915 "https://torob.com/search/?query=%DB%8C%D8%AE%DA%86%D8%A7%D9%84%20%D8%A7%D9%84%20%D8%AC%DB%8C" "Mozilla/5.0 (Windows NT 6.1) AppleWebKit/537.36 (KHTML, like Gecko) Chrome/71.0.3578.98 Safari/537.36" "-"
103.231.138.200 - - [22/Jan/2019:14:11:54 +0330] "GET /image/27142?name=mdn76.jpg&wh=200x200 HTTP/1.1" 200 3294 "https://torob.com/search/?query=%DB%8C%D8%AE%DA%86%D8%A7%D9%84%20%D8%A7%D9%84%20%D8%AC%DB%8C" "Mozilla/5.0 (Windows NT 6.1) AppleWebKit/537.36 (KHTML, like Gecko) Chrome/71.0.3578.98 Safari/537.36" "-"
66.249.66.91 - - [22/Jan/2019:14:11:54 +0330] "GET /filter/b546%2Cb19%2Cb256%2Cb215%2Cb724%2Cb877%2Cb573%2Cb523%2Cb95%2Cb261%2Cb598%2Cb5%2Cb231%2Cb63%2Cb400%2Cb32%2Cb543%2Cb703%2Cb103%2Cb435%2Cb574%2Cb118%2Cb570?page=4 HTTP/1.1" 200 38806 "-" "Mozilla/5.0 (compatible; Googlebot/2.1; +http://www.google.com/bot.html)" "-"
5.233.138.75 - - [22/Jan/2019:14:11:54 +0330] "GET /site/alexaGooleAnalitic HTTP/1.1" 200 323 "https://www.zanbil.ir/product/33751/%DA%86%D8%B1%D8%AE-%D8%AE%DB%8C%D8%A7%D8%B7%DB%8C-%DA%98%D8%A7%D9%86%D9%88%D9%85%D9%87-%D9%85%D8%AF%D9%84-2030" "Mozilla/5.0 (Windows NT 6.1; rv:64.0) Gecko/20100101 Firefox/64.0" "-"
66.249.66.91 - - [22/Jan/2019:14:11:54 +0330] "GET /static/images/guarantees/warranty.png HTTP/1.1" 304 0 "-" "Googlebot-Image/1.0" "-"
2.188.26.199 - - [22/Jan/2019:14:11:55 +0330] "GET /static/images/zanbil/Information-Icon.png HTTP/1.1" 200 1429 "https://www.zanbil.ir/product/32522/62905/%DB%8C%D8%AE%DA%86%D8%A7%D9%84-%D9%81%D8%B1%DB%8C%D8%B2%D8%B1-%D8%B3%D8%A7%DB%8C%D8%AF-%D8%A8%D8%A7%DB%8C-%D8%B3%D8%A7%DB%8C%D8%AF-%D8%A8%DA%A9%D9%88-%D9%85%D8%AF%D9%84-GN162423ZE" "Mozilla/5.0 (Windows NT 6.1) AppleWebKit/537.36 (KHTML, like Gecko) Chrome/71.0.3578.98 Safari/537.36" "-"
176.65.185.148 - - [22/Jan/2019:14:11:55 +0330] "GET /static/images/not-checked.png HTTP/1.1" 200 713 "https://znbl.ir/static/bundle-bundle_site_head.css" "Mozilla/5.0 (Windows NT 5.1; rv:52.0) Gecko/20100101 Firefox/52.0" "-"
2.188.26.199 - - [22/Jan/2019:14:11:55 +0330] "GET /settings/logo HTTP/1.1" 200 4120 "https://www.zanbil.ir/product/32522/62905/%DB%8C%D8%AE%DA%86%D8%A7%D9%84-%D9%81%D8%B1%DB%8C%D8%B2%D8%B1-%D8%B3%D8%A7%DB%8C%D8%AF-%D8%A8%D8%A7%DB%8C-%D8%B3%D8%A7%DB%8C%D8%AF-%D8%A8%DA%A9%D9%88-%D9%85%D8%AF%D9%84-GN162423ZE" "Mozilla/5.0 (Windows NT 6.1) AppleWebKit/537.36 (KHTML, like Gecko) Chrome/71.0.3578.98 Safari/537.36" "-"
2.188.26.199 - - [22/Jan/2019:14:11:55 +0330] "GET /image/32522/product/50x50 HTTP/1.1" 200 1018 "https://www.zanbil.ir/product/32522/62905/%DB%8C%D8%AE%DA%86%D8%A7%D9%84-%D9%81%D8%B1%DB%8C%D8%B2%D8%B1-%D8%B3%D8%A7%DB%8C%D8%AF-%D8%A8%D8%A7%DB%8C-%D8%B3%D8%A7%DB%8C%D8%AF-%D8%A8%DA%A9%D9%88-%D9%85%D8%AF%D9%84-GN162423ZE" "Mozilla/5.0 (Windows NT 6.1) AppleWebKit/537.36 (KHTML, like Gecko) Chrome/71.0.3578.98 Safari/537.36" "-"
151.234.111.249 - - [22/Jan/2019:14:11:55 +0330] "GET /static/images/search-category-arrow.png HTTP/1.1" 200 217 "https://znbl.ir/static/bundle-bundle_site_head.css" "Mozilla/5.0 (Windows NT 6.1) AppleWebKit/537.36 (KHTML, like Gecko) Chrome/71.0.3578.98 Safari/537.36" "-"
2.181.160.157 - - [22/Jan/2019:14:11:55 +0330] "GET /static/css/font/wyekan/font.eot HTTP/1.1" 200 27562 "https://www.zanbil.ir/basket/checkout" "Mozilla/5.0 (Windows NT 6.1; Trident/7.0; rv:11.0) like Gecko" "-"
176.65.185.148 - - [22/Jan/2019:14:11:55 +0330] "GET /image/60773/productModel/150x150 HTTP/1.1" 200 4928 "https://www.zanbil.ir/browse/monitor/%D9%85%D8%A7%D9%86%DB%8C%D8%AA%D9%88%D8%B1" "Mozilla/5.0 (Windows NT 5.1; rv:52.0) Gecko/20100101 Firefox/52.0" "-"
2.188.26.199 - - [22/Jan/2019:14:11:55 +0330] "GET /image/14295/productModel/100x100 HTTP/1.1" 200 1552 "https://www.zanbil.ir/product/32522/62905/%DB%8C%D8%AE%DA%86%D8%A7%D9%84-%D9%81%D8%B1%DB%8C%D8%B2%D8%B1-%D8%B3%D8%A7%DB%8C%D8%AF-%D8%A8%D8%A7%DB%8C-%D8%B3%D8%A7%DB%8C%D8%AF-%D8%A8%DA%A9%D9%88-%D9%85%D8%AF%D9%84-GN162423ZE" "Mozilla/5.0 (Windows NT 6.1) AppleWebKit/537.36 (KHTML, like Gecko) Chrome/71.0.3578.98 Safari/537.36" "-"
176.65.185.148 - - [22/Jan/2019:14:11:55 +0330] "GET /image/63038/productModel/150x150 HTTP/1.1" 200 5353 "https://www.zanbil.ir/browse/monitor/%D9%85%D8%A7%D9%86%DB%8C%D8%AA%D9%88%D8%B1" "Mozilla/5.0 (Windows NT 5.1; rv:52.0) Gecko/20100101 Firefox/52.0" "-"
176.65.185.148 - - [22/Jan/2019:14:11:55 +0330] "GET /image/44341/productModel/150x150 HTTP/1.1" 200 4005 "https://www.zanbil.ir/browse/monitor/%D9%85%D8%A7%D9%86%DB%8C%D8%AA%D9%88%D8%B1" "Mozilla/5.0 (Windows NT 5.1; rv:52.0) Gecko/20100101 Firefox/52.0" "-"
151.234.111.249 - - [22/Jan/2019:14:11:55 +0330] "GET /settings/logo HTTP/1.1" 200 4120 "https://www.zanbil.ir/browse/electric-heaters/%D8%A8%D8%AE%D8%A7%D8%B1%DB%8C-%D8%A8%D8%B1%D9%82%DB%8C" "Mozilla/5.0 (Windows NT 6.1) AppleWebKit/537.36 (KHTML, like Gecko) Chrome/71.0.3578.98 Safari/537.36" "-"
31.2.134.142 - - [22/Jan/2019:14:11:55 +0330] "GET /static/css/font/wyekan/font.woff HTTP/1.1" 200 28536 "https://www.zanbil.ir/m/filter/p62?page=1" "Mozilla/5.0 (Linux; Android 8.1.0; SAMSUNG SM-J710F Build/M1AJQ) AppleWebKit/537.36 (KHTML, like Gecko) SamsungBrowser/8.2 Chrome/63.0.3239.111 Mobile Safari/537.36" "-"
2.181.160.157 - - [22/Jan/2019:14:11:55 +0330] "GET /static/images/icons/btn-search.png HTTP/1.1" 200 393 "https://www.zanbil.ir/basket/checkout" "Mozilla/5.0 (Windows NT 6.1; Trident/7.0; rv:11.0) like Gecko" "-"
2.188.26.199 - - [22/Jan/2019:14:11:55 +0330] "GET /image/32522?name=62423.jpg&wh=300x300 HTTP/1.1" 200 4766 "https://www.zanbil.ir/product/32522/62905/%DB%8C%D8%AE%DA%86%D8%A7%D9%84-%D9%81%D8%B1%DB%8C%D8%B2%D8%B1-%D8%B3%D8%A7%DB%8C%D8%AF-%D8%A8%D8%A7%DB%8C-%D8%B3%D8%A7%DB%8C%D8%AF-%D8%A8%DA%A9%D9%88-%D9%85%D8%AF%D9%84-GN162423ZE" "Mozilla/5.0 (Windows NT 6.1) AppleWebKit/537.36 (KHTML, like Gecko) Chrome/71.0.3578.98 Safari/537.36" "-"
176.65.185.148 - - [22/Jan/2019:14:11:55 +0330] "GET /image/61079/productModel/150x150 HTTP/1.1" 200 3845 "https://www.zanbil.ir/browse/monitor/%D9%85%D8%A7%D9%86%DB%8C%D8%AA%D9%88%D8%B1" "Mozilla/5.0 (Windows NT 5.1; rv:52.0) Gecko/20100101 Firefox/52.0" "-"
176.65.185.148 - - [22/Jan/2019:14:11:55 +0330] "GET /image/7051/productModel/150x150 HTTP/1.1" 200 3321 "https://www.zanbil.ir/browse/monitor/%D9%85%D8%A7%D9%86%DB%8C%D8%AA%D9%88%D8%B1" "Mozilla/5.0 (Windows NT 5.1; rv:52.0) Gecko/20100101 Firefox/52.0" "-"
176.65.185.148 - - [22/Jan/2019:14:11:55 +0330] "GET /site/alexaGooleAnalitic HTTP/1.1" 200 323 "https://www.zanbil.ir/browse/monitor/%D9%85%D8%A7%D9%86%DB%8C%D8%AA%D9%88%D8%B1" "Mozilla/5.0 (Windows NT 5.1; rv:52.0) Gecko/20100101 Firefox/52.0" "-"
2.188.26.199 - - [22/Jan/2019:14:11:55 +0330] "GET /image/56263/productModel/100x100 HTTP/1.1" 200 1576 "https://www.zanbil.ir/product/32522/62905/%DB%8C%D8%AE%DA%86%D8%A7%D9%84-%D9%81%D8%B1%DB%8C%D8%B2%D8%B1-%D8%B3%D8%A7%DB%8C%D8%AF-%D8%A8%D8%A7%DB%8C-%D8%B3%D8%A7%DB%8C%D8%AF-%D8%A8%DA%A9%D9%88-%D9%85%D8%AF%D9%84-GN162423ZE" "Mozilla/5.0 (Windows NT 6.1) AppleWebKit/537.36 (KHTML, like Gecko) Chrome/71.0.3578.98 Safari/537.36" "-"
151.234.111.249 - - [22/Jan/2019:14:11:55 +0330] "GET /static/images/icons/btn-search.png HTTP/1.1" 200 393 "https://znbl.ir/static/bundle-bundle_site_head.css" "Mozilla/5.0 (Windows NT 6.1) AppleWebKit/537.36 (KHTML, like Gecko) Chrome/71.0.3578.98 Safari/537.36" "-"
2.188.26.199 - - [22/Jan/2019:14:11:55 +0330] "GET /plugins/ckeditor-3.6.2.2/js/ckeditor/ckeditor.js HTTP/1.1" 302 0 "https://www.zanbil.ir/product/32522/62905/%DB%8C%D8%AE%DA%86%D8%A7%D9%84-%D9%81%D8%B1%DB%8C%D8%B2%D8%B1-%D8%B3%D8%A7%DB%8C%D8%AF-%D8%A8%D8%A7%DB%8C-%D8%B3%D8%A7%DB%8C%D8%AF-%D8%A8%DA%A9%D9%88-%D9%85%D8%AF%D9%84-GN162423ZE" "Mozilla/5.0 (Windows NT 6.1) AppleWebKit/537.36 (KHTML, like Gecko) Chrome/71.0.3578.98 Safari/537.36" "-"
2.188.26.199 - - [22/Jan/2019:14:11:55 +0330] "GET /image/32522?name=62324z.jpg&wh=300x300 HTTP/1.1" 200 4965 "https://www.zanbil.ir/product/32522/62905/%DB%8C%D8%AE%DA%86%D8%A7%D9%84-%D9%81%D8%B1%DB%8C%D8%B2%D8%B1-%D8%B3%D8%A7%DB%8C%D8%AF-%D8%A8%D8%A7%DB%8C-%D8%B3%D8%A7%DB%8C%D8%AF-%D8%A8%DA%A9%D9%88-%D9%85%D8%AF%D9%84-GN162423ZE" "Mozilla/5.0 (Windows NT 6.1) AppleWebKit/537.36 (KHTML, like Gecko) Chrome/71.0.3578.98 Safari/537.36" "-"
2.188.26.199 - - [22/Jan/2019:14:11:55 +0330] "GET /static/images/Icon-Buypage/addToZanbil-box.png HTTP/1.1" 200 4011 "https://znbl.ir/static/bundle-bundle_site_head.css" "Mozilla/5.0 (Windows NT 6.1) AppleWebKit/537.36 (KHTML, like Gecko) Chrome/71.0.3578.98 Safari/537.36" "-"
151.234.111.249 - - [22/Jan/2019:14:11:55 +0330] "GET /image/440/productTypeType HTTP/1.1" 200 13184 "https://www.zanbil.ir/browse/electric-heaters/%D8%A8%D8%AE%D8%A7%D8%B1%DB%8C-%D8%A8%D8%B1%D9%82%DB%8C" "Mozilla/5.0 (Windows NT 6.1) AppleWebKit/537.36 (KHTML, like Gecko) Chrome/71.0.3578.98 Safari/537.36" "-"
151.234.111.249 - - [22/Jan/2019:14:11:55 +0330] "GET /image/441/productTypeType HTTP/1.1" 200 12787 "https://www.zanbil.ir/browse/electric-heaters/%D8%A8%D8%AE%D8%A7%D8%B1%DB%8C-%D8%A8%D8%B1%D9%82%DB%8C" "Mozilla/5.0 (Windows NT 6.1) AppleWebKit/537.36 (KHTML, like Gecko) Chrome/71.0.3578.98 Safari/537.36" "-"
2.188.26.199 - - [22/Jan/2019:14:11:55 +0330] "GET /image/57601/productModel/100x100 HTTP/1.1" 200 1761 "https://www.zanbil.ir/product/32522/62905/%DB%8C%D8%AE%DA%86%D8%A7%D9%84-%D9%81%D8%B1%DB%8C%D8%B2%D8%B1-%D8%B3%D8%A7%DB%8C%D8%AF-%D8%A8%D8%A7%DB%8C-%D8%B3%D8%A7%DB%8C%D8%AF-%D8%A8%DA%A9%D9%88-%D9%85%D8%AF%D9%84-GN162423ZE" "Mozilla/5.0 (Windows NT 6.1) AppleWebKit/537.36 (KHTML, like Gecko) Chrome/71.0.3578.98 Safari/537.36" "-"
2.188.26.199 - - [22/Jan/2019:14:11:55 +0330] "GET /image/32522?name=62324e.jpg&wh=300x300 HTTP/1.1" 200 12858 "https://www.zanbil.ir/product/32522/62905/%DB%8C%D8%AE%DA%86%D8%A7%D9%84-%D9%81%D8%B1%DB%8C%D8%B2%D8%B1-%D8%B3%D8%A7%DB%8C%D8%AF-%D8%A8%D8%A7%DB%8C-%D8%B3%D8%A7%DB%8C%D8%AF-%D8%A8%DA%A9%D9%88-%D9%85%D8%AF%D9%84-GN162423ZE" "Mozilla/5.0 (Windows NT 6.1) AppleWebKit/537.36 (KHTML, like Gecko) Chrome/71.0.3578.98 Safari/537.36" "-"
5.214.223.168 - - [22/Jan/2019:14:11:55 +0330] "GET /image/764/mainSlideMobile HTTP/1.1" 200 61680 "https://www.zanbil.ir/m/browse/cell-phone/%DA%AF%D9%88%D8%B4%DB%8C-%D9%85%D9%88%D8%A8%D8%A7%DB%8C%D9%84" "Mozilla/5.0 (Linux; U; Android 4.4.2; en-us; HUAWEI Y360-U61 Build/HUAWEIY360-U61) AppleWebKit/534.30 (KHTML, like Gecko) Version/4.0 Mobile Safari/534.30;" "-"
2.188.26.199 - - [22/Jan/2019:14:11:55 +0330] "GET /image/59828/productModel/100x100 HTTP/1.1" 200 1787 "https://www.zanbil.ir/product/32522/62905/%DB%8C%D8%AE%DA%86%D8%A7%D9%84-%D9%81%D8%B1%DB%8C%D8%B2%D8%B1-%D8%B3%D8%A7%DB%8C%D8%AF-%D8%A8%D8%A7%DB%8C-%D8%B3%D8%A7%DB%8C%D8%AF-%D8%A8%DA%A9%D9%88-%D9%85%D8%AF%D9%84-GN162423ZE" "Mozilla/5.0 (Windows NT 6.1) AppleWebKit/537.36 (KHTML, like Gecko) Chrome/71.0.3578.98 Safari/537.36" "-"
