2.178.249.78 - - [22/Jan/2019:14:11:46 +0330] "GET /image/32001?name=wm-1045c-333.jpg&wh=max HTTP/1.1" 200 26677 "https://www.zanbil.ir/m/product/32001/62230/%D9%85%D8%A7%D8%B4%DB%8C%D9%86-%D9%84%D8%A8%D8%A7%D8%B3%D8%B4%D9%88%DB%8C%DB%8C-%D8%AF%D8%B1%D8%A8-%D8%A7%D8%B2-%D8%AC%D9%84%D9%88-%D8%A7%D9%84-%D8%AC%DB%8C-%D9%85%D8%AF%D9%84-WM-1045CW" "Mozilla/5.0 (Linux; Android 4.2.2; LenovoA3300-GV Build/JDQ39) AppleWebKit/537.36 (KHTML, like Gecko) Chrome/31.0.1650.59 Safari/537.36" "-"
94.183.196.121 - - [22/Jan/2019:14:11:47 +0330] "GET /image/34004?name=ms93wcr.jpg&wh=200x200 HTTP/1.1" 200 5208 "https://torob.com/search/?query=ms312dn" "Mozilla/5.0 (Windows NT 6.1; Win64; x64) AppleWebKit/537.36 (KHTML, like Gecko) Chrome/71.0.3578.98 Safari/537.36" "-"
104.222.32.94 - - [22/Jan/2019:14:11:47 +0330] "GET /rapidGrails/jsonList?maxColumns=16&domainClass=eshop.Order&filter=[{op:%27inSession%27,%20field:%27id%27,%20val:%27orderList73ca91d2ec8446b891970865b539fe59%27}]&columns=[{%27name%27:%27trackingCode%27,%27width%27:110},{%27name%27:%27ownerName%27,%27width%27:120},{%27name%27:%27productsName%27,%27width%27:320,%27sortable%27:false},{%27name%27:%27ownerMobile%27,%27width%27:110},{%27name%27:%27deliveryMethodName%27,%27width%27:120,%27sortable%27:false},{%27name%27:%27deliveryCityName%27,%27width%27:120,%27sortable%27:false},{%27name%27:%27addressRegionName%27,%27width%27:120,%27sortable%27:false},{%27name%27:%27courier%27,%27width%27:120,%27expression%27:%27obj[\x5C%27courier\x5C%27]?.fullName%27},{%27name%27:%27status%27,%27width%27:110},{%27name%27:%27invoiceType%27,%27width%27:60,%27expression%27:%27g.message(code:%20obj[\x5C%27invoiceTypeCode\x5C%27])%27},{%27name%27:%27itemsDeliveryStatus%27,%27width%27:60},{%27name%27:%27creationType%27,%27width%27:50},{%27name%27:%27creationMedia%27,%27width%27:50},{%27name%27:%27completionMedia%27,%27width%27:50},{%27name%27:%27completionFollower%27,%27width%27:120},{%27name%27:%27lastActionDate%27,%27width%27:100,%27expression%27:%27rg.formatJalaliDate(date:%20%20obj[\x5C%27lastActionDate\x5C%27],%20hm:\x5C%27true\x5C%27%20)%27}]&_search=false&nd=1548153924492&rows=10&page=1&sidx=lastActionDate&sord=desc HTTP/1.1" 200 1512 "https://www.zanbil.ir/orderAdministration/console/187322" "Mozilla/5.0 (Windows NT 10.0; Win64; x64; rv:64.0) Gecko/20100101 Firefox/64.0" "-"
91.99.30.32 - - [22/Jan/2019:14:11:47 +0330] "GET /rapidGrails/jsonList?maxColumns=16&domainClass=eshop.Order&filter=[{op:%27inSession%27,%20field:%27id%27,%20val:%27orderList7f3b3d3a9014479489ff488c00e40ab3%27}]&columns=[{%27name%27:%27trackingCode%27,%27width%27:110},{%27name%27:%27ownerName%27,%27width%27:120},{%27name%27:%27productsName%27,%27width%27:320,%27sortable%27:false},{%27name%27:%27ownerMobile%27,%27width%27:110},{%27name%27:%27deliveryMethodName%27,%27width%27:120,%27sortable%27:false},{%27name%27:%27deliveryCityName%27,%27width%27:120,%27sortable%27:false},{%27name%27:%27addressRegionName%27,%27width%27:120,%27sortable%27:false},{%27name%27:%27courier%27,%27width%27:120,%27expression%27:%27obj[\x5C%27courier\x5C%27]?.fullName%27},{%27name%27:%27status%27,%27width%27:110},{%27name%27:%27invoiceType%27,%27width%27:60,%27expression%27:%27g.message(code:%20obj[\x5C%27invoiceTypeCode\x5C%27])%27},{%27name%27:%27itemsDeliveryStatus%27,%27width%27:60},{%27name%27:%27creationType%27,%27width%27:50},{%27name%27:%27creationMedia%27,%27width%27:50},{%27name%27:%27completionMedia%27,%27width%27:50},{%27name%27:%27completionFollower%27,%27width%27:120},{%27name%27:%27lastActionDate%27,%27width%27:100,%27expression%27:%27rg.formatJalaliDate(date:%20%20obj[\x5C%27lastActionDate\x5C%27],%20hm:\x5C%27true\x5C%27%20)%27}]&_search=false&nd=1548153930268&rows=10&page=1&sidx=lastActionDate&sord=desc HTTP/1.1" 200 89 "https://www.zanbil.ir/orderAdministration/console/187482" "Mozilla/5.0 (Windows NT 10.0; Win64; x64; rv:64.0) Gecko/20100101 Firefox/64.0" "-"
157.55.39.188 - - [22/Jan/2019:14:11:47 +0330] "GET /filter/p68%2Cb103 HTTP/1.1" 200 31843 "-" "Mozilla/5.0 (compatible; bingbot/2.0; +http://www.bing.com/bingbot.htm)" "-"
198.98.56.149 - - [22/Jan/2019:14:11:47 +0330] "GET /RSS/products/49 HTTP/1.1" 200 835 "https://www.zanbil.ir/RSS/categories" "Mozilla/5.0 (Windows NT 6.2; Win64; x64; rv:16.0)Gecko/16.0 Firefox/16.0" "-"
151.239.241.163 - - [22/Jan/2019:14:11:47 +0330] "POST /orderAdministration/producerList HTTP/1.1" 200 1228 "https://www.zanbil.ir/orderAdministration/console/187395" "Mozilla/5.0 (Windows NT 6.1; Win64; x64) AppleWebKit/537.36 (KHTML, like Gecko) Chrome/71.0.3578.98 Safari/537.36" "-"
157.55.39.188 - - [22/Jan/2019:14:11:48 +0330] "GET /filter/b109,b135,b58,b76,b88 HTTP/1.1" 200 36914 "-" "Mozilla/5.0 (compatible; bingbot/2.0; +http://www.bing.com/bingbot.htm)" "-"
198.52.38.67 - - [22/Jan/2019:14:11:48 +0330] "GET /static/images/amp/third-party/footer-mobile.png HTTP/1.1" 200 62894 "https://www.zanbil.ir/m/browse/hood/%D9%87%D9%88%D8%AF" "Mozilla/5.0 (Linux; Android 7.1.1; SM-J510F Build/NMF26X) AppleWebKit/537.36 (KHTML, like Gecko) Chrome/67.0.3396.87 Mobile Safari/537.36" "-"
5.126.156.246 - - [22/Jan/2019:14:11:48 +0330] "GET /image/5544/productModel/150x150 HTTP/1.1" 200 3971 "https://www.zanbil.ir/m/product/8368/10482/%D8%A8%D8%AE%D8%A7%D8%B1%DB%8C-%DA%AF%D8%A7%D8%B2%DB%8C-%D8%A8%D8%AF%D9%88%D9%86-%D8%AF%D9%88%D8%AF%DA%A9%D8%B4-%D9%BE%D9%84%D8%A7%D8%B1-%D9%85%D8%AF%D9%84-KN-20" "Mozilla/5.0 (Linux; Android 5.1.1; SM-J200F) AppleWebKit/537.36 (KHTML, like Gecko) Chrome/70.0.3538.110 Mobile Safari/537.36" "-"
5.126.156.246 - - [22/Jan/2019:14:11:48 +0330] "GET /image/11164/productModel/150x150 HTTP/1.1" 200 3965 "https://www.zanbil.ir/m/product/8368/10482/%D8%A8%D8%AE%D8%A7%D8%B1%DB%8C-%DA%AF%D8%A7%D8%B2%DB%8C-%D8%A8%D8%AF%D9%88%D9%86-%D8%AF%D9%88%D8%AF%DA%A9%D8%B4-%D9%BE%D9%84%D8%A7%D8%B1-%D9%85%D8%AF%D9%84-KN-20" "Mozilla/5.0 (Linux; Android 5.1.1; SM-J200F) AppleWebKit/537.36 (KHTML, like Gecko) Chrome/70.0.3538.110 Mobile Safari/537.36" "-"
128.65.175.224 - - [22/Jan/2019:14:11:48 +0330] "GET /settings/logo HTTP/1.1" 200 4120 "https://www.zanbil.ir/m/browse/gas-heater/%D8%A8%D8%AE%D8%A7%D8%B1%DB%8C-%DA%AF%D8%A7%D8%B2%DB%8C" "Mozilla/5.0 (Linux; Android 6.0.1; MI 4W) AppleWebKit/537.36 (KHTML, like Gecko) Chrome/71.0.3578.99 Mobile Safari/537.36" "-"
128.65.175.224 - - [22/Jan/2019:14:11:48 +0330] "GET /image/64769/productModel/200x200 HTTP/1.1" 200 5194 "https://www.zanbil.ir/m/browse/gas-heater/%D8%A8%D8%AE%D8%A7%D8%B1%DB%8C-%DA%AF%D8%A7%D8%B2%DB%8C" "Mozilla/5.0 (Linux; Android 6.0.1; MI 4W) AppleWebKit/537.36 (KHTML, like Gecko) Chrome/71.0.3578.99 Mobile Safari/537.36" "-"
128.65.175.224 - - [22/Jan/2019:14:11:48 +0330] "GET /image/10484/productModel/200x200 HTTP/1.1" 200 6609 "https://www.zanbil.ir/m/browse/gas-heater/%D8%A8%D8%AE%D8%A7%D8%B1%DB%8C-%DA%AF%D8%A7%D8%B2%DB%8C" "Mozilla/5.0 (Linux; Android 6.0.1; MI 4W) AppleWebKit/537.36 (KHTML, like Gecko) Chrome/71.0.3578.99 Mobile Safari/537.36" "-"
128.65.175.224 - - [22/Jan/2019:14:11:48 +0330] "GET /image/10556/productModel/200x200 HTTP/1.1" 200 7187 "https://www.zanbil.ir/m/browse/gas-heater/%D8%A8%D8%AE%D8%A7%D8%B1%DB%8C-%DA%AF%D8%A7%D8%B2%DB%8C" "Mozilla/5.0 (Linux; Android 6.0.1; MI 4W) AppleWebKit/537.36 (KHTML, like Gecko) Chrome/71.0.3578.99 Mobile Safari/537.36" "-"
128.65.175.224 - - [22/Jan/2019:14:11:48 +0330] "GET /image/5552/productModel/200x200 HTTP/1.1" 200 8126 "https://www.zanbil.ir/m/browse/gas-heater/%D8%A8%D8%AE%D8%A7%D8%B1%DB%8C-%DA%AF%D8%A7%D8%B2%DB%8C" "Mozilla/5.0 (Linux; Android 6.0.1; MI 4W) AppleWebKit/537.36 (KHTML, like Gecko) Chrome/71.0.3578.99 Mobile Safari/537.36" "-"
128.65.175.224 - - [22/Jan/2019:14:11:48 +0330] "GET /image/64351/productModel/200x200 HTTP/1.1" 200 5328 "https://www.zanbil.ir/m/browse/gas-heater/%D8%A8%D8%AE%D8%A7%D8%B1%DB%8C-%DA%AF%D8%A7%D8%B2%DB%8C" "Mozilla/5.0 (Linux; Android 6.0.1; MI 4W) AppleWebKit/537.36 (KHTML, like Gecko) Chrome/71.0.3578.99 Mobile Safari/537.36" "-"
128.65.175.224 - - [22/Jan/2019:14:11:48 +0330] "GET /image/11102/productModel/200x200 HTTP/1.1" 200 6766 "https://www.zanbil.ir/m/browse/gas-heater/%D8%A8%D8%AE%D8%A7%D8%B1%DB%8C-%DA%AF%D8%A7%D8%B2%DB%8C" "Mozilla/5.0 (Linux; Android 6.0.1; MI 4W) AppleWebKit/537.36 (KHTML, like Gecko) Chrome/71.0.3578.99 Mobile Safari/537.36" "-"
172.20.2.174 - - [22/Jan/2019:14:11:49 +0330] "GET /site/ping HTTP/1.1" 200 4 "-" "-" "-"
128.65.175.224 - - [22/Jan/2019:14:11:49 +0330] "GET /image/240/brand HTTP/1.1" 200 2090 "https://www.zanbil.ir/m/browse/gas-heater/%D8%A8%D8%AE%D8%A7%D8%B1%DB%8C-%DA%AF%D8%A7%D8%B2%DB%8C" "Mozilla/5.0 (Linux; Android 6.0.1; MI 4W) AppleWebKit/537.36 (KHTML, like Gecko) Chrome/71.0.3578.99 Mobile Safari/537.36" "-"
66.249.66.91 - - [22/Jan/2019:14:11:49 +0330] "GET /filter/b546%2Cb19%2Cb256%2Cb215%2Cb724%2Cb877%2Cb573%2Cb523%2Cb95%2Cb261%2Cb598%2Cb5%2Cb231%2Cb63%2Cb400%2Cb32%2Cb543%2Cb703%2Cb103%2Cb435%2Cb20%2Cb192%2Cb212?page=2 HTTP/1.1" 200 38698 "-" "Mozilla/5.0 (compatible; Googlebot/2.1; +http://www.google.com/bot.html)" "-"
128.65.175.224 - - [22/Jan/2019:14:11:49 +0330] "GET /image/256/brand HTTP/1.1" 200 2229 "https://www.zanbil.ir/m/browse/gas-heater/%D8%A8%D8%AE%D8%A7%D8%B1%DB%8C-%DA%AF%D8%A7%D8%B2%DB%8C" "Mozilla/5.0 (Linux; Android 6.0.1; MI 4W) AppleWebKit/537.36 (KHTML, like Gecko) Chrome/71.0.3578.99 Mobile Safari/537.36" "-"
128.65.175.224 - - [22/Jan/2019:14:11:49 +0330] "GET /image/248/brand HTTP/1.1" 200 2398 "https://www.zanbil.ir/m/browse/gas-heater/%D8%A8%D8%AE%D8%A7%D8%B1%DB%8C-%DA%AF%D8%A7%D8%B2%DB%8C" "Mozilla/5.0 (Linux; Android 6.0.1; MI 4W) AppleWebKit/537.36 (KHTML, like Gecko) Chrome/71.0.3578.99 Mobile Safari/537.36" "-"
128.65.175.224 - - [22/Jan/2019:14:11:49 +0330] "GET /image/139/productTypeType HTTP/1.1" 200 10929 "https://www.zanbil.ir/m/browse/gas-heater/%D8%A8%D8%AE%D8%A7%D8%B1%DB%8C-%DA%AF%D8%A7%D8%B2%DB%8C" "Mozilla/5.0 (Linux; Android 6.0.1; MI 4W) AppleWebKit/537.36 (KHTML, like Gecko) Chrome/71.0.3578.99 Mobile Safari/537.36" "-"
66.249.66.91 - - [22/Jan/2019:14:11:49 +0330] "GET /filter/b224%2Cb213%2Cb226%2Cb724%2Cb63%2Cb548%2Cb861%2Cb778%2Cb113%2Cb118%2Cb442%2Cb619%2Cb481%2Cb597%2Cb321%2Cb441%2Cb568%2Cb249%2Cb454%2Cstexists%2Cb879%2Cb19%2Cb203%2Cb795%2Cb900%2Cb35%2Cb2%2Cb209%2Cb258%2Cb183%2Cb883%2Cb880%2Cb99%2Cb523%2Cb188%2Cb904%2Cb596%2Cb484%2Cb878%2Cb8%2Cb400%2Cb135%2Cb901%2Cb202%2Cb43%2Cb703%2Cb270%2Cb80%2Cb497%2Cb32%2Cb440%2Cb180%2Cb143%2Cb151%2Cb4%2Cb651%2Cb656%2Cb216%2Cb148%2Cb147%2Cp1?page=3 HTTP/1.1" 200 41415 "-" "Mozilla/5.0 (compatible; Googlebot/2.1; +http://www.google.com/bot.html)" "-"
128.65.175.224 - - [22/Jan/2019:14:11:49 +0330] "GET /image/140/productTypeType HTTP/1.1" 200 10855 "https://www.zanbil.ir/m/browse/gas-heater/%D8%A8%D8%AE%D8%A7%D8%B1%DB%8C-%DA%AF%D8%A7%D8%B2%DB%8C" "Mozilla/5.0 (Linux; Android 6.0.1; MI 4W) AppleWebKit/537.36 (KHTML, like Gecko) Chrome/71.0.3578.99 Mobile Safari/537.36" "-"
5.214.223.168 - - [22/Jan/2019:14:11:49 +0330] "GET /m/browse/cell-phone/%DA%AF%D9%88%D8%B4%DB%8C-%D9%85%D9%88%D8%A8%D8%A7%DB%8C%D9%84 HTTP/1.1" 200 19086 "https://www-zanbil-ir.cdn.ampproject.org/v/s/www.zanbil.ir/m/browse/digital-supplies/%D9%84%D9%88%D8%A7%D8%B2%D9%85-%D8%AF%DB%8C%D8%AC%DB%8C%D8%AA%D8%A7%D9%84?usqp=mq331AQECAEoAQ%3D%3D&amp_js_v=0.1&amp_lite" "Mozilla/5.0 (Linux; U; Android 4.4.2; en-us; HUAWEI Y360-U61 Build/HUAWEIY360-U61) AppleWebKit/534.30 (KHTML, like Gecko) Version/4.0 Mobile Safari/534.30;" "-"
128.65.175.224 - - [22/Jan/2019:14:11:49 +0330] "GET /image/47674/productModel/200x200 HTTP/1.1" 200 4389 "https://www.zanbil.ir/m/browse/gas-heater/%D8%A8%D8%AE%D8%A7%D8%B1%DB%8C-%DA%AF%D8%A7%D8%B2%DB%8C" "Mozilla/5.0 (Linux; Android 6.0.1; MI 4W) AppleWebKit/537.36 (KHTML, like Gecko) Chrome/71.0.3578.99 Mobile Safari/537.36" "-"
128.65.175.224 - - [22/Jan/2019:14:11:49 +0330] "GET /image/11164/productModel/200x200 HTTP/1.1" 200 5910 "https://www.zanbil.ir/m/browse/gas-heater/%D8%A8%D8%AE%D8%A7%D8%B1%DB%8C-%DA%AF%D8%A7%D8%B2%DB%8C" "Mozilla/5.0 (Linux; Android 6.0.1; MI 4W) AppleWebKit/537.36 (KHTML, like Gecko) Chrome/71.0.3578.99 Mobile Safari/537.36" "-"
128.65.175.224 - - [22/Jan/2019:14:11:49 +0330] "GET /image/566/mainSlideMobile HTTP/1.1" 200 73512 "https://www.zanbil.ir/m/browse/gas-heater/%D8%A8%D8%AE%D8%A7%D8%B1%DB%8C-%DA%AF%D8%A7%D8%B2%DB%8C" "Mozilla/5.0 (Linux; Android 6.0.1; MI 4W) AppleWebKit/537.36 (KHTML, like Gecko) Chrome/71.0.3578.99 Mobile Safari/537.36" "-"
66.249.66.91 - - [22/Jan/2019:14:11:49 +0330] "GET /filter/b224%2Cb213%2Cb226%2Cb724%2Cb63%2Cb548%2Cb861%2Cb778%2Cb113%2Cb118%2Cb442%2Cb619%2Cb481%2Cb597%2Cb321%2Cb441%2Cb568%2Cb249%2Cb454%2Cstexists%2Cb879%2Cb19%2Cb203%2Cb795%2Cb900%2Cb35%2Cb2%2Cb209%2Cb258%2Cb183%2Cb883%2Cb880%2Cb99%2Cb523%2Cb188%2Cb904%2Cb596%2Cb484%2Cb878%2Cb8%2Cb400%2Cb135%2Cb901%2Cb202%2Cb43%2Cb703%2Cb270%2Cb80%2Cb497%2Cb32%2Cb440%2Cb180%2Cb143%2Cb151%2Cb4%2Cb651%2Cb656%2Cb216%2Cb148%2Cb147%2Cp1?page=0 HTTP/1.1" 200 41437 "-" "Mozilla/5.0 (compatible; Googlebot/2.1; +http://www.google.com/bot.html)" "-"
37.129.215.190 - - [22/Jan/2019:14:11:49 +0330] "GET /amp-helper-frame.html?appId=a624a1c1-0c93-466a-a546-e146710f97e6&parentOrigin=https://www-zanbil-ir.cdn.ampproject.org HTTP/1.1" 200 133 "https://www-zanbil-ir.cdn.ampproject.org/v/s/www.zanbil.ir/m/article/616/%D8%B9%D9%84%D8%AA-%D8%AE%D9%88%D8%A7%D8%A8-%D8%B1%D9%81%D8%AA%D9%86%D8%8C%DA%AF%D8%B2%DA%AF%D8%B2%D8%8C%D8%A8%DB%8C-%D8%AD%D8%B3%DB%8C-%D9%88-%D9%85%D9%88%D8%B1-%D9%85%D9%88%D8%B1-%D8%B4%D8%AF%D9%86-%D8%A7%D9%86%DA%AF%D8%B4%D8%AA%D8%A7%D9%86-%D8%AF%D8%B3%D8%AA-%D9%88-%D8%AF%D8%B1%D9%85%D8%A7%D9%86-%D8%A2%D9%86?amp_js_v=0.1&usqp=mq331AQECAEoAQ%3D%3D" "Mozilla/5.0 (Linux; Android 6.0.1; SAMSUNG SM-J510F Build/MMB29M) AppleWebKit/537.36 (KHTML, like Gecko) SamsungBrowser/7.4 Chrome/59.0.3071.125 Mobile Safari/537.36" "-"
66.249.66.91 - - [22/Jan/2019:14:11:49 +0330] "GET /image/65182/productModel/100x100 HTTP/1.1" 200 2566 "-" "Googlebot-Image/1.0" "-"
66.249.66.91 - - [22/Jan/2019:14:11:49 +0330] "GET /static/css/font/wyekan/font.woff HTTP/1.1" 200 28536 "-" "Mozilla/5.0 (Linux; Android 6.0.1; Nexus 5X Build/MMB29P) AppleWebKit/537.36 (KHTML, like Gecko) Chrome/41.0.2272.96 Mobile Safari/537.36 (compatible; Googlebot/2.1; +http://www.google.com/bot.html)" "-"
31.184.133.103 - - [22/Jan/2019:14:11:50 +0330] "GET /filter?f=b1,b103,b105,b135,b508,b648&o=b HTTP/1.1" 301 178 "http://www.zanbil.ir/" "Mozilla/5.0 (compatible; Parsijoobot; +http://www.parsijoo.ir/bot.html; crawler@parsijoo.ir)" "-"
66.249.66.91 - - [22/Jan/2019:14:11:50 +0330] "GET /static/css/font/wyekan/font.woff HTTP/1.1" 200 28536 "-" "Mozilla/5.0 (Linux; Android 6.0.1; Nexus 5X Build/MMB29P) AppleWebKit/537.36 (KHTML, like Gecko) Chrome/41.0.2272.96 Mobile Safari/537.36 (compatible; Googlebot/2.1; +http://www.google.com/bot.html)" "-"
128.65.175.224 - - [22/Jan/2019:14:11:50 +0330] "GET /image/22/brand HTTP/1.1" 200 2479 "https://www.zanbil.ir/m/browse/gas-heater/%D8%A8%D8%AE%D8%A7%D8%B1%DB%8C-%DA%AF%D8%A7%D8%B2%DB%8C" "Mozilla/5.0 (Linux; Android 6.0.1; MI 4W) AppleWebKit/537.36 (KHTML, like Gecko) Chrome/71.0.3578.99 Mobile Safari/537.36" "-"
128.65.175.224 - - [22/Jan/2019:14:11:50 +0330] "GET /image/259/brand HTTP/1.1" 200 2306 "https://www.zanbil.ir/m/browse/gas-heater/%D8%A8%D8%AE%D8%A7%D8%B1%DB%8C-%DA%AF%D8%A7%D8%B2%DB%8C" "Mozilla/5.0 (Linux; Android 6.0.1; MI 4W) AppleWebKit/537.36 (KHTML, like Gecko) Chrome/71.0.3578.99 Mobile Safari/537.36" "-"
128.65.175.224 - - [22/Jan/2019:14:11:50 +0330] "GET /image/141/brand HTTP/1.1" 200 2148 "https://www.zanbil.ir/m/browse/gas-heater/%D8%A8%D8%AE%D8%A7%D8%B1%DB%8C-%DA%AF%D8%A7%D8%B2%DB%8C" "Mozilla/5.0 (Linux; Android 6.0.1; MI 4W) AppleWebKit/537.36 (KHTML, like Gecko) Chrome/71.0.3578.99 Mobile Safari/537.36" "-"
151.239.241.163 - - [22/Jan/2019:14:11:50 +0330] "GET /rapidGrails/jsonList?maxColumns=16&domainClass=eshop.Order&filter=[{op:%27inSession%27,%20field:%27id%27,%20val:%27orderListfdffeba4cec74f8cbf2488e8dacf77d0%27}]&columns=[{%27name%27:%27trackingCode%27,%27width%27:110},{%27name%27:%27ownerName%27,%27width%27:120},{%27name%27:%27productsName%27,%27width%27:320,%27sortable%27:false},{%27name%27:%27ownerMobile%27,%27width%27:110},{%27name%27:%27deliveryMethodName%27,%27width%27:120,%27sortable%27:false},{%27name%27:%27deliveryCityName%27,%27width%27:120,%27sortable%27:false},{%27name%27:%27addressRegionName%27,%27width%27:120,%27sortable%27:false},{%27name%27:%27courier%27,%27width%27:120,%27expression%27:%27obj[\x5C%27courier\x5C%27]?.fullName%27},{%27name%27:%27status%27,%27width%27:110},{%27name%27:%27invoiceType%27,%27width%27:60,%27expression%27:%27g.message(code:%20obj[\x5C%27invoiceTypeCode\x5C%27])%27},{%27name%27:%27itemsDeliveryStatus%27,%27width%27:60},{%27name%27:%27creationType%27,%27width%27:50},{%27name%27:%27creationMedia%27,%27width%27:50},{%27name%27:%27completionMedia%27,%27width%27:50},{%27name%27:%27completionFollower%27,%27width%27:120},{%27name%27:%27lastActionDate%27,%27width%27:100,%27expression%27:%27rg.formatJalaliDate(date:%20%20obj[\x5C%27lastActionDate\x5C%27],%20hm:\x5C%27true\x5C%27%20)%27}]&_search=false&nd=1548153929076&rows=10&page=1&sidx=lastActionDate&sord=desc HTTP/1.1" 200 1430 "https://www.zanbil.ir/orderAdministration/console" "Mozilla/5.0 (Windows NT 6.1; Win64; x64) AppleWebKit/537.36 (KHTML, like Gecko) Chrome/71.0.3578.98 Safari/537.36" "-"
66.249.66.91 - - [22/Jan/2019:14:11:50 +0330] "GET /static/images/guarantees/warranty.png HTTP/1.1" 304 0 "-" "Googlebot-Image/1.0" "-"
5.126.156.246 - - [22/Jan/2019:14:11:50 +0330] "GET /image/41/productType/120x90 HTTP/1.1" 200 21527 "https://www.zanbil.ir/m/product/8368/10482/%D8%A8%D8%AE%D8%A7%D8%B1%DB%8C-%DA%AF%D8%A7%D8%B2%DB%8C-%D8%A8%D8%AF%D9%88%D9%86-%D8%AF%D9%88%D8%AF%DA%A9%D8%B4-%D9%BE%D9%84%D8%A7%D8%B1-%D9%85%D8%AF%D9%84-KN-20" "Mozilla/5.0 (Linux; Android 5.1.1; SM-J200F) AppleWebKit/537.36 (KHTML, like Gecko) Chrome/70.0.3538.110 Mobile Safari/537.36" "-"
5.126.156.246 - - [22/Jan/2019:14:11:50 +0330] "GET /image/40/productType/120x90 HTTP/1.1" 200 17388 "https://www.zanbil.ir/m/product/8368/10482/%D8%A8%D8%AE%D8%A7%D8%B1%DB%8C-%DA%AF%D8%A7%D8%B2%DB%8C-%D8%A8%D8%AF%D9%88%D9%86-%D8%AF%D9%88%D8%AF%DA%A9%D8%B4-%D9%BE%D9%84%D8%A7%D8%B1-%D9%85%D8%AF%D9%84-KN-20" "Mozilla/5.0 (Linux; Android 5.1.1; SM-J200F) AppleWebKit/537.36 (KHTML, like Gecko) Chrome/70.0.3538.110 Mobile Safari/537.36" "-"
66.249.66.91 - - [22/Jan/2019:14:11:50 +0330] "GET /static/css/font/wyekan/font.woff HTTP/1.1" 200 28536 "-" "Mozilla/5.0 (Linux; Android 6.0.1; Nexus 5X Build/MMB29P) AppleWebKit/537.36 (KHTML, like Gecko) Chrome/41.0.2272.96 Mobile Safari/537.36 (compatible; Googlebot/2.1; +http://www.google.com/bot.html)" "-"
66.249.66.91 - - [22/Jan/2019:14:11:50 +0330] "GET /static/css/font/wyekan/font.woff HTTP/1.1" 200 28536 "-" "Mozilla/5.0 (Linux; Android 6.0.1; Nexus 5X Build/MMB29P) AppleWebKit/537.36 (KHTML, like Gecko) Chrome/41.0.2272.96 Mobile Safari/537.36 (compatible; Googlebot/2.1; +http://www.google.com/bot.html)" "-"
5.214.223.168 - - [22/Jan/2019:14:11:50 +0330] "GET /static/images/guarantees/goodShopping.png HTTP/1.1" 200 6496 "https://www.zanbil.ir/m/browse/cell-phone/%DA%AF%D9%88%D8%B4%DB%8C-%D9%85%D9%88%D8%A8%D8%A7%DB%8C%D9%84" "Mozilla/5.0 (Linux; U; Android 4.4.2; en-us; HUAWEI Y360-U61 Build/HUAWEIY360-U61) AppleWebKit/534.30 (KHTML, like Gecko) Version/4.0 Mobile Safari/534.30;" "-"
5.214.223.168 - - [22/Jan/2019:14:11:50 +0330] "GET /static/images/guarantees/warranty.png HTTP/1.1" 200 5807 "https://www.zanbil.ir/m/browse/cell-phone/%DA%AF%D9%88%D8%B4%DB%8C-%D9%85%D9%88%D8%A8%D8%A7%DB%8C%D9%84" "Mozilla/5.0 (Linux; U; Android 4.4.2; en-us; HUAWEI Y360-U61 Build/HUAWEIY360-U61) AppleWebKit/534.30 (KHTML, like Gecko) Version/4.0 Mobile Safari/534.30;" "-"
5.214.223.168 - - [22/Jan/2019:14:11:50 +0330] "GET /static/images/guarantees/bestPrice.png HTTP/1.1" 200 7356 "https://www.zanbil.ir/m/browse/cell-phone/%DA%AF%D9%88%D8%B4%DB%8C-%D9%85%D9%88%D8%A8%D8%A7%DB%8C%D9%84" "Mozilla/5.0 (Linux; U; Android 4.4.2; en-us; HUAWEI Y360-U61 Build/HUAWEIY360-U61) AppleWebKit/534.30 (KHTML, like Gecko) Version/4.0 Mobile Safari/534.30;" "-"
5.214.223.168 - - [22/Jan/2019:14:11:50 +0330] "GET /static/images/guarantees/support.png HTTP/1.1" 200 6454 "https://www.zanbil.ir/m/browse/cell-phone/%DA%AF%D9%88%D8%B4%DB%8C-%D9%85%D9%88%D8%A8%D8%A7%DB%8C%D9%84" "Mozilla/5.0 (Linux; U; Android 4.4.2; en-us; HUAWEI Y360-U61 Build/HUAWEIY360-U61) AppleWebKit/534.30 (KHTML, like Gecko) Version/4.0 Mobile Safari/534.30;" "-"
66.249.66.91 - - [22/Jan/2019:14:11:50 +0330] "GET /static/images/guarantees/warranty.png HTTP/1.1" 304 0 "-" "Googlebot-Image/1.0" "-"
5.214.223.168 - - [22/Jan/2019:14:11:50 +0330] "GET /static/images/guarantees/fastDelivery.png HTTP/1.1" 200 7713 "https://www.zanbil.ir/m/browse/cell-phone/%DA%AF%D9%88%D8%B4%DB%8C-%D9%85%D9%88%D8%A8%D8%A7%DB%8C%D9%84" "Mozilla/5.0 (Linux; U; Android 4.4.2; en-us; HUAWEI Y360-U61 Build/HUAWEIY360-U61) AppleWebKit/534.30 (KHTML, like Gecko) Version/4.0 Mobile Safari/534.30;" "-"
5.233.138.75 - - [22/Jan/2019:14:11:50 +0330] "GET /product/33751/%DA%86%D8%B1%D8%AE-%D8%AE%DB%8C%D8%A7%D8%B7%DB%8C-%DA%98%D8%A7%D9%86%D9%88%D9%85%D9%87-%D9%85%D8%AF%D9%84-2030 HTTP/1.1" 200 40800 "https://www.google.com/" "Mozilla/5.0 (Windows NT 6.1; rv:64.0) Gecko/20100101 Firefox/64.0" "-"
5.214.223.168 - - [22/Jan/2019:14:11:50 +0330] "GET /static/css/font/wyekan/font.woff HTTP/1.1" 200 28536 "https://www.zanbil.ir/m/browse/cell-phone/%DA%AF%D9%88%D8%B4%DB%8C-%D9%85%D9%88%D8%A8%D8%A7%DB%8C%D9%84" "Mozilla/5.0 (Linux; U; Android 4.4.2; en-us; HUAWEI Y360-U61 Build/HUAWEIY360-U61) AppleWebKit/534.30 (KHTML, like Gecko) Version/4.0 Mobile Safari/534.30;" "-"
104.222.32.94 - - [22/Jan/2019:14:11:50 +0330] "GET /rapidGrails/jsonList?maxColumns=16&domainClass=eshop.Order&filter=[{op:%27inSession%27,%20field:%27id%27,%20val:%27orderListe27f2f7557614a0e958f2c8be9dd0765%27}]&columns=[{%27name%27:%27trackingCode%27,%27width%27:110},{%27name%27:%27ownerName%27,%27width%27:120},{%27name%27:%27productsName%27,%27width%27:320,%27sortable%27:false},{%27name%27:%27ownerMobile%27,%27width%27:110},{%27name%27:%27deliveryMethodName%27,%27width%27:120,%27sortable%27:false},{%27name%27:%27deliveryCityName%27,%27width%27:120,%27sortable%27:false},{%27name%27:%27addressRegionName%27,%27width%27:120,%27sortable%27:false},{%27name%27:%27courier%27,%27width%27:120,%27expression%27:%27obj[\x5C%27courier\x5C%27]?.fullName%27},{%27name%27:%27status%27,%27width%27:110},{%27name%27:%27invoiceType%27,%27width%27:60,%27expression%27:%27g.message(code:%20obj[\x5C%27invoiceTypeCode\x5C%27])%27},{%27name%27:%27itemsDeliveryStatus%27,%27width%27:60},{%27name%27:%27creationType%27,%27width%27:50},{%27name%27:%27creationMedia%27,%27width%27:50},{%27name%27:%27completionMedia%27,%27width%27:50},{%27name%27:%27completionFollower%27,%27width%27:120},{%27name%27:%27lastActionDate%27,%27width%27:100,%27expression%27:%27rg.formatJalaliDate(date:%20%20obj[\x5C%27lastActionDate\x5C%27],%20hm:\x5C%27true\x5C%27%20)%27}]&_search=false&nd=1548153928639&rows=10&page=1&sidx=lastActionDate&sord=desc HTTP/1.1" 200 1461 "https://www.zanbil.ir/orderAdministration/console/187440" "Mozilla/5.0 (Windows NT 10.0; Win64; x64; rv:64.0) Gecko/20100101 Firefox/64.0" "-"
46.224.89.237 - - [22/Jan/2019:14:11:50 +0330] "GET /browse/cell-phone/%DA%AF%D9%88%D8%B4%DB%8C-%D9%85%D9%88%D8%A8%D8%A7%DB%8C%D9%84 HTTP/1.1" 200 33147 "https://www.zanbil.ir/browse/digital-supplies/%D9%84%D9%88%D8%A7%D8%B2%D9%85-%D8%AF%DB%8C%D8%AC%DB%8C%D8%AA%D8%A7%D9%84" "Mozilla/5.0 (Windows NT 6.1) AppleWebKit/537.36 (KHTML, like Gecko) Chrome/71.0.3578.98 Safari/537.36" "-"
66.249.66.91 - - [22/Jan/2019:14:11:50 +0330] "GET /static/css/font/wyekan/font.woff HTTP/1.1" 200 28536 "-" "Mozilla/5.0 (Linux; Android 6.0.1; Nexus 5X Build/MMB29P) AppleWebKit/537.36 (KHTML, like Gecko) Chrome/41.0.2272.96 Mobile Safari/537.36 (compatible; Googlebot/2.1; +http://www.google.com/bot.html)" "-"
176.65.185.148 - - [22/Jan/2019:14:11:50 +0330] "GET /static/images/jslider.red.png HTTP/1.1" 200 1777 "https://znbl.ir/static/bundle-bundle_site_head.css" "Mozilla/5.0 (Windows NT 5.1; rv:52.0) Gecko/20100101 Firefox/52.0" "-"
66.249.66.91 - - [22/Jan/2019:14:11:50 +0330] "GET /static/images/guarantees/warranty.png HTTP/1.1" 304 0 "-" "Googlebot-Image/1.0" "-"
176.65.185.148 - - [22/Jan/2019:14:11:50 +0330] "GET /image/61088/productModel/150x150 HTTP/1.1" 200 5440 "https://www.zanbil.ir/browse/monitor/%D9%85%D8%A7%D9%86%DB%8C%D8%AA%D9%88%D8%B1" "Mozilla/5.0 (Windows NT 5.1; rv:52.0) Gecko/20100101 Firefox/52.0" "-"
176.65.185.148 - - [22/Jan/2019:14:11:50 +0330] "GET /image/58883/productModel/150x150 HTTP/1.1" 200 4602 "https://www.zanbil.ir/browse/monitor/%D9%85%D8%A7%D9%86%DB%8C%D8%AA%D9%88%D8%B1" "Mozilla/5.0 (Windows NT 5.1; rv:52.0) Gecko/20100101 Firefox/52.0" "-"
176.65.185.148 - - [22/Jan/2019:14:11:50 +0330] "GET /image/62345/productModel/150x150 HTTP/1.1" 200 4862 "https://www.zanbil.ir/browse/monitor/%D9%85%D8%A7%D9%86%DB%8C%D8%AA%D9%88%D8%B1" "Mozilla/5.0 (Windows NT 5.1; rv:52.0) Gecko/20100101 Firefox/52.0" "-"
176.65.185.148 - - [22/Jan/2019:14:11:50 +0330] "GET /image/60768/productModel/150x150 HTTP/1.1" 200 4305 "https://www.zanbil.ir/browse/monitor/%D9%85%D8%A7%D9%86%DB%8C%D8%AA%D9%88%D8%B1" "Mozilla/5.0 (Windows NT 5.1; rv:52.0) Gecko/20100101 Firefox/52.0" "-"
198.98.56.149 - - [22/Jan/2019:14:11:50 +0330] "GET /RSS/products/48 HTTP/1.1" 200 3716 "https://www.zanbil.ir/RSS/categories" "Mozilla/5.0 (Windows NT 6.2; Win64; x64; rv:16.0)Gecko/16.0 Firefox/16.0" "-"
46.224.89.237 - - [22/Jan/2019:14:11:50 +0330] "GET /settings/logo HTTP/1.1" 200 4120 "https://www.zanbil.ir/browse/cell-phone/%DA%AF%D9%88%D8%B4%DB%8C-%D9%85%D9%88%D8%A8%D8%A7%DB%8C%D9%84" "Mozilla/5.0 (Windows NT 6.1) AppleWebKit/537.36 (KHTML, like Gecko) Chrome/71.0.3578.98 Safari/537.36" "-"
176.65.185.148 - - [22/Jan/2019:14:11:50 +0330] "GET /image/778/mainSlide HTTP/1.1" 200 94758 "https://www.zanbil.ir/browse/monitor/%D9%85%D8%A7%D9%86%DB%8C%D8%AA%D9%88%D8%B1" "Mozilla/5.0 (Windows NT 5.1; rv:52.0) Gecko/20100101 Firefox/52.0" "-"
46.224.89.237 - - [22/Jan/2019:14:11:51 +0330] "GET /static/images/filter-arrow-down.png HTTP/1.1" 200 1205 "https://znbl.ir/static/bundle-bundle_site_head.css" "Mozilla/5.0 (Windows NT 6.1) AppleWebKit/537.36 (KHTML, like Gecko) Chrome/71.0.3578.98 Safari/537.36" "-"
46.224.89.237 - - [22/Jan/2019:14:11:51 +0330] "GET /image/64714/productModel/150x150 HTTP/1.1" 200 3251 "https://www.zanbil.ir/browse/cell-phone/%DA%AF%D9%88%D8%B4%DB%8C-%D9%85%D9%88%D8%A8%D8%A7%DB%8C%D9%84" "Mozilla/5.0 (Windows NT 6.1) AppleWebKit/537.36 (KHTML, like Gecko) Chrome/71.0.3578.98 Safari/537.36" "-"
66.249.66.91 - - [22/Jan/2019:14:11:51 +0330] "GET /static/css/font/wyekan/font.woff HTTP/1.1" 200 28536 "-" "Mozilla/5.0 (Linux; Android 6.0.1; Nexus 5X Build/MMB29P) AppleWebKit/537.36 (KHTML, like Gecko) Chrome/41.0.2272.96 Mobile Safari/537.36 (compatible; Googlebot/2.1; +http://www.google.com/bot.html)" "-"
46.224.89.237 - - [22/Jan/2019:14:11:51 +0330] "GET /image/65124/productModel/150x150 HTTP/1.1" 200 2989 "https://www.zanbil.ir/browse/cell-phone/%DA%AF%D9%88%D8%B4%DB%8C-%D9%85%D9%88%D8%A8%D8%A7%DB%8C%D9%84" "Mozilla/5.0 (Windows NT 6.1) AppleWebKit/537.36 (KHTML, like Gecko) Chrome/71.0.3578.98 Safari/537.36" "-"
46.224.89.237 - - [22/Jan/2019:14:11:51 +0330] "GET /image/64784/productModel/150x150 HTTP/1.1" 200 3642 "https://www.zanbil.ir/browse/cell-phone/%DA%AF%D9%88%D8%B4%DB%8C-%D9%85%D9%88%D8%A8%D8%A7%DB%8C%D9%84" "Mozilla/5.0 (Windows NT 6.1) AppleWebKit/537.36 (KHTML, like Gecko) Chrome/71.0.3578.98 Safari/537.36" "-"
5.233.138.75 - - [22/Jan/2019:14:11:51 +0330] "GET /image/33751?name=2030-11.jpg&wh=300x300 HTTP/1.1" 200 7756 "https://www.zanbil.ir/product/33751/%DA%86%D8%B1%D8%AE-%D8%AE%DB%8C%D8%A7%D8%B7%DB%8C-%DA%98%D8%A7%D9%86%D9%88%D9%85%D9%87-%D9%85%D8%AF%D9%84-2030" "Mozilla/5.0 (Windows NT 6.1; rv:64.0) Gecko/20100101 Firefox/64.0" "-"
46.224.89.237 - - [22/Jan/2019:14:11:51 +0330] "GET /image/64719/productModel/150x150 HTTP/1.1" 200 2811 "https://www.zanbil.ir/browse/cell-phone/%DA%AF%D9%88%D8%B4%DB%8C-%D9%85%D9%88%D8%A8%D8%A7%DB%8C%D9%84" "Mozilla/5.0 (Windows NT 6.1) AppleWebKit/537.36 (KHTML, like Gecko) Chrome/71.0.3578.98 Safari/537.36" "-"
46.224.89.237 - - [22/Jan/2019:14:11:51 +0330] "GET /image/64746/productModel/150x150 HTTP/1.1" 200 3075 "https://www.zanbil.ir/browse/cell-phone/%DA%AF%D9%88%D8%B4%DB%8C-%D9%85%D9%88%D8%A8%D8%A7%DB%8C%D9%84" "Mozilla/5.0 (Windows NT 6.1) AppleWebKit/537.36 (KHTML, like Gecko) Chrome/71.0.3578.98 Safari/537.36" "-"
46.224.89.237 - - [22/Jan/2019:14:11:51 +0330] "GET /image/65019/productModel/150x150 HTTP/1.1" 200 4957 "https://www.zanbil.ir/browse/cell-phone/%DA%AF%D9%88%D8%B4%DB%8C-%D9%85%D9%88%D8%A8%D8%A7%DB%8C%D9%84" "Mozilla/5.0 (Windows NT 6.1) AppleWebKit/537.36 (KHTML, like Gecko) Chrome/71.0.3578.98 Safari/537.36" "-"
46.224.89.237 - - [22/Jan/2019:14:11:51 +0330] "GET /image/65274/productModel/150x150 HTTP/1.1" 200 2898 "https://www.zanbil.ir/browse/cell-phone/%DA%AF%D9%88%D8%B4%DB%8C-%D9%85%D9%88%D8%A8%D8%A7%DB%8C%D9%84" "Mozilla/5.0 (Windows NT 6.1) AppleWebKit/537.36 (KHTML, like Gecko) Chrome/71.0.3578.98 Safari/537.36" "-"
46.224.89.237 - - [22/Jan/2019:14:11:51 +0330] "GET /image/65269/productModel/150x150 HTTP/1.1" 200 3734 "https://www.zanbil.ir/browse/cell-phone/%DA%AF%D9%88%D8%B4%DB%8C-%D9%85%D9%88%D8%A8%D8%A7%DB%8C%D9%84" "Mozilla/5.0 (Windows NT 6.1) AppleWebKit/537.36 (KHTML, like Gecko) Chrome/71.0.3578.98 Safari/537.36" "-"
66.249.66.194 - - [22/Jan/2019:14:11:51 +0330] "GET /m/filter/b113,b118,b135,b143,b147,b148,b180,b183,b188,b19,b2,b202,b203,b209,b213,b216,b224,b226,b249,b258,b270,b32,b321,b35,b4,b400,b43,b440,b441,b442,b454,b481,b484,b497,b523,b548,b568,b596,b597,b619,b63,b651,b656,b703,b724,b778,b795,b8,b80,b861,b878,b879,b880,b883,b900,b901,b904,b99,stexists HTTP/1.1" 200 27490 "-" "Mozilla/5.0 (Linux; Android 6.0.1; Nexus 5X Build/MMB29P) AppleWebKit/537.36 (KHTML, like Gecko) Chrome/41.0.2272.96 Mobile Safari/537.36 (compatible; Googlebot/2.1; +http://www.google.com/bot.html)" "-"
46.224.89.237 - - [22/Jan/2019:14:11:51 +0330] "GET /image/65271/productModel/150x150 HTTP/1.1" 200 3181 "https://www.zanbil.ir/browse/cell-phone/%DA%AF%D9%88%D8%B4%DB%8C-%D9%85%D9%88%D8%A8%D8%A7%DB%8C%D9%84" "Mozilla/5.0 (Windows NT 6.1) AppleWebKit/537.36 (KHTML, like Gecko) Chrome/71.0.3578.98 Safari/537.36" "-"
46.224.89.237 - - [22/Jan/2019:14:11:51 +0330] "GET /image/64756/productModel/150x150 HTTP/1.1" 200 3599 "https://www.zanbil.ir/browse/cell-phone/%DA%AF%D9%88%D8%B4%DB%8C-%D9%85%D9%88%D8%A8%D8%A7%DB%8C%D9%84" "Mozilla/5.0 (Windows NT 6.1) AppleWebKit/537.36 (KHTML, like Gecko) Chrome/71.0.3578.98 Safari/537.36" "-"
46.224.89.237 - - [22/Jan/2019:14:11:51 +0330] "GET /image/65004/productModel/150x150 HTTP/1.1" 200 5008 "https://www.zanbil.ir/browse/cell-phone/%DA%AF%D9%88%D8%B4%DB%8C-%D9%85%D9%88%D8%A8%D8%A7%DB%8C%D9%84" "Mozilla/5.0 (Windows NT 6.1) AppleWebKit/537.36 (KHTML, like Gecko) Chrome/71.0.3578.98 Safari/537.36" "-"
46.224.89.237 - - [22/Jan/2019:14:11:51 +0330] "GET /image/65134/productModel/150x150 HTTP/1.1" 200 3835 "https://www.zanbil.ir/browse/cell-phone/%DA%AF%D9%88%D8%B4%DB%8C-%D9%85%D9%88%D8%A8%D8%A7%DB%8C%D9%84" "Mozilla/5.0 (Windows NT 6.1) AppleWebKit/537.36 (KHTML, like Gecko) Chrome/71.0.3578.98 Safari/537.36" "-"
46.224.89.237 - - [22/Jan/2019:14:11:51 +0330] "GET /image/65007/productModel/150x150 HTTP/1.1" 200 5265 "https://www.zanbil.ir/browse/cell-phone/%DA%AF%D9%88%D8%B4%DB%8C-%D9%85%D9%88%D8%A8%D8%A7%DB%8C%D9%84" "Mozilla/5.0 (Windows NT 6.1) AppleWebKit/537.36 (KHTML, like Gecko) Chrome/71.0.3578.98 Safari/537.36" "-"
46.224.89.237 - - [22/Jan/2019:14:11:51 +0330] "GET /image/65144/productModel/150x150 HTTP/1.1" 200 3439 "https://www.zanbil.ir/browse/cell-phone/%DA%AF%D9%88%D8%B4%DB%8C-%D9%85%D9%88%D8%A8%D8%A7%DB%8C%D9%84" "Mozilla/5.0 (Windows NT 6.1) AppleWebKit/537.36 (KHTML, like Gecko) Chrome/71.0.3578.98 Safari/537.36" "-"
46.224.89.237 - - [22/Jan/2019:14:11:51 +0330] "GET /static/images/coming-soon.png HTTP/1.1" 200 2356 "https://www.zanbil.ir/browse/cell-phone/%DA%AF%D9%88%D8%B4%DB%8C-%D9%85%D9%88%D8%A8%D8%A7%DB%8C%D9%84" "Mozilla/5.0 (Windows NT 6.1) AppleWebKit/537.36 (KHTML, like Gecko) Chrome/71.0.3578.98 Safari/537.36" "-"
5.233.138.75 - - [22/Jan/2019:14:11:51 +0330] "GET /image/33751/product/50x50 HTTP/1.1" 200 1089 "https://www.zanbil.ir/product/33751/%DA%86%D8%B1%D8%AE-%D8%AE%DB%8C%D8%A7%D8%B7%DB%8C-%DA%98%D8%A7%D9%86%D9%88%D9%85%D9%87-%D9%85%D8%AF%D9%84-2030" "Mozilla/5.0 (Windows NT 6.1; rv:64.0) Gecko/20100101 Firefox/64.0" "-"
46.224.89.237 - - [22/Jan/2019:14:11:51 +0330] "GET /image/64723/productModel/150x150 HTTP/1.1" 200 2843 "https://www.zanbil.ir/browse/cell-phone/%DA%AF%D9%88%D8%B4%DB%8C-%D9%85%D9%88%D8%A8%D8%A7%DB%8C%D9%84" "Mozilla/5.0 (Windows NT 6.1) AppleWebKit/537.36 (KHTML, like Gecko) Chrome/71.0.3578.98 Safari/537.36" "-"
195.181.169.141 - - [22/Jan/2019:14:11:51 +0330] "POST /orderAdministration/act_transmission HTTP/1.1" 302 0 "https://www.zanbil.ir/orderAdministration/console/187434" "Mozilla/5.0 (Windows NT 10.0; Win64; x64; rv:64.0) Gecko/20100101 Firefox/64.0" "-"
5.126.156.246 - - [22/Jan/2019:14:11:51 +0330] "GET /image/11165/productModel/150x150 HTTP/1.1" 200 4230 "https://www.zanbil.ir/m/product/8368/10482/%D8%A8%D8%AE%D8%A7%D8%B1%DB%8C-%DA%AF%D8%A7%D8%B2%DB%8C-%D8%A8%D8%AF%D9%88%D9%86-%D8%AF%D9%88%D8%AF%DA%A9%D8%B4-%D9%BE%D9%84%D8%A7%D8%B1-%D9%85%D8%AF%D9%84-KN-20" "Mozilla/5.0 (Linux; Android 5.1.1; SM-J200F) AppleWebKit/537.36 (KHTML, like Gecko) Chrome/70.0.3538.110 Mobile Safari/537.36" "-"
46.224.89.237 - - [22/Jan/2019:14:11:51 +0330] "GET /image/57742/productModel/150x150 HTTP/1.1" 200 3045 "https://www.zanbil.ir/browse/cell-phone/%DA%AF%D9%88%D8%B4%DB%8C-%D9%85%D9%88%D8%A8%D8%A7%DB%8C%D9%84" "Mozilla/5.0 (Windows NT 6.1) AppleWebKit/537.36 (KHTML, like Gecko) Chrome/71.0.3578.98 Safari/537.36" "-"
5.126.156.246 - - [22/Jan/2019:14:11:51 +0330] "GET /image/10484/productModel/150x150 HTTP/1.1" 200 4392 "https://www.zanbil.ir/m/product/8368/10482/%D8%A8%D8%AE%D8%A7%D8%B1%DB%8C-%DA%AF%D8%A7%D8%B2%DB%8C-%D8%A8%D8%AF%D9%88%D9%86-%D8%AF%D9%88%D8%AF%DA%A9%D8%B4-%D9%BE%D9%84%D8%A7%D8%B1-%D9%85%D8%AF%D9%84-KN-20" "Mozilla/5.0 (Linux; Android 5.1.1; SM-J200F) AppleWebKit/537.36 (KHTML, like Gecko) Chrome/70.0.3538.110 Mobile Safari/537.36" "-"
46.224.89.237 - - [22/Jan/2019:14:11:51 +0330] "GET /image/65124/productModel/100x100 HTTP/1.1" 200 1980 "https://www.zanbil.ir/browse/cell-phone/%DA%AF%D9%88%D8%B4%DB%8C-%D9%85%D9%88%D8%A8%D8%A7%DB%8C%D9%84" "Mozilla/5.0 (Windows NT 6.1) AppleWebKit/537.36 (KHTML, like Gecko) Chrome/71.0.3578.98 Safari/537.36" "-"
46.224.89.237 - - [22/Jan/2019:14:11:51 +0330] "GET /image/64339/productModel/150x150 HTTP/1.1" 200 4140 "https://www.zanbil.ir/browse/cell-phone/%DA%AF%D9%88%D8%B4%DB%8C-%D9%85%D9%88%D8%A8%D8%A7%DB%8C%D9%84" "Mozilla/5.0 (Windows NT 6.1) AppleWebKit/537.36 (KHTML, like Gecko) Chrome/71.0.3578.98 Safari/537.36" "-"
46.224.89.237 - - [22/Jan/2019:14:11:51 +0330] "GET /image/65144/productModel/100x100 HTTP/1.1" 200 2138 "https://www.zanbil.ir/browse/cell-phone/%DA%AF%D9%88%D8%B4%DB%8C-%D9%85%D9%88%D8%A8%D8%A7%DB%8C%D9%84" "Mozilla/5.0 (Windows NT 6.1) AppleWebKit/537.36 (KHTML, like Gecko) Chrome/71.0.3578.98 Safari/537.36" "-"
66.249.66.91 - - [22/Jan/2019:14:11:51 +0330] "GET /static/css/font/wyekan/font.woff HTTP/1.1" 200 28536 "-" "Mozilla/5.0 (Linux; Android 6.0.1; Nexus 5X Build/MMB29P) AppleWebKit/537.36 (KHTML, like Gecko) Chrome/41.0.2272.96 Mobile Safari/537.36 (compatible; Googlebot/2.1; +http://www.google.com/bot.html)" "-"
46.224.89.237 - - [22/Jan/2019:14:11:51 +0330] "GET /image/64709/productModel/150x150 HTTP/1.1" 200 3469 "https://www.zanbil.ir/browse/cell-phone/%DA%AF%D9%88%D8%B4%DB%8C-%D9%85%D9%88%D8%A8%D8%A7%DB%8C%D9%84" "Mozilla/5.0 (Windows NT 6.1) AppleWebKit/537.36 (KHTML, like Gecko) Chrome/71.0.3578.98 Safari/537.36" "-"
46.224.89.237 - - [22/Jan/2019:14:11:51 +0330] "GET /image/64723/productModel/100x100 HTTP/1.1" 200 1894 "https://www.zanbil.ir/browse/cell-phone/%DA%AF%D9%88%D8%B4%DB%8C-%D9%85%D9%88%D8%A8%D8%A7%DB%8C%D9%84" "Mozilla/5.0 (Windows NT 6.1) AppleWebKit/537.36 (KHTML, like Gecko) Chrome/71.0.3578.98 Safari/537.36" "-"
5.126.156.246 - - [22/Jan/2019:14:11:51 +0330] "GET /image/42/productType/120x90 HTTP/1.1" 200 10949 "https://www.zanbil.ir/m/product/8368/10482/%D8%A8%D8%AE%D8%A7%D8%B1%DB%8C-%DA%AF%D8%A7%D8%B2%DB%8C-%D8%A8%D8%AF%D9%88%D9%86-%D8%AF%D9%88%D8%AF%DA%A9%D8%B4-%D9%BE%D9%84%D8%A7%D8%B1-%D9%85%D8%AF%D9%84-KN-20" "Mozilla/5.0 (Linux; Android 5.1.1; SM-J200F) AppleWebKit/537.36 (KHTML, like Gecko) Chrome/70.0.3538.110 Mobile Safari/537.36" "-"
5.126.156.246 - - [22/Jan/2019:14:11:51 +0330] "GET /image/43/productType/120x90 HTTP/1.1" 200 10554 "https://www.zanbil.ir/m/product/8368/10482/%D8%A8%D8%AE%D8%A7%D8%B1%DB%8C-%DA%AF%D8%A7%D8%B2%DB%8C-%D8%A8%D8%AF%D9%88%D9%86-%D8%AF%D9%88%D8%AF%DA%A9%D8%B4-%D9%BE%D9%84%D8%A7%D8%B1-%D9%85%D8%AF%D9%84-KN-20" "Mozilla/5.0 (Linux; Android 5.1.1; SM-J200F) AppleWebKit/537.36 (KHTML, like Gecko) Chrome/70.0.3538.110 Mobile Safari/537.36" "-"
46.224.89.237 - - [22/Jan/2019:14:11:51 +0330] "GET /image/65134/productModel/100x100 HTTP/1.1" 200 2446 "https://www.zanbil.ir/browse/cell-phone/%DA%AF%D9%88%D8%B4%DB%8C-%D9%85%D9%88%D8%A8%D8%A7%DB%8C%D9%84" "Mozilla/5.0 (Windows NT 6.1) AppleWebKit/537.36 (KHTML, like Gecko) Chrome/71.0.3578.98 Safari/537.36" "-"
46.224.89.237 - - [22/Jan/2019:14:11:51 +0330] "GET /image/64995/productModel/100x100 HTTP/1.1" 200 2869 "https://www.zanbil.ir/browse/cell-phone/%DA%AF%D9%88%D8%B4%DB%8C-%D9%85%D9%88%D8%A8%D8%A7%DB%8C%D9%84" "Mozilla/5.0 (Windows NT 6.1) AppleWebKit/537.36 (KHTML, like Gecko) Chrome/71.0.3578.98 Safari/537.36" "-"
128.65.175.224 - - [22/Jan/2019:14:11:51 +0330] "GET /image/64354/productModel/200x200 HTTP/1.1" 200 5400 "https://www.zanbil.ir/m/browse/gas-heater/%D8%A8%D8%AE%D8%A7%D8%B1%DB%8C-%DA%AF%D8%A7%D8%B2%DB%8C" "Mozilla/5.0 (Linux; Android 6.0.1; MI 4W) AppleWebKit/537.36 (KHTML, like Gecko) Chrome/71.0.3578.99 Mobile Safari/537.36" "-"
46.224.89.237 - - [22/Jan/2019:14:11:51 +0330] "GET /image/64998/productModel/100x100 HTTP/1.1" 200 2869 "https://www.zanbil.ir/browse/cell-phone/%DA%AF%D9%88%D8%B4%DB%8C-%D9%85%D9%88%D8%A8%D8%A7%DB%8C%D9%84" "Mozilla/5.0 (Windows NT 6.1) AppleWebKit/537.36 (KHTML, like Gecko) Chrome/71.0.3578.98 Safari/537.36" "-"
46.224.89.237 - - [22/Jan/2019:14:11:51 +0330] "GET /image/65004/productModel/100x100 HTTP/1.1" 200 2924 "https://www.zanbil.ir/browse/cell-phone/%DA%AF%D9%88%D8%B4%DB%8C-%D9%85%D9%88%D8%A8%D8%A7%DB%8C%D9%84" "Mozilla/5.0 (Windows NT 6.1) AppleWebKit/537.36 (KHTML, like Gecko) Chrome/71.0.3578.98 Safari/537.36" "-"
128.65.175.224 - - [22/Jan/2019:14:11:51 +0330] "GET /image/46117/productModel/200x200 HTTP/1.1" 200 5424 "https://www.zanbil.ir/m/browse/gas-heater/%D8%A8%D8%AE%D8%A7%D8%B1%DB%8C-%DA%AF%D8%A7%D8%B2%DB%8C" "Mozilla/5.0 (Linux; Android 6.0.1; MI 4W) AppleWebKit/537.36 (KHTML, like Gecko) Chrome/71.0.3578.99 Mobile Safari/537.36" "-"
46.224.89.237 - - [22/Jan/2019:14:11:51 +0330] "GET /image/65007/productModel/100x100 HTTP/1.1" 200 3021 "https://www.zanbil.ir/browse/cell-phone/%DA%AF%D9%88%D8%B4%DB%8C-%D9%85%D9%88%D8%A8%D8%A7%DB%8C%D9%84" "Mozilla/5.0 (Windows NT 6.1) AppleWebKit/537.36 (KHTML, like Gecko) Chrome/71.0.3578.98 Safari/537.36" "-"
46.224.89.237 - - [22/Jan/2019:14:11:51 +0330] "GET /image/65019/productModel/100x100 HTTP/1.1" 200 2850 "https://www.zanbil.ir/browse/cell-phone/%DA%AF%D9%88%D8%B4%DB%8C-%D9%85%D9%88%D8%A8%D8%A7%DB%8C%D9%84" "Mozilla/5.0 (Windows NT 6.1) AppleWebKit/537.36 (KHTML, like Gecko) Chrome/71.0.3578.98 Safari/537.36" "-"
46.224.89.237 - - [22/Jan/2019:14:11:51 +0330] "GET /image/64709/productModel/100x100 HTTP/1.1" 200 2302 "https://www.zanbil.ir/browse/cell-phone/%DA%AF%D9%88%D8%B4%DB%8C-%D9%85%D9%88%D8%A8%D8%A7%DB%8C%D9%84" "Mozilla/5.0 (Windows NT 6.1) AppleWebKit/537.36 (KHTML, like Gecko) Chrome/71.0.3578.98 Safari/537.36" "-"
46.224.89.237 - - [22/Jan/2019:14:11:51 +0330] "GET /image/64714/productModel/100x100 HTTP/1.1" 200 2088 "https://www.zanbil.ir/browse/cell-phone/%DA%AF%D9%88%D8%B4%DB%8C-%D9%85%D9%88%D8%A8%D8%A7%DB%8C%D9%84" "Mozilla/5.0 (Windows NT 6.1) AppleWebKit/537.36 (KHTML, like Gecko) Chrome/71.0.3578.98 Safari/537.36" "-"
46.224.89.237 - - [22/Jan/2019:14:11:51 +0330] "GET /image/64721/productModel/100x100 HTTP/1.1" 200 2018 "https://www.zanbil.ir/browse/cell-phone/%DA%AF%D9%88%D8%B4%DB%8C-%D9%85%D9%88%D8%A8%D8%A7%DB%8C%D9%84" "Mozilla/5.0 (Windows NT 6.1) AppleWebKit/537.36 (KHTML, like Gecko) Chrome/71.0.3578.98 Safari/537.36" "-"
46.224.89.237 - - [22/Jan/2019:14:11:51 +0330] "GET /image/64746/productModel/100x100 HTTP/1.1" 200 1990 "https://www.zanbil.ir/browse/cell-phone/%DA%AF%D9%88%D8%B4%DB%8C-%D9%85%D9%88%D8%A8%D8%A7%DB%8C%D9%84" "Mozilla/5.0 (Windows NT 6.1) AppleWebKit/537.36 (KHTML, like Gecko) Chrome/71.0.3578.98 Safari/537.36" "-"
46.224.89.237 - - [22/Jan/2019:14:11:51 +0330] "GET /image/64757/productModel/100x100 HTTP/1.1" 200 2402 "https://www.zanbil.ir/browse/cell-phone/%DA%AF%D9%88%D8%B4%DB%8C-%D9%85%D9%88%D8%A8%D8%A7%DB%8C%D9%84" "Mozilla/5.0 (Windows NT 6.1) AppleWebKit/537.36 (KHTML, like Gecko) Chrome/71.0.3578.98 Safari/537.36" "-"
46.224.89.237 - - [22/Jan/2019:14:11:51 +0330] "GET /image/64784/productModel/100x100 HTTP/1.1" 200 2247 "https://www.zanbil.ir/browse/cell-phone/%DA%AF%D9%88%D8%B4%DB%8C-%D9%85%D9%88%D8%A8%D8%A7%DB%8C%D9%84" "Mozilla/5.0 (Windows NT 6.1) AppleWebKit/537.36 (KHTML, like Gecko) Chrome/71.0.3578.98 Safari/537.36" "-"
46.224.89.237 - - [22/Jan/2019:14:11:51 +0330] "GET /image/65269/productModel/100x100 HTTP/1.1" 200 2411 "https://www.zanbil.ir/browse/cell-phone/%DA%AF%D9%88%D8%B4%DB%8C-%D9%85%D9%88%D8%A8%D8%A7%DB%8C%D9%84" "Mozilla/5.0 (Windows NT 6.1) AppleWebKit/537.36 (KHTML, like Gecko) Chrome/71.0.3578.98 Safari/537.36" "-"
46.224.89.237 - - [22/Jan/2019:14:11:51 +0330] "GET /image/65272/productModel/100x100 HTTP/1.1" 200 1911 "https://www.zanbil.ir/browse/cell-phone/%DA%AF%D9%88%D8%B4%DB%8C-%D9%85%D9%88%D8%A8%D8%A7%DB%8C%D9%84" "Mozilla/5.0 (Windows NT 6.1) AppleWebKit/537.36 (KHTML, like Gecko) Chrome/71.0.3578.98 Safari/537.36" "-"
46.224.89.237 - - [22/Jan/2019:14:11:51 +0330] "GET /image/65274/productModel/100x100 HTTP/1.1" 200 2103 "https://www.zanbil.ir/browse/cell-phone/%DA%AF%D9%88%D8%B4%DB%8C-%D9%85%D9%88%D8%A8%D8%A7%DB%8C%D9%84" "Mozilla/5.0 (Windows NT 6.1) AppleWebKit/537.36 (KHTML, like Gecko) Chrome/71.0.3578.98 Safari/537.36" "-"
185.93.183.171 - - [22/Jan/2019:14:11:51 +0330] "GET /image/31514?name=dw-1485b.jpg&wh=300x300 HTTP/1.1" 200 5375 "https://www.google.com/" "Mozilla/5.0 (Linux; Android 7.1.1; SM-J510F Build/NMF26X; wv) AppleWebKit/537.36 (KHTML, like Gecko) Version/4.0 Chrome/67.0.3396.87 Mobile Safari/537.36 GSA/8.13.15.21.arm" "-"
46.224.89.237 - - [22/Jan/2019:14:11:51 +0330] "GET /image/1141/article/100x100 HTTP/1.1" 200 12789 "https://www.zanbil.ir/browse/cell-phone/%DA%AF%D9%88%D8%B4%DB%8C-%D9%85%D9%88%D8%A8%D8%A7%DB%8C%D9%84" "Mozilla/5.0 (Windows NT 6.1) AppleWebKit/537.36 (KHTML, like Gecko) Chrome/71.0.3578.98 Safari/537.36" "-"
128.65.175.224 - - [22/Jan/2019:14:11:51 +0330] "GET /image/61976/productModel/200x200 HTTP/1.1" 200 6196 "https://www.zanbil.ir/m/browse/gas-heater/%D8%A8%D8%AE%D8%A7%D8%B1%DB%8C-%DA%AF%D8%A7%D8%B2%DB%8C" "Mozilla/5.0 (Linux; Android 6.0.1; MI 4W) AppleWebKit/537.36 (KHTML, like Gecko) Chrome/71.0.3578.99 Mobile Safari/537.36" "-"
46.224.89.237 - - [22/Jan/2019:14:11:51 +0330] "GET /static/images/jslider.red.png HTTP/1.1" 200 1777 "https://znbl.ir/static/bundle-bundle_site_head.css" "Mozilla/5.0 (Windows NT 6.1) AppleWebKit/537.36 (KHTML, like Gecko) Chrome/71.0.3578.98 Safari/537.36" "-"
66.249.66.91 - - [22/Jan/2019:14:11:51 +0330] "GET /static/images/guarantees/warranty.png HTTP/1.1" 304 0 "-" "Googlebot-Image/1.0" "-"
46.224.89.237 - - [22/Jan/2019:14:11:51 +0330] "GET /image/1123/article/100x100 HTTP/1.1" 200 10179 "https://www.zanbil.ir/browse/cell-phone/%DA%AF%D9%88%D8%B4%DB%8C-%D9%85%D9%88%D8%A8%D8%A7%DB%8C%D9%84" "Mozilla/5.0 (Windows NT 6.1) AppleWebKit/537.36 (KHTML, like Gecko) Chrome/71.0.3578.98 Safari/537.36" "-"
128.65.175.224 - - [22/Jan/2019:14:11:51 +0330] "GET /image/5557/productModel/200x200 HTTP/1.1" 200 5517 "https://www.zanbil.ir/m/browse/gas-heater/%D8%A8%D8%AE%D8%A7%D8%B1%DB%8C-%DA%AF%D8%A7%D8%B2%DB%8C" "Mozilla/5.0 (Linux; Android 6.0.1; MI 4W) AppleWebKit/537.36 (KHTML, like Gecko) Chrome/71.0.3578.99 Mobile Safari/537.36" "-"
46.224.89.237 - - [22/Jan/2019:14:11:51 +0330] "GET /image/584/article/100x100 HTTP/1.1" 200 10692 "https://www.zanbil.ir/browse/cell-phone/%DA%AF%D9%88%D8%B4%DB%8C-%D9%85%D9%88%D8%A8%D8%A7%DB%8C%D9%84" "Mozilla/5.0 (Windows NT 6.1) AppleWebKit/537.36 (KHTML, like Gecko) Chrome/71.0.3578.98 Safari/537.36" "-"
5.115.116.129 - - [22/Jan/2019:14:11:51 +0330] "GET /browse/walker/%D9%88%D8%A7%DA%A9%D8%B1 HTTP/1.1" 200 30645 "https://www.google.com/" "Mozilla/5.0 (Macintosh; Intel Mac OS X 10.12; rv:64.0) Gecko/20100101 Firefox/64.0" "-"
5.233.138.75 - - [22/Jan/2019:14:11:51 +0330] "GET /image/33751?name=2030-11.jpg&wh=max HTTP/1.1" 200 41901 "https://www.zanbil.ir/product/33751/%DA%86%D8%B1%D8%AE-%D8%AE%DB%8C%D8%A7%D8%B7%DB%8C-%DA%98%D8%A7%D9%86%D9%88%D9%85%D9%87-%D9%85%D8%AF%D9%84-2030" "Mozilla/5.0 (Windows NT 6.1; rv:64.0) Gecko/20100101 Firefox/64.0" "-"
91.99.30.32 - - [22/Jan/2019:14:11:51 +0330] "GET /rapidGrails/jsonList?maxColumns=16&domainClass=eshop.Order&filter=[{op:%27inSession%27,%20field:%27id%27,%20val:%27orderList04bfc5f7823b405aa70dacc9aea70065%27}]&columns=[{%27name%27:%27trackingCode%27,%27width%27:110},{%27name%27:%27ownerName%27,%27width%27:120},{%27name%27:%27productsName%27,%27width%27:320,%27sortable%27:false},{%27name%27:%27ownerMobile%27,%27width%27:110},{%27name%27:%27deliveryMethodName%27,%27width%27:120,%27sortable%27:false},{%27name%27:%27deliveryCityName%27,%27width%27:120,%27sortable%27:false},{%27name%27:%27addressRegionName%27,%27width%27:120,%27sortable%27:false},{%27name%27:%27courier%27,%27width%27:120,%27expression%27:%27obj[\x5C%27courier\x5C%27]?.fullName%27},{%27name%27:%27status%27,%27width%27:110},{%27name%27:%27invoiceType%27,%27width%27:60,%27expression%27:%27g.message(code:%20obj[\x5C%27invoiceTypeCode\x5C%27])%27},{%27name%27:%27itemsDeliveryStatus%27,%27width%27:60},{%27name%27:%27creationType%27,%27width%27:50},{%27name%27:%27creationMedia%27,%27width%27:50},{%27name%27:%27completionMedia%27,%27width%27:50},{%27name%27:%27completionFollower%27,%27width%27:120},{%27name%27:%27lastActionDate%27,%27width%27:100,%27expression%27:%27rg.formatJalaliDate(date:%20%20obj[\x5C%27lastActionDate\x5C%27],%20hm:\x5C%27true\x5C%27%20)%27}]&_search=false&nd=1548153932413&rows=10&page=1&sidx=lastActionDate&sord=desc HTTP/1.1" 200 355 "https://www.zanbil.ir/orderAdministration/console/187471" "Mozilla/5.0 (Windows NT 10.0; Win64; x64; rv:64.0) Gecko/20100101 Firefox/64.0" "-"
5.233.138.75 - - [22/Jan/2019:14:11:51 +0330] "GET /static/images/exists.png HTTP/1.1" 200 2212 "https://www.zanbil.ir/product/33751/%DA%86%D8%B1%D8%AE-%D8%AE%DB%8C%D8%A7%D8%B7%DB%8C-%DA%98%D8%A7%D9%86%D9%88%D9%85%D9%87-%D9%85%D8%AF%D9%84-2030" "Mozilla/5.0 (Windows NT 6.1; rv:64.0) Gecko/20100101 Firefox/64.0" "-"
5.233.138.75 - - [22/Jan/2019:14:11:51 +0330] "GET /image/3857/productModel/100x100 HTTP/1.1" 200 2693 "https://www.zanbil.ir/product/33751/%DA%86%D8%B1%D8%AE-%D8%AE%DB%8C%D8%A7%D8%B7%DB%8C-%DA%98%D8%A7%D9%86%D9%88%D9%85%D9%87-%D9%85%D8%AF%D9%84-2030" "Mozilla/5.0 (Windows NT 6.1; rv:64.0) Gecko/20100101 Firefox/64.0" "-"
5.233.138.75 - - [22/Jan/2019:14:11:52 +0330] "GET /image/1458/productModel/100x100 HTTP/1.1" 200 2064 "https://www.zanbil.ir/product/33751/%DA%86%D8%B1%D8%AE-%D8%AE%DB%8C%D8%A7%D8%B7%DB%8C-%DA%98%D8%A7%D9%86%D9%88%D9%85%D9%87-%D9%85%D8%AF%D9%84-2030" "Mozilla/5.0 (Windows NT 6.1; rv:64.0) Gecko/20100101 Firefox/64.0" "-"
5.115.116.129 - - [22/Jan/2019:14:11:52 +0330] "GET /static/bundle-bundle_site_head.css HTTP/1.1" 200 55531 "https://www.zanbil.ir/browse/walker/%D9%88%D8%A7%DA%A9%D8%B1" "Mozilla/5.0 (Macintosh; Intel Mac OS X 10.12; rv:64.0) Gecko/20100101 Firefox/64.0" "-"
66.249.66.91 - - [22/Jan/2019:14:11:52 +0330] "GET /static/css/font/wyekan/font.woff HTTP/1.1" 200 28536 "-" "Mozilla/5.0 (Linux; Android 6.0.1; Nexus 5X Build/MMB29P) AppleWebKit/537.36 (KHTML, like Gecko) Chrome/41.0.2272.96 Mobile Safari/537.36 (compatible; Googlebot/2.1; +http://www.google.com/bot.html)" "-"
5.233.138.75 - - [22/Jan/2019:14:11:52 +0330] "GET /image/56101/productModel/100x100 HTTP/1.1" 200 1955 "https://www.zanbil.ir/product/33751/%DA%86%D8%B1%D8%AE-%D8%AE%DB%8C%D8%A7%D8%B7%DB%8C-%DA%98%D8%A7%D9%86%D9%88%D9%85%D9%87-%D9%85%D8%AF%D9%84-2030" "Mozilla/5.0 (Windows NT 6.1; rv:64.0) Gecko/20100101 Firefox/64.0" "-"
5.233.138.75 - - [22/Jan/2019:14:11:52 +0330] "GET /image/43709/productModel/100x100 HTTP/1.1" 200 2218 "https://www.zanbil.ir/product/33751/%DA%86%D8%B1%D8%AE-%D8%AE%DB%8C%D8%A7%D8%B7%DB%8C-%DA%98%D8%A7%D9%86%D9%88%D9%85%D9%87-%D9%85%D8%AF%D9%84-2030" "Mozilla/5.0 (Windows NT 6.1; rv:64.0) Gecko/20100101 Firefox/64.0" "-"
5.233.138.75 - - [22/Jan/2019:14:11:52 +0330] "GET /image/43708/productModel/100x100 HTTP/1.1" 200 2096 "https://www.zanbil.ir/product/33751/%DA%86%D8%B1%D8%AE-%D8%AE%DB%8C%D8%A7%D8%B7%DB%8C-%DA%98%D8%A7%D9%86%D9%88%D9%85%D9%87-%D9%85%D8%AF%D9%84-2030" "Mozilla/5.0 (Windows NT 6.1; rv:64.0) Gecko/20100101 Firefox/64.0" "-"
5.115.116.129 - - [22/Jan/2019:14:11:52 +0330] "GET /static/bundle-bundle_site_defer.min.js HTTP/1.1" 200 185207 "https://www.zanbil.ir/browse/walker/%D9%88%D8%A7%DA%A9%D8%B1" "Mozilla/5.0 (Macintosh; Intel Mac OS X 10.12; rv:64.0) Gecko/20100101 Firefox/64.0" "-"
